MPLINK 4.02, Linker
Linker Map File - Created Wed Jun 13 13:57:11 2007

                                 Section Info
                  Section       Type    Address   Location Size(Bytes)
                ---------  ---------  ---------  ---------  ---------
               _entry_scn       code   0x000000    program   0x000006
      InterruptVectorHigh       code   0x000008    program   0x000006
                   .cinit    romdata   0x00002a    program   0x00001a
             .code_user.o       code   0x000044    program   0x00142e
             .code_xbee.o       code   0x001472    program   0x0007e4
        .code_usart_int.o       code   0x001c56    program   0x0003e4
              .code_cdc.o       code   0x00203a    program   0x00037a
             .code_usb9.o       code   0x0023b4    program   0x000308
       .code_usbctrltrf.o       code   0x0026bc    program   0x0002fa
                   STRING       code   0x0029b6    program   0x0001e0
           .code_usbdrv.o       code   0x002b96    program   0x00016e
        .romdata_usbdsc.o    romdata   0x002d04    program   0x0000cd
         .idata_ubaud.o_i    romdata   0x002dd1    program   0x000000
          .romdata_xbee.o    romdata   0x002dd1    program   0x000000
    .romdata_i2c_master.o    romdata   0x002dd1    program   0x000000
     .idata_usart_int.o_i    romdata   0x002dd1    program   0x000000
    .idata_i2c_master.o_i    romdata   0x002dd1    program   0x000000
     .romdata_usart_int.o    romdata   0x002dd1    program   0x000000
     .idata_timerzero.o_i    romdata   0x002dd1    program   0x000000
           .idata_cdc.o_i    romdata   0x002dd1    program   0x000000
         .romdata_ubaud.o    romdata   0x002dd1    program   0x000000
      .idata_i2c_open.o_i    romdata   0x002dd1    program   0x000000
         .idata_uopen.o_i    romdata   0x002dd1    program   0x000000
         .idata_c018i.o_i    romdata   0x002dd1    program   0x000000
         .romdata_c018i.o    romdata   0x002dd1    program   0x000000
          .idata_main.o_i    romdata   0x002dd1    program   0x000000
          .romdata_main.o    romdata   0x002dd1    program   0x000000
       .idata_usbmmap.o_i    romdata   0x002dd1    program   0x000000
       .romdata_usbmmap.o    romdata   0x002dd1    program   0x000000
        .idata_usbdrv.o_i    romdata   0x002dd1    program   0x000000
          .idata_usb9.o_i    romdata   0x002dd1    program   0x000000
    .romdata_usbctrltrf.o    romdata   0x002dd1    program   0x000000
        .idata_usbdsc.o_i    romdata   0x002dd1    program   0x000000
    .idata_usbctrltrf.o_i    romdata   0x002dd1    program   0x000000
            .code_c018i.o       code   0x002dd2    program   0x000000
       .code_i2c_master.o       code   0x002dd2    program   0x0000c8
          .code_usbmmap.o       code   0x002dd2    program   0x000000
           .code_usbdsc.o       code   0x002dd2    program   0x000000
               _cinit_scn       code   0x002e9a    program   0x00009e
             .stringtable    romdata   0x002f38    program   0x000091
         .romdata_uopen.o    romdata   0x002fc9    program   0x000000
      .romdata_i2c_open.o    romdata   0x002fc9    program   0x000000
          .romdata_user.o    romdata   0x002fc9    program   0x000000
     .romdata_timerzero.o    romdata   0x002fc9    program   0x000000
          .idata_xbee.o_i    romdata   0x002fc9    program   0x000001
        .romdata_usbdrv.o    romdata   0x002fc9    program   0x000000
           .romdata_cdc.o    romdata   0x002fc9    program   0x000000
          .romdata_usb9.o    romdata   0x002fc9    program   0x000000
        .code_timerzero.o       code   0x002fca    program   0x000086
            .code_uopen.o       code   0x003050    program   0x00007a
                     PROG       code   0x0030ca    program   0x00005a
         .code_i2c_open.o       code   0x003124    program   0x000036
             .code_main.o       code   0x00315a    program   0x000032
            .code_ubaud.o       code   0x00318c    program   0x000022
             _startup_scn       code   0x0031ae    program   0x000018
          .idata_user.o_i    romdata   0x0031c6    program   0x00000b
                MATH_DATA      udata   0x000000       data   0x000014
                 .tmpdata      udata   0x000014       data   0x00000b
       .udata_usart_int.o      udata   0x000060       data   0x000026
      .udata_i2c_master.o      udata   0x000086       data   0x000025
             .udata_cdc.o      udata   0x0000ab       data   0x00001b
            .idata_user.o      idata   0x0000c6       data   0x00000b
           .udata_c018i.o      udata   0x0000d1       data   0x00000a
      .udata_usbctrltrf.o      udata   0x0000db       data   0x000008
         .udata_usbmmap.o      udata   0x0000e3       data   0x000004
          .udata_usbdrv.o      udata   0x0000e7       data   0x000002
       .udata_timerzero.o      udata   0x0000e9       data   0x000001
            .idata_xbee.o      idata   0x0000ea       data   0x000001
      .idata_i2c_master.o      idata   0x0000eb       data   0x000000
           .idata_c018i.o      idata   0x0000eb       data   0x000000
       .idata_usart_int.o      idata   0x0000eb       data   0x000000
       .idata_timerzero.o      idata   0x0000eb       data   0x000000
        .udata_i2c_open.o      udata   0x0000eb       data   0x000000
        .idata_i2c_open.o      idata   0x0000eb       data   0x000000
           .udata_uopen.o      udata   0x0000eb       data   0x000000
           .idata_uopen.o      idata   0x0000eb       data   0x000000
           .udata_ubaud.o      udata   0x0000eb       data   0x000000
           .idata_ubaud.o      idata   0x0000eb       data   0x000000
            .udata_main.o      udata   0x0000eb       data   0x000000
             .idata_cdc.o      idata   0x0000eb       data   0x000000
            .idata_main.o      idata   0x0000eb       data   0x000000
      .idata_usbctrltrf.o      idata   0x0000eb       data   0x000000
          .idata_usbdsc.o      idata   0x0000eb       data   0x000000
          .udata_usbdsc.o      udata   0x0000eb       data   0x000000
            .idata_usb9.o      idata   0x0000eb       data   0x000000
            .udata_usb9.o      udata   0x0000eb       data   0x000000
          .idata_usbdrv.o      idata   0x0000eb       data   0x000000
         .idata_usbmmap.o      idata   0x0000eb       data   0x000000
            .udata_user.o      udata   0x000100       data   0x0000e1
            .udata_xbee.o      udata   0x0001e1       data   0x00001f
                   .stack      udata   0x000300       data   0x000100
                  usbram4      udata   0x000400       data   0x000030
                 usbram5a      udata   0x000500       data   0x000088
            SFR_UNBANKED0      udata   0x000f66       data   0x00009a



                              Program Memory Usage 
                               Start         End      
                           ---------   ---------      
                            0x000000    0x000005      
                            0x000008    0x00000d      
                            0x00002a    0x002dd0      
                            0x002dd2    0x0031d0      
            12722 out of 33048 program addresses used, program memory utilization is 38%



                              Symbols - Sorted by Name
                     Name    Address   Location    Storage File                     
                ---------  ---------  ---------  --------- ---------                
                CDCInitEP   0x0020fe    program     extern C:\PICs\caracol\Master\system\usb\class\cdc\cdc.c
             CDCTxService   0x0022c4    program     extern C:\PICs\caracol\Master\system\usb\class\cdc\cdc.c
          ClassReqHandler   0x002dcf    program     extern C:\PICs\caracol\Master\autofiles\usbdsc.c
               ClearArray   0x002cda    program     extern C:\PICs\caracol\Master\system\usb\usbdrv\usbdrv.c
                 FXM1616S   0x0030ca    program     extern C:\MCC18\SRC\TRADIT~1\MATH\fxm1616s.asm
                  I2Copen   0x002dd2    program     extern C:\PICs\caracol\Master\I2C\i2c_master.c
                 I2Cstart   0x002e80    program     extern C:\PICs\caracol\Master\I2C\i2c_master.c
         InitializeSystem   0x003166    program     static C:\PICs\caracol\Master\main.c
     InterruptHandlerHigh   0x00116e    program     extern C:\PICs\caracol\Master\user\user.c
      InterruptVectorHigh   0x000008    program     extern C:\PICs\caracol\Master\user\user.c
                  OpenI2C   0x003124    program     extern C:\MCC18\src\TRADIT~1\pmc\i2c\i2c_open.c
                OpenUSART   0x003050    program     extern C:\MCC18\src\TRADIT~1\pmc\USART\uopen.c
                ProcessIO   0x00064e    program     extern C:\PICs\caracol\Master\user\user.c
           ReadDeviceXBEE   0x00051e    program     extern C:\PICs\caracol\Master\user\user.c
               TSIGN1616A   0x003116    program     static C:\MCC18\SRC\TRADIT~1\MATH\fxm1616s.asm
                USARTopen   0x001c56    program     extern C:\PICs\caracol\Master\usart_int.c
     USARTreadNbytesToRAM   0x001fa8    program     extern C:\PICs\caracol\Master\usart_int.c
           USARTreadToRAM   0x001f3a    program     extern C:\PICs\caracol\Master\usart_int.c
        USARTwriteFromRAM   0x001e48    program     extern C:\PICs\caracol\Master\usart_int.c
        USARTwriteFromROM   0x001eba    program     extern C:\PICs\caracol\Master\usart_int.c
  USARTwriteNbytesFromRAM   0x001d36    program     extern C:\PICs\caracol\Master\usart_int.c
  USARTwriteNbytesFromROM   0x001db8    program     extern C:\PICs\caracol\Master\usart_int.c
        USBCheckBusStatus   0x002b96    program     extern C:\PICs\caracol\Master\system\usb\usbdrv\usbdrv.c
       USBCheckCDCRequest   0x00203a    program     extern C:\PICs\caracol\Master\system\usb\class\cdc\cdc.c
       USBCheckStdRequest   0x0023b4    program     extern C:\PICs\caracol\Master\system\usb\usb9\usb9.c
         USBCtrlEPService   0x0026bc    program     extern C:\PICs\caracol\Master\system\usb\usbctrltrf\usbctrltrf.c
 USBCtrlEPServiceComplete   0x00290e    program     extern C:\PICs\caracol\Master\system\usb\usbctrltrf\usbctrltrf.c
      USBCtrlTrfInHandler   0x00277e    program     extern C:\PICs\caracol\Master\system\usb\usbctrltrf\usbctrltrf.c
     USBCtrlTrfOutHandler   0x00275e    program     extern C:\PICs\caracol\Master\system\usb\usbctrltrf\usbctrltrf.c
      USBCtrlTrfRxService   0x002894    program     extern C:\PICs\caracol\Master\system\usb\usbctrltrf\usbctrltrf.c
   USBCtrlTrfSetupHandler   0x0026f2    program     extern C:\PICs\caracol\Master\system\usb\usbctrltrf\usbctrltrf.c
      USBCtrlTrfTxService   0x0027b8    program     extern C:\PICs\caracol\Master\system\usb\usbctrltrf\usbctrltrf.c
         USBDriverService   0x002bd4    program     extern C:\PICs\caracol\Master\system\usb\usbdrv\usbdrv.c
          USBErrorHandler   0x002c92    program     extern C:\PICs\caracol\Master\system\usb\usbdrv\usbdrv.c
         USBModuleDisable   0x002bc6    program     extern C:\PICs\caracol\Master\system\usb\usbdrv\usbdrv.c
          USBModuleEnable   0x002bb8    program     extern C:\PICs\caracol\Master\system\usb\usbdrv\usbdrv.c
USBPrepareForNextSetupTrf   0x00299a    program     extern C:\PICs\caracol\Master\system\usb\usbctrltrf\usbctrltrf.c
  USBProtocolResetHandler   0x002c96    program     extern C:\PICs\caracol\Master\system\usb\usbdrv\usbdrv.c
          USBRemoteWakeup   0x002c5c    program     extern C:\PICs\caracol\Master\system\usb\usbdrv\usbdrv.c
            USBSoftDetach   0x002bd0    program     extern C:\PICs\caracol\Master\system\usb\usbdrv\usbdrv.c
          USBStallHandler   0x002c84    program     extern C:\PICs\caracol\Master\system\usb\usbdrv\usbdrv.c
  USBStdFeatureReqHandler   0x00261a    program     extern C:\PICs\caracol\Master\system\usb\usb9\usb9.c
      USBStdGetDscHandler   0x002476    program     extern C:\PICs\caracol\Master\system\usb\usb9\usb9.c
   USBStdGetStatusHandler   0x00257e    program     extern C:\PICs\caracol\Master\system\usb\usb9\usb9.c
      USBStdSetCfgHandler   0x00252e    program     extern C:\PICs\caracol\Master\system\usb\usb9\usb9.c
               USBSuspend   0x002c44    program     extern C:\PICs\caracol\Master\system\usb\usbdrv\usbdrv.c
                 USBTasks   0x00317c    program     extern C:\PICs\caracol\Master\main.c
       USBWakeFromSuspend   0x002c54    program     extern C:\PICs\caracol\Master\system\usb\usbdrv\usbdrv.c
               USB_CD_Ptr   0x002dc5    program     extern C:\PICs\caracol\Master\autofiles\usbdsc.c
               USB_SD_Ptr   0x002dc9    program     extern C:\PICs\caracol\Master\autofiles\usbdsc.c
          USB_SOF_Handler   0x002c80    program     extern C:\PICs\caracol\Master\system\usb\usbdrv\usbdrv.c
                 UserInit   0x000044    program     extern C:\PICs\caracol\Master\user\user.c
          WriteDeviceXBEE   0x000434    program     extern C:\PICs\caracol\Master\user\user.c
          XBEEaddressDest   0x00187a    program     extern C:\PICs\caracol\Master\xbee.c
          XBEEaddressSelf   0x0016f4    program     extern C:\PICs\caracol\Master\xbee.c
                XBEEdebug   0x001a00    program     extern C:\PICs\caracol\Master\xbee.c
           XBEEendCommand   0x001b2c    program     extern C:\PICs\caracol\Master\xbee.c
               XBEEisIdle   0x001c3c    program     extern C:\PICs\caracol\Master\xbee.c
                 XBEEopen   0x001492    program     extern C:\PICs\caracol\Master\xbee.c
              _2jContinue   0x002a72    program     static C:\MCC18\SRC\TRADIT~1\STDCLIB\memset.asm
              _3jContinue   0x002a3e    program     static C:\MCC18\SRC\TRADIT~1\STDCLIB\mcpyp2r.asm
                   _3jEnd   0x002a7c    program     static C:\MCC18\SRC\TRADIT~1\STDCLIB\memset.asm
              _4jContinue   0x0029ea    program     static C:\MCC18\SRC\TRADIT~1\STDCLIB\memcpy.asm
                   _4jEnd   0x002a48    program     static C:\MCC18\SRC\TRADIT~1\STDCLIB\mcpyp2r.asm
                   _5jEnd   0x0029f4    program     static C:\MCC18\SRC\TRADIT~1\STDCLIB\memcpy.asm
       ___return_lbl00000   0x000004    program     static                          
       ___return_lbl00001   0x0031c4    program     static                          
       ___return_lbl00002   0x002f36    program     static                          
       ___return_lbl00026   0x002c52    program     static                          
       ___return_lbl00040   0x002cfc    program     static                          
       ___return_lbl00225   0x00000c    program     static                          
        ___while_lbl00041   0x002cee    program     static                          
        ___while_lbl00042   0x002cfc    program     static                          
               __string_0   0x002fc5    program     static C:\PICs\caracol\Master\xbee.c
               __string_0   0x002f7e    program     static C:\PICs\caracol\Master\user\user.c
               __string_1   0x002fba    program     static C:\PICs\caracol\Master\xbee.c
               __string_1   0x002f78    program     static C:\PICs\caracol\Master\user\user.c
               __string_2   0x002f75    program     static C:\PICs\caracol\Master\user\user.c
               __string_2   0x002faf    program     static C:\PICs\caracol\Master\xbee.c
               __string_3   0x002fa4    program     static C:\PICs\caracol\Master\xbee.c
               __string_3   0x002f66    program     static C:\PICs\caracol\Master\user\user.c
               __string_4   0x002f99    program     static C:\PICs\caracol\Master\xbee.c
               __string_4   0x002f57    program     static C:\PICs\caracol\Master\user\user.c
               __string_5   0x002f8e    program     static C:\PICs\caracol\Master\xbee.c
               __string_5   0x002f47    program     static C:\PICs\caracol\Master\user\user.c
               __string_6   0x002f38    program     static C:\PICs\caracol\Master\user\user.c
               __string_6   0x002f87    program     static C:\PICs\caracol\Master\xbee.c
               __string_7   0x002f81    program     static C:\PICs\caracol\Master\xbee.c
                _do_cinit   0x002e9a    program     extern C:\MCC18\src\traditional\startup\c018i.c
                   _entry   0x000000    program     extern C:\MCC18\src\traditional\startup\c018i.c
                 _startup   0x0031ae    program     extern C:\MCC18\src\traditional\startup\c018i.c
                baudUSART   0x00318c    program     extern C:\MCC18\src\TRADIT~1\pmc\USART\ubaud.c
                    cfg01   0x002d16    program     extern C:\PICs\caracol\Master\autofiles\usbdsc.c
                copy_loop   0x002f0c    program     static                          
            copy_one_byte   0x002f12    program     static                          
              debug_valor   0x0001a8    program     extern C:\PICs\caracol\Master\user\user.c
            debug_valores   0x0002ce    program     extern C:\PICs\caracol\Master\user\user.c
               device_dsc   0x002d04    program     extern C:\PICs\caracol\Master\autofiles\usbdsc.c
                     done   0x002f36    program     static                          
             done_copying   0x002f20    program     static                          
             espera_x10ms   0x002fca    program     extern C:\PICs\caracol\Master\timerzero.c
             getsUSBUSART   0x00214e    program     extern C:\PICs\caracol\Master\system\usb\class\cdc\cdc.c
                     isOK   0x001472    program     extern C:\PICs\caracol\Master\xbee.c
                     jEnd   0x0029fa    program     static C:\MCC18\SRC\TRADIT~1\STDCLIB\memcpy.asm
                     jEnd   0x002a50    program     static C:\MCC18\SRC\TRADIT~1\STDCLIB\mcpyp2r.asm
                     jEnd   0x002a84    program     static C:\MCC18\SRC\TRADIT~1\STDCLIB\memset.asm
                     jEnd   0x002b04    program     static C:\MCC18\SRC\TRADIT~1\STDCLIB\scatp2r.asm
                     jEnd   0x002b78    program     static C:\MCC18\SRC\TRADIT~1\STDCLIB\scpyp2r.asm
                     jEnd   0x002b94    program     static C:\MCC18\SRC\TRADIT~1\STDCLIB\strlen.asm
                    jLoop   0x002b2e    program     static C:\MCC18\SRC\TRADIT~1\STDCLIB\strcpy.asm
                    jLoop   0x002afa    program     static C:\MCC18\SRC\TRADIT~1\STDCLIB\scatp2r.asm
                    jLoop   0x002b6e    program     static C:\MCC18\SRC\TRADIT~1\STDCLIB\scpyp2r.asm
                    jLoop   0x002ab4    program     static C:\MCC18\SRC\TRADIT~1\STDCLIB\strcat.asm
                    jLoop   0x002b8a    program     static C:\MCC18\SRC\TRADIT~1\STDCLIB\strlen.asm
                    jLoop   0x002a66    program     static C:\MCC18\SRC\TRADIT~1\STDCLIB\memset.asm
                    jLoop   0x002a32    program     static C:\MCC18\SRC\TRADIT~1\STDCLIB\mcpyp2r.asm
                    jLoop   0x0029de    program     static C:\MCC18\SRC\TRADIT~1\STDCLIB\memcpy.asm
                jNullLoop   0x002aae    program     static C:\MCC18\SRC\TRADIT~1\STDCLIB\strcat.asm
                jNullLoop   0x002af4    program     static C:\MCC18\SRC\TRADIT~1\STDCLIB\scatp2r.asm
                     loop   0x0031be    program     static                          
                     main   0x00315a    program     extern C:\PICs\caracol\Master\main.c
                   memcpy   0x0029b6    program     extern C:\MCC18\SRC\TRADIT~1\STDCLIB\memcpy.asm
            memcpypgm2ram   0x002a0c    program     extern C:\MCC18\SRC\TRADIT~1\STDCLIB\mcpyp2r.asm
                   memset   0x002a52    program     extern C:\MCC18\SRC\TRADIT~1\STDCLIB\memset.asm
            putrsUSBUSART   0x002248    program     extern C:\PICs\caracol\Master\system\usb\class\cdc\cdc.c
             putsUSBUSART   0x0021ce    program     extern C:\PICs\caracol\Master\system\usb\class\cdc\cdc.c
             reset_screen   0x000192    program     extern C:\PICs\caracol\Master\user\user.c
                    sd000   0x002d59    program     extern C:\PICs\caracol\Master\autofiles\usbdsc.c
                    sd001   0x002d5d    program     extern C:\PICs\caracol\Master\autofiles\usbdsc.c
                    sd002   0x002d91    program     extern C:\PICs\caracol\Master\autofiles\usbdsc.c
               setI2Cread   0x002e5a    program     extern C:\PICs\caracol\Master\I2C\i2c_master.c
              setI2Cwrite   0x002e34    program     extern C:\PICs\caracol\Master\I2C\i2c_master.c
                   strcat   0x002a86    program     extern C:\MCC18\SRC\TRADIT~1\STDCLIB\strcat.asm
            strcatpgm2ram   0x002ace    program     extern C:\MCC18\SRC\TRADIT~1\STDCLIB\scatp2r.asm
                   strcpy   0x002b06    program     extern C:\MCC18\SRC\TRADIT~1\STDCLIB\strcpy.asm
            strcpypgm2ram   0x002b48    program     extern C:\MCC18\SRC\TRADIT~1\STDCLIB\scpyp2r.asm
                   strlen   0x002b7a    program     extern C:\MCC18\SRC\TRADIT~1\STDCLIB\strlen.asm
                     test   0x002eb4    program     static                          
                   ADCON0   0x000fc2       data     extern C:\MCC18\SRC\TRADIT~1\PROC\p18f2550.asm
               ADCON0bits   0x000fc2       data     extern C:\MCC18\SRC\TRADIT~1\PROC\p18f2550.asm
                   ADCON1   0x000fc1       data     extern C:\MCC18\SRC\TRADIT~1\PROC\p18f2550.asm
               ADCON1bits   0x000fc1       data     extern C:\MCC18\SRC\TRADIT~1\PROC\p18f2550.asm
                   ADCON2   0x000fc0       data     extern C:\MCC18\SRC\TRADIT~1\PROC\p18f2550.asm
               ADCON2bits   0x000fc0       data     extern C:\MCC18\SRC\TRADIT~1\PROC\p18f2550.asm
                    ADRES   0x000fc3       data     extern C:\MCC18\SRC\TRADIT~1\PROC\p18f2550.asm
                   ADRESH   0x000fc4       data     extern C:\MCC18\SRC\TRADIT~1\PROC\p18f2550.asm
                   ADRESL   0x000fc3       data     extern C:\MCC18\SRC\TRADIT~1\PROC\p18f2550.asm
                  BAUDCON   0x000fb8       data     extern C:\MCC18\SRC\TRADIT~1\PROC\p18f2550.asm
              BAUDCONbits   0x000fb8       data     extern C:\MCC18\SRC\TRADIT~1\PROC\p18f2550.asm
                      BSR   0x000fe0       data     extern C:\MCC18\SRC\TRADIT~1\PROC\p18f2550.asm
                   CCP1AS   0x000fb6       data     extern C:\MCC18\SRC\TRADIT~1\PROC\p18f2550.asm
               CCP1ASbits   0x000fb6       data     extern C:\MCC18\SRC\TRADIT~1\PROC\p18f2550.asm
                  CCP1CON   0x000fbd       data     extern C:\MCC18\SRC\TRADIT~1\PROC\p18f2550.asm
              CCP1CONbits   0x000fbd       data     extern C:\MCC18\SRC\TRADIT~1\PROC\p18f2550.asm
                  CCP1DEL   0x000fb7       data     extern C:\MCC18\SRC\TRADIT~1\PROC\p18f2550.asm
              CCP1DELbits   0x000fb7       data     extern C:\MCC18\SRC\TRADIT~1\PROC\p18f2550.asm
                  CCP2CON   0x000fba       data     extern C:\MCC18\SRC\TRADIT~1\PROC\p18f2550.asm
              CCP2CONbits   0x000fba       data     extern C:\MCC18\SRC\TRADIT~1\PROC\p18f2550.asm
                    CCPR1   0x000fbe       data     extern C:\MCC18\SRC\TRADIT~1\PROC\p18f2550.asm
                   CCPR1H   0x000fbf       data     extern C:\MCC18\SRC\TRADIT~1\PROC\p18f2550.asm
                   CCPR1L   0x000fbe       data     extern C:\MCC18\SRC\TRADIT~1\PROC\p18f2550.asm
                    CCPR2   0x000fbb       data     extern C:\MCC18\SRC\TRADIT~1\PROC\p18f2550.asm
                   CCPR2H   0x000fbc       data     extern C:\MCC18\SRC\TRADIT~1\PROC\p18f2550.asm
                   CCPR2L   0x000fbb       data     extern C:\MCC18\SRC\TRADIT~1\PROC\p18f2550.asm
                    CMCON   0x000fb4       data     extern C:\MCC18\SRC\TRADIT~1\PROC\p18f2550.asm
                CMCONbits   0x000fb4       data     extern C:\MCC18\SRC\TRADIT~1\PROC\p18f2550.asm
                   CVRCON   0x000fb5       data     extern C:\MCC18\SRC\TRADIT~1\PROC\p18f2550.asm
               CVRCONbits   0x000fb5       data     extern C:\MCC18\SRC\TRADIT~1\PROC\p18f2550.asm
              CtrlTrfData   0x000428       data     extern C:\PICs\caracol\Master\system\usb\usbmmap.c
                     DDRA   0x000f92       data     extern C:\MCC18\SRC\TRADIT~1\PROC\p18f2550.asm
                 DDRAbits   0x000f92       data     extern C:\MCC18\SRC\TRADIT~1\PROC\p18f2550.asm
                     DDRB   0x000f93       data     extern C:\MCC18\SRC\TRADIT~1\PROC\p18f2550.asm
                 DDRBbits   0x000f93       data     extern C:\MCC18\SRC\TRADIT~1\PROC\p18f2550.asm
                     DDRC   0x000f94       data     extern C:\MCC18\SRC\TRADIT~1\PROC\p18f2550.asm
                 DDRCbits   0x000f94       data     extern C:\MCC18\SRC\TRADIT~1\PROC\p18f2550.asm
                  ECCP1AS   0x000fb6       data     extern C:\MCC18\SRC\TRADIT~1\PROC\p18f2550.asm
              ECCP1ASbits   0x000fb6       data     extern C:\MCC18\SRC\TRADIT~1\PROC\p18f2550.asm
                 ECCP1DEL   0x000fb7       data     extern C:\MCC18\SRC\TRADIT~1\PROC\p18f2550.asm
             ECCP1DELbits   0x000fb7       data     extern C:\MCC18\SRC\TRADIT~1\PROC\p18f2550.asm
                    EEADR   0x000fa9       data     extern C:\MCC18\SRC\TRADIT~1\PROC\p18f2550.asm
                   EECON1   0x000fa6       data     extern C:\MCC18\SRC\TRADIT~1\PROC\p18f2550.asm
               EECON1bits   0x000fa6       data     extern C:\MCC18\SRC\TRADIT~1\PROC\p18f2550.asm
                   EECON2   0x000fa7       data     extern C:\MCC18\SRC\TRADIT~1\PROC\p18f2550.asm
                   EEDATA   0x000fa8       data     extern C:\MCC18\SRC\TRADIT~1\PROC\p18f2550.asm
                     FSR0   0x000fe9       data     extern C:\MCC18\SRC\TRADIT~1\PROC\p18f2550.asm
                    FSR0H   0x000fea       data     extern C:\MCC18\SRC\TRADIT~1\PROC\p18f2550.asm
                    FSR0L   0x000fe9       data     extern C:\MCC18\SRC\TRADIT~1\PROC\p18f2550.asm
                     FSR1   0x000fe1       data     extern C:\MCC18\SRC\TRADIT~1\PROC\p18f2550.asm
                    FSR1H   0x000fe2       data     extern C:\MCC18\SRC\TRADIT~1\PROC\p18f2550.asm
                    FSR1L   0x000fe1       data     extern C:\MCC18\SRC\TRADIT~1\PROC\p18f2550.asm
                     FSR2   0x000fd9       data     extern C:\MCC18\SRC\TRADIT~1\PROC\p18f2550.asm
                    FSR2H   0x000fda       data     extern C:\MCC18\SRC\TRADIT~1\PROC\p18f2550.asm
                    FSR2L   0x000fd9       data     extern C:\MCC18\SRC\TRADIT~1\PROC\p18f2550.asm
                  HLVDCON   0x000fd2       data     extern C:\MCC18\SRC\TRADIT~1\PROC\p18f2550.asm
              HLVDCONbits   0x000fd2       data     extern C:\MCC18\SRC\TRADIT~1\PROC\p18f2550.asm
                    INDF0   0x000fef       data     extern C:\MCC18\SRC\TRADIT~1\PROC\p18f2550.asm
                    INDF1   0x000fe7       data     extern C:\MCC18\SRC\TRADIT~1\PROC\p18f2550.asm
                    INDF2   0x000fdf       data     extern C:\MCC18\SRC\TRADIT~1\PROC\p18f2550.asm
                   INTCON   0x000ff2       data     extern C:\MCC18\SRC\TRADIT~1\PROC\p18f2550.asm
                  INTCON2   0x000ff1       data     extern C:\MCC18\SRC\TRADIT~1\PROC\p18f2550.asm
              INTCON2bits   0x000ff1       data     extern C:\MCC18\SRC\TRADIT~1\PROC\p18f2550.asm
                  INTCON3   0x000ff0       data     extern C:\MCC18\SRC\TRADIT~1\PROC\p18f2550.asm
              INTCON3bits   0x000ff0       data     extern C:\MCC18\SRC\TRADIT~1\PROC\p18f2550.asm
               INTCONbits   0x000ff2       data     extern C:\MCC18\SRC\TRADIT~1\PROC\p18f2550.asm
                     IPR1   0x000f9f       data     extern C:\MCC18\SRC\TRADIT~1\PROC\p18f2550.asm
                 IPR1bits   0x000f9f       data     extern C:\MCC18\SRC\TRADIT~1\PROC\p18f2550.asm
                     IPR2   0x000fa2       data     extern C:\MCC18\SRC\TRADIT~1\PROC\p18f2550.asm
                 IPR2bits   0x000fa2       data     extern C:\MCC18\SRC\TRADIT~1\PROC\p18f2550.asm
                     LATA   0x000f89       data     extern C:\MCC18\SRC\TRADIT~1\PROC\p18f2550.asm
                 LATAbits   0x000f89       data     extern C:\MCC18\SRC\TRADIT~1\PROC\p18f2550.asm
                     LATB   0x000f8a       data     extern C:\MCC18\SRC\TRADIT~1\PROC\p18f2550.asm
                 LATBbits   0x000f8a       data     extern C:\MCC18\SRC\TRADIT~1\PROC\p18f2550.asm
                     LATC   0x000f8b       data     extern C:\MCC18\SRC\TRADIT~1\PROC\p18f2550.asm
                 LATCbits   0x000f8b       data     extern C:\MCC18\SRC\TRADIT~1\PROC\p18f2550.asm
                   LVDCON   0x000fd2       data     extern C:\MCC18\SRC\TRADIT~1\PROC\p18f2550.asm
               LVDCONbits   0x000fd2       data     extern C:\MCC18\SRC\TRADIT~1\PROC\p18f2550.asm
                   OSCCON   0x000fd3       data     extern C:\MCC18\SRC\TRADIT~1\PROC\p18f2550.asm
               OSCCONbits   0x000fd3       data     extern C:\MCC18\SRC\TRADIT~1\PROC\p18f2550.asm
                  OSCTUNE   0x000f9b       data     extern C:\MCC18\SRC\TRADIT~1\PROC\p18f2550.asm
              OSCTUNEbits   0x000f9b       data     extern C:\MCC18\SRC\TRADIT~1\PROC\p18f2550.asm
                       PC   0x000ff9       data     extern C:\MCC18\SRC\TRADIT~1\PROC\p18f2550.asm
                      PCL   0x000ff9       data     extern C:\MCC18\SRC\TRADIT~1\PROC\p18f2550.asm
                   PCLATH   0x000ffa       data     extern C:\MCC18\SRC\TRADIT~1\PROC\p18f2550.asm
                   PCLATU   0x000ffb       data     extern C:\MCC18\SRC\TRADIT~1\PROC\p18f2550.asm
                     PIE1   0x000f9d       data     extern C:\MCC18\SRC\TRADIT~1\PROC\p18f2550.asm
                 PIE1bits   0x000f9d       data     extern C:\MCC18\SRC\TRADIT~1\PROC\p18f2550.asm
                     PIE2   0x000fa0       data     extern C:\MCC18\SRC\TRADIT~1\PROC\p18f2550.asm
                 PIE2bits   0x000fa0       data     extern C:\MCC18\SRC\TRADIT~1\PROC\p18f2550.asm
                     PIR1   0x000f9e       data     extern C:\MCC18\SRC\TRADIT~1\PROC\p18f2550.asm
                 PIR1bits   0x000f9e       data     extern C:\MCC18\SRC\TRADIT~1\PROC\p18f2550.asm
                     PIR2   0x000fa1       data     extern C:\MCC18\SRC\TRADIT~1\PROC\p18f2550.asm
                 PIR2bits   0x000fa1       data     extern C:\MCC18\SRC\TRADIT~1\PROC\p18f2550.asm
                   PLUSW0   0x000feb       data     extern C:\MCC18\SRC\TRADIT~1\PROC\p18f2550.asm
                   PLUSW1   0x000fe3       data     extern C:\MCC18\SRC\TRADIT~1\PROC\p18f2550.asm
                   PLUSW2   0x000fdb       data     extern C:\MCC18\SRC\TRADIT~1\PROC\p18f2550.asm
                    PORTA   0x000f80       data     extern C:\MCC18\SRC\TRADIT~1\PROC\p18f2550.asm
                PORTAbits   0x000f80       data     extern C:\MCC18\SRC\TRADIT~1\PROC\p18f2550.asm
                    PORTB   0x000f81       data     extern C:\MCC18\SRC\TRADIT~1\PROC\p18f2550.asm
                PORTBbits   0x000f81       data     extern C:\MCC18\SRC\TRADIT~1\PROC\p18f2550.asm
                    PORTC   0x000f82       data     extern C:\MCC18\SRC\TRADIT~1\PROC\p18f2550.asm
                PORTCbits   0x000f82       data     extern C:\MCC18\SRC\TRADIT~1\PROC\p18f2550.asm
                    PORTE   0x000f84       data     extern C:\MCC18\SRC\TRADIT~1\PROC\p18f2550.asm
                PORTEbits   0x000f84       data     extern C:\MCC18\SRC\TRADIT~1\PROC\p18f2550.asm
                 POSTDEC0   0x000fed       data     extern C:\MCC18\SRC\TRADIT~1\PROC\p18f2550.asm
                 POSTDEC1   0x000fe5       data     extern C:\MCC18\SRC\TRADIT~1\PROC\p18f2550.asm
                 POSTDEC2   0x000fdd       data     extern C:\MCC18\SRC\TRADIT~1\PROC\p18f2550.asm
                 POSTINC0   0x000fee       data     extern C:\MCC18\SRC\TRADIT~1\PROC\p18f2550.asm
                 POSTINC1   0x000fe6       data     extern C:\MCC18\SRC\TRADIT~1\PROC\p18f2550.asm
                 POSTINC2   0x000fde       data     extern C:\MCC18\SRC\TRADIT~1\PROC\p18f2550.asm
                      PR2   0x000fcb       data     extern C:\MCC18\SRC\TRADIT~1\PROC\p18f2550.asm
                  PREINC0   0x000fec       data     extern C:\MCC18\SRC\TRADIT~1\PROC\p18f2550.asm
                  PREINC1   0x000fe4       data     extern C:\MCC18\SRC\TRADIT~1\PROC\p18f2550.asm
                  PREINC2   0x000fdc       data     extern C:\MCC18\SRC\TRADIT~1\PROC\p18f2550.asm
                     PROD   0x000ff3       data     extern C:\MCC18\SRC\TRADIT~1\PROC\p18f2550.asm
                    PRODH   0x000ff4       data     extern C:\MCC18\SRC\TRADIT~1\PROC\p18f2550.asm
                    PRODL   0x000ff3       data     extern C:\MCC18\SRC\TRADIT~1\PROC\p18f2550.asm
                     RCON   0x000fd0       data     extern C:\MCC18\SRC\TRADIT~1\PROC\p18f2550.asm
                 RCONbits   0x000fd0       data     extern C:\MCC18\SRC\TRADIT~1\PROC\p18f2550.asm
                    RCREG   0x000fae       data     extern C:\MCC18\SRC\TRADIT~1\PROC\p18f2550.asm
                    RCSTA   0x000fab       data     extern C:\MCC18\SRC\TRADIT~1\PROC\p18f2550.asm
                RCSTAbits   0x000fab       data     extern C:\MCC18\SRC\TRADIT~1\PROC\p18f2550.asm
                     SIGN   0x000000       data     extern C:\MCC18\SRC\TRADIT~1\MATH\cmath18.asm
                    SPBRG   0x000faf       data     extern C:\MCC18\SRC\TRADIT~1\PROC\p18f2550.asm
                   SPBRGH   0x000fb0       data     extern C:\MCC18\SRC\TRADIT~1\PROC\p18f2550.asm
                   SSPADD   0x000fc8       data     extern C:\MCC18\SRC\TRADIT~1\PROC\p18f2550.asm
                   SSPBUF   0x000fc9       data     extern C:\MCC18\SRC\TRADIT~1\PROC\p18f2550.asm
                  SSPCON1   0x000fc6       data     extern C:\MCC18\SRC\TRADIT~1\PROC\p18f2550.asm
              SSPCON1bits   0x000fc6       data     extern C:\MCC18\SRC\TRADIT~1\PROC\p18f2550.asm
                  SSPCON2   0x000fc5       data     extern C:\MCC18\SRC\TRADIT~1\PROC\p18f2550.asm
              SSPCON2bits   0x000fc5       data     extern C:\MCC18\SRC\TRADIT~1\PROC\p18f2550.asm
                  SSPSTAT   0x000fc7       data     extern C:\MCC18\SRC\TRADIT~1\PROC\p18f2550.asm
              SSPSTATbits   0x000fc7       data     extern C:\MCC18\SRC\TRADIT~1\PROC\p18f2550.asm
                   STATUS   0x000fd8       data     extern C:\MCC18\SRC\TRADIT~1\PROC\p18f2550.asm
               STATUSbits   0x000fd8       data     extern C:\MCC18\SRC\TRADIT~1\PROC\p18f2550.asm
                   STKPTR   0x000ffc       data     extern C:\MCC18\SRC\TRADIT~1\PROC\p18f2550.asm
               STKPTRbits   0x000ffc       data     extern C:\MCC18\SRC\TRADIT~1\PROC\p18f2550.asm
                 SetupPkt   0x000420       data     extern C:\PICs\caracol\Master\system\usb\usbmmap.c
                    T0CON   0x000fd5       data     extern C:\MCC18\SRC\TRADIT~1\PROC\p18f2550.asm
                T0CONbits   0x000fd5       data     extern C:\MCC18\SRC\TRADIT~1\PROC\p18f2550.asm
                    T1CON   0x000fcd       data     extern C:\MCC18\SRC\TRADIT~1\PROC\p18f2550.asm
                T1CONbits   0x000fcd       data     extern C:\MCC18\SRC\TRADIT~1\PROC\p18f2550.asm
                    T2CON   0x000fca       data     extern C:\MCC18\SRC\TRADIT~1\PROC\p18f2550.asm
                T2CONbits   0x000fca       data     extern C:\MCC18\SRC\TRADIT~1\PROC\p18f2550.asm
                    T3CON   0x000fb1       data     extern C:\MCC18\SRC\TRADIT~1\PROC\p18f2550.asm
                T3CONbits   0x000fb1       data     extern C:\MCC18\SRC\TRADIT~1\PROC\p18f2550.asm
                   TABLAT   0x000ff5       data     extern C:\MCC18\SRC\TRADIT~1\PROC\p18f2550.asm
                   TBLPTR   0x000ff6       data     extern C:\MCC18\SRC\TRADIT~1\PROC\p18f2550.asm
                  TBLPTRH   0x000ff7       data     extern C:\MCC18\SRC\TRADIT~1\PROC\p18f2550.asm
                  TBLPTRL   0x000ff6       data     extern C:\MCC18\SRC\TRADIT~1\PROC\p18f2550.asm
                  TBLPTRU   0x000ff8       data     extern C:\MCC18\SRC\TRADIT~1\PROC\p18f2550.asm
                    TMR0H   0x000fd7       data     extern C:\MCC18\SRC\TRADIT~1\PROC\p18f2550.asm
                    TMR0L   0x000fd6       data     extern C:\MCC18\SRC\TRADIT~1\PROC\p18f2550.asm
                  TMR0fim   0x0000e9       data     extern C:\PICs\caracol\Master\timerzero.c
                    TMR1H   0x000fcf       data     extern C:\MCC18\SRC\TRADIT~1\PROC\p18f2550.asm
                    TMR1L   0x000fce       data     extern C:\MCC18\SRC\TRADIT~1\PROC\p18f2550.asm
                     TMR2   0x000fcc       data     extern C:\MCC18\SRC\TRADIT~1\PROC\p18f2550.asm
                    TMR3H   0x000fb3       data     extern C:\MCC18\SRC\TRADIT~1\PROC\p18f2550.asm
                    TMR3L   0x000fb2       data     extern C:\MCC18\SRC\TRADIT~1\PROC\p18f2550.asm
                      TOS   0x000ffd       data     extern C:\MCC18\SRC\TRADIT~1\PROC\p18f2550.asm
                     TOSH   0x000ffe       data     extern C:\MCC18\SRC\TRADIT~1\PROC\p18f2550.asm
                     TOSL   0x000ffd       data     extern C:\MCC18\SRC\TRADIT~1\PROC\p18f2550.asm
                     TOSU   0x000fff       data     extern C:\MCC18\SRC\TRADIT~1\PROC\p18f2550.asm
                    TRISA   0x000f92       data     extern C:\MCC18\SRC\TRADIT~1\PROC\p18f2550.asm
                TRISAbits   0x000f92       data     extern C:\MCC18\SRC\TRADIT~1\PROC\p18f2550.asm
                    TRISB   0x000f93       data     extern C:\MCC18\SRC\TRADIT~1\PROC\p18f2550.asm
                TRISBbits   0x000f93       data     extern C:\MCC18\SRC\TRADIT~1\PROC\p18f2550.asm
                    TRISC   0x000f94       data     extern C:\MCC18\SRC\TRADIT~1\PROC\p18f2550.asm
                TRISCbits   0x000f94       data     extern C:\MCC18\SRC\TRADIT~1\PROC\p18f2550.asm
                    TXREG   0x000fad       data     extern C:\MCC18\SRC\TRADIT~1\PROC\p18f2550.asm
                    TXSTA   0x000fac       data     extern C:\MCC18\SRC\TRADIT~1\PROC\p18f2550.asm
                TXSTAbits   0x000fac       data     extern C:\MCC18\SRC\TRADIT~1\PROC\p18f2550.asm
                    UADDR   0x000f6e       data     extern C:\MCC18\SRC\TRADIT~1\PROC\p18f2550.asm
                UADDRbits   0x000f6e       data     extern C:\MCC18\SRC\TRADIT~1\PROC\p18f2550.asm
                     UCFG   0x000f6f       data     extern C:\MCC18\SRC\TRADIT~1\PROC\p18f2550.asm
                 UCFGbits   0x000f6f       data     extern C:\MCC18\SRC\TRADIT~1\PROC\p18f2550.asm
                     UCON   0x000f6d       data     extern C:\MCC18\SRC\TRADIT~1\PROC\p18f2550.asm
                 UCONbits   0x000f6d       data     extern C:\MCC18\SRC\TRADIT~1\PROC\p18f2550.asm
                     UEIE   0x000f6b       data     extern C:\MCC18\SRC\TRADIT~1\PROC\p18f2550.asm
                 UEIEbits   0x000f6b       data     extern C:\MCC18\SRC\TRADIT~1\PROC\p18f2550.asm
                     UEIR   0x000f6a       data     extern C:\MCC18\SRC\TRADIT~1\PROC\p18f2550.asm
                 UEIRbits   0x000f6a       data     extern C:\MCC18\SRC\TRADIT~1\PROC\p18f2550.asm
                     UEP0   0x000f70       data     extern C:\MCC18\SRC\TRADIT~1\PROC\p18f2550.asm
                 UEP0bits   0x000f70       data     extern C:\MCC18\SRC\TRADIT~1\PROC\p18f2550.asm
                     UEP1   0x000f71       data     extern C:\MCC18\SRC\TRADIT~1\PROC\p18f2550.asm
                    UEP10   0x000f7a       data     extern C:\MCC18\SRC\TRADIT~1\PROC\p18f2550.asm
                UEP10bits   0x000f7a       data     extern C:\MCC18\SRC\TRADIT~1\PROC\p18f2550.asm
                    UEP11   0x000f7b       data     extern C:\MCC18\SRC\TRADIT~1\PROC\p18f2550.asm
                UEP11bits   0x000f7b       data     extern C:\MCC18\SRC\TRADIT~1\PROC\p18f2550.asm
                    UEP12   0x000f7c       data     extern C:\MCC18\SRC\TRADIT~1\PROC\p18f2550.asm
                UEP12bits   0x000f7c       data     extern C:\MCC18\SRC\TRADIT~1\PROC\p18f2550.asm
                    UEP13   0x000f7d       data     extern C:\MCC18\SRC\TRADIT~1\PROC\p18f2550.asm
                UEP13bits   0x000f7d       data     extern C:\MCC18\SRC\TRADIT~1\PROC\p18f2550.asm
                    UEP14   0x000f7e       data     extern C:\MCC18\SRC\TRADIT~1\PROC\p18f2550.asm
                UEP14bits   0x000f7e       data     extern C:\MCC18\SRC\TRADIT~1\PROC\p18f2550.asm
                    UEP15   0x000f7f       data     extern C:\MCC18\SRC\TRADIT~1\PROC\p18f2550.asm
                UEP15bits   0x000f7f       data     extern C:\MCC18\SRC\TRADIT~1\PROC\p18f2550.asm
                 UEP1bits   0x000f71       data     extern C:\MCC18\SRC\TRADIT~1\PROC\p18f2550.asm
                     UEP2   0x000f72       data     extern C:\MCC18\SRC\TRADIT~1\PROC\p18f2550.asm
                 UEP2bits   0x000f72       data     extern C:\MCC18\SRC\TRADIT~1\PROC\p18f2550.asm
                     UEP3   0x000f73       data     extern C:\MCC18\SRC\TRADIT~1\PROC\p18f2550.asm
                 UEP3bits   0x000f73       data     extern C:\MCC18\SRC\TRADIT~1\PROC\p18f2550.asm
                     UEP4   0x000f74       data     extern C:\MCC18\SRC\TRADIT~1\PROC\p18f2550.asm
                 UEP4bits   0x000f74       data     extern C:\MCC18\SRC\TRADIT~1\PROC\p18f2550.asm
                     UEP5   0x000f75       data     extern C:\MCC18\SRC\TRADIT~1\PROC\p18f2550.asm
                 UEP5bits   0x000f75       data     extern C:\MCC18\SRC\TRADIT~1\PROC\p18f2550.asm
                     UEP6   0x000f76       data     extern C:\MCC18\SRC\TRADIT~1\PROC\p18f2550.asm
                 UEP6bits   0x000f76       data     extern C:\MCC18\SRC\TRADIT~1\PROC\p18f2550.asm
                     UEP7   0x000f77       data     extern C:\MCC18\SRC\TRADIT~1\PROC\p18f2550.asm
                 UEP7bits   0x000f77       data     extern C:\MCC18\SRC\TRADIT~1\PROC\p18f2550.asm
                     UEP8   0x000f78       data     extern C:\MCC18\SRC\TRADIT~1\PROC\p18f2550.asm
                 UEP8bits   0x000f78       data     extern C:\MCC18\SRC\TRADIT~1\PROC\p18f2550.asm
                     UEP9   0x000f79       data     extern C:\MCC18\SRC\TRADIT~1\PROC\p18f2550.asm
                 UEP9bits   0x000f79       data     extern C:\MCC18\SRC\TRADIT~1\PROC\p18f2550.asm
                     UFRM   0x000f66       data     extern C:\MCC18\SRC\TRADIT~1\PROC\p18f2550.asm
                    UFRMH   0x000f67       data     extern C:\MCC18\SRC\TRADIT~1\PROC\p18f2550.asm
                UFRMHbits   0x000f67       data     extern C:\MCC18\SRC\TRADIT~1\PROC\p18f2550.asm
                    UFRML   0x000f66       data     extern C:\MCC18\SRC\TRADIT~1\PROC\p18f2550.asm
                UFRMLbits   0x000f66       data     extern C:\MCC18\SRC\TRADIT~1\PROC\p18f2550.asm
                      UIE   0x000f69       data     extern C:\MCC18\SRC\TRADIT~1\PROC\p18f2550.asm
                  UIEbits   0x000f69       data     extern C:\MCC18\SRC\TRADIT~1\PROC\p18f2550.asm
                      UIR   0x000f68       data     extern C:\MCC18\SRC\TRADIT~1\PROC\p18f2550.asm
                  UIRbits   0x000f68       data     extern C:\MCC18\SRC\TRADIT~1\PROC\p18f2550.asm
                    USTAT   0x000f6c       data     extern C:\MCC18\SRC\TRADIT~1\PROC\p18f2550.asm
                USTATbits   0x000f6c       data     extern C:\MCC18\SRC\TRADIT~1\PROC\p18f2550.asm
                   WDTCON   0x000fd1       data     extern C:\MCC18\SRC\TRADIT~1\PROC\p18f2550.asm
               WDTCONbits   0x000fd1       data     extern C:\MCC18\SRC\TRADIT~1\PROC\p18f2550.asm
                     WREG   0x000fe8       data     extern C:\MCC18\SRC\TRADIT~1\PROC\p18f2550.asm
          XBEEaddr_estado   0x0001fb       data     extern C:\PICs\caracol\Master\xbee.c
          XBEEclos_estado   0x0001fc       data     extern C:\PICs\caracol\Master\xbee.c
              XBEEcnt_res   0x0001ff       data     extern C:\PICs\caracol\Master\xbee.c
         XBEEdebug_estado   0x0000ea       data     static C:\PICs\caracol\Master\xbee.c
   XBEEdevice_error_count   0x0000c9       data     extern C:\PICs\caracol\Master\user\user.c
          XBEEopen_estado   0x0001fa       data     extern C:\PICs\caracol\Master\xbee.c
              XBEEpos_res   0x0001fe       data     extern C:\PICs\caracol\Master\xbee.c
                 __AARGB0   0x000009       data     extern C:\MCC18\SRC\TRADIT~1\MATH\aarg.asm
                 __AARGB1   0x000008       data     extern C:\MCC18\SRC\TRADIT~1\MATH\aarg.asm
                 __AARGB2   0x000007       data     extern C:\MCC18\SRC\TRADIT~1\MATH\aarg.asm
                 __AARGB3   0x000006       data     extern C:\MCC18\SRC\TRADIT~1\MATH\aarg.asm
                 __AARGB4   0x000005       data     extern C:\MCC18\SRC\TRADIT~1\MATH\aarg.asm
                 __AARGB5   0x000004       data     extern C:\MCC18\SRC\TRADIT~1\MATH\aarg.asm
                 __AARGB6   0x000003       data     extern C:\MCC18\SRC\TRADIT~1\MATH\aarg.asm
                 __AARGB7   0x000002       data     extern C:\MCC18\SRC\TRADIT~1\MATH\aarg.asm
                   __AEXP   0x00000a       data     extern C:\MCC18\SRC\TRADIT~1\MATH\aarg.asm
                 __BARGB0   0x00000e       data     extern C:\MCC18\SRC\TRADIT~1\MATH\barg.asm
                 __BARGB1   0x00000d       data     extern C:\MCC18\SRC\TRADIT~1\MATH\barg.asm
                 __BARGB2   0x00000c       data     extern C:\MCC18\SRC\TRADIT~1\MATH\barg.asm
                 __BARGB3   0x00000b       data     extern C:\MCC18\SRC\TRADIT~1\MATH\barg.asm
                   __BEXP   0x00000f       data     extern C:\MCC18\SRC\TRADIT~1\MATH\barg.asm
                __FPFLAGS   0x000001       data     extern C:\MCC18\SRC\TRADIT~1\MATH\cmath18.asm
            __FPFLAGSbits   0x000001       data     extern C:\MCC18\SRC\TRADIT~1\MATH\cmath18.asm
                  __REMB0   0x000005       data     extern C:\MCC18\SRC\TRADIT~1\MATH\aarg.asm
                  __REMB1   0x000004       data     extern C:\MCC18\SRC\TRADIT~1\MATH\aarg.asm
                  __REMB2   0x000003       data     extern C:\MCC18\SRC\TRADIT~1\MATH\aarg.asm
                  __REMB3   0x000002       data     extern C:\MCC18\SRC\TRADIT~1\MATH\aarg.asm
                   __TEMP   0x000013       data     extern C:\MCC18\SRC\TRADIT~1\MATH\temparg.asm
                 __TEMPB0   0x000013       data     extern C:\MCC18\SRC\TRADIT~1\MATH\temparg.asm
                 __TEMPB1   0x000012       data     extern C:\MCC18\SRC\TRADIT~1\MATH\temparg.asm
                 __TEMPB2   0x000011       data     extern C:\MCC18\SRC\TRADIT~1\MATH\temparg.asm
                 __TEMPB3   0x000010       data     extern C:\MCC18\SRC\TRADIT~1\MATH\temparg.asm
                  __tmp_0   0x000014       data     static C:\PICs\caracol\Master\timerzero.c
                  __tmp_0   0x000014       data     static C:\PICs\caracol\Master\usart_int.c
                  __tmp_0   0x000014       data     static C:\PICs\caracol\Master\system\usb\usb9\usb9.c
                  __tmp_0   0x000014       data     static C:\MCC18\src\TRADIT~1\pmc\USART\uopen.c
                  __tmp_0   0x000014       data     static C:\PICs\caracol\Master\system\usb\usbctrltrf\usbctrltrf.c
                  __tmp_0   0x000014       data     static C:\PICs\caracol\Master\user\user.c
                  __tmp_0   0x000014       data     static C:\PICs\caracol\Master\xbee.c
                  __tmp_0   0x000014       data     static C:\PICs\caracol\Master\system\usb\class\cdc\cdc.c
                        a   0x0001d3       data     static C:\PICs\caracol\Master\user\user.c
                      aaa   0x0001bb       data     extern C:\PICs\caracol\Master\user\user.c
                      aab   0x0001bc       data     extern C:\PICs\caracol\Master\user\user.c
                      aac   0x0001bd       data     extern C:\PICs\caracol\Master\user\user.c
                      aad   0x0001be       data     extern C:\PICs\caracol\Master\user\user.c
            baudrateUSART   0x000084       data     extern C:\PICs\caracol\Master\usart_int.c
              bicicleta_1   0x000118       data     extern C:\PICs\caracol\Master\user\user.c
              bicicleta_2   0x000120       data     extern C:\PICs\caracol\Master\user\user.c
             buffI2Cenvio   0x000087       data     extern C:\PICs\caracol\Master\I2C\i2c_master.c
             buffI2Crecep   0x000097       data     extern C:\PICs\caracol\Master\I2C\i2c_master.c
           buffUSARTenvio   0x000060       data     extern C:\PICs\caracol\Master\usart_int.c
           buffUSARTrecep   0x000070       data     extern C:\PICs\caracol\Master\usart_int.c
             buffUSBinput   0x000129       data     extern C:\PICs\caracol\Master\user\user.c
            buffXBEEenvio   0x0001e2       data     extern C:\PICs\caracol\Master\xbee.c
            buffXBEErecep   0x0001ec       data     extern C:\PICs\caracol\Master\xbee.c
               byte_count   0x0001c2       data     extern C:\PICs\caracol\Master\user\user.c
                cabecalho   0x0001c3       data     static C:\PICs\caracol\Master\user\user.c
                caracol_1   0x000100       data     extern C:\PICs\caracol\Master\user\user.c
                caracol_2   0x00010c       data     extern C:\PICs\caracol\Master\user\user.c
          caracol_destino   0x0001bf       data     extern C:\PICs\caracol\Master\user\user.c
              cdc_data_rx   0x000508       data     extern C:\PICs\caracol\Master\system\usb\usbmmap.c
              cdc_data_tx   0x000548       data     extern C:\PICs\caracol\Master\system\usb\usbmmap.c
             cdc_mem_type   0x0000b2       data     extern C:\PICs\caracol\Master\system\usb\class\cdc\cdc.c
               cdc_notice   0x000500       data     extern C:\PICs\caracol\Master\system\usb\usbmmap.c
               cdc_rx_len   0x0000ab       data     extern C:\PICs\caracol\Master\system\usb\class\cdc\cdc.c
            cdc_trf_state   0x0000ac       data     extern C:\PICs\caracol\Master\system\usb\class\cdc\cdc.c
               cdc_tx_len   0x0000b1       data     extern C:\PICs\caracol\Master\system\usb\class\cdc\cdc.c
                 cntUSART   0x0001d4       data     static C:\PICs\caracol\Master\user\user.c
    control_signal_bitmap   0x0000ba       data     extern C:\PICs\caracol\Master\system\usb\class\cdc\cdc.c
             counI2Cenvio   0x0000a7       data     extern C:\PICs\caracol\Master\I2C\i2c_master.c
             counI2Crecep   0x0000a8       data     extern C:\PICs\caracol\Master\I2C\i2c_master.c
           counUSARTenvio   0x000080       data     extern C:\PICs\caracol\Master\usart_int.c
           counUSARTrecep   0x000082       data     extern C:\PICs\caracol\Master\usart_int.c
             counUSBinput   0x000139       data     extern C:\PICs\caracol\Master\user\user.c
            counXBEEenvio   0x0001f6       data     extern C:\PICs\caracol\Master\xbee.c
            counXBEErecep   0x0001f7       data     extern C:\PICs\caracol\Master\xbee.c
                    count   0x0000cc       data     static C:\PICs\caracol\Master\user\user.c
   ctrl_trf_session_owner   0x0000dc       data     extern C:\PICs\caracol\Master\system\usb\usbctrltrf\usbctrltrf.c
           ctrl_trf_state   0x0000db       data     extern C:\PICs\caracol\Master\system\usb\usbctrltrf\usbctrltrf.c
                curr_byte   0x0000d4       data     static C:\MCC18\src\traditional\startup\c018i.c
               curr_entry   0x0000d6       data     static C:\MCC18\src\traditional\startup\c018i.c
                 data_ptr   0x0000d8       data     static C:\MCC18\src\traditional\startup\c018i.c
                    debug   0x0001dc       data     extern C:\PICs\caracol\Master\user\user.c
              delay_count   0x0000e7       data     static C:\PICs\caracol\Master\system\usb\usbdrv\usbdrv.c
                   device   0x0000c6       data     extern C:\PICs\caracol\Master\user\user.c
                deviceI2C   0x000128       data     extern C:\PICs\caracol\Master\user\user.c
dummy_encapsulated_cmd_response   0x0000be       data     extern C:\PICs\caracol\Master\system\usb\class\cdc\cdc.c
                    ep0Bi   0x000404       data     extern C:\PICs\caracol\Master\system\usb\usbmmap.c
                    ep0Bo   0x000400       data     extern C:\PICs\caracol\Master\system\usb\usbmmap.c
                    ep1Bi   0x00040c       data     extern C:\PICs\caracol\Master\system\usb\usbmmap.c
                    ep1Bo   0x000408       data     extern C:\PICs\caracol\Master\system\usb\usbmmap.c
                    ep2Bi   0x000414       data     extern C:\PICs\caracol\Master\system\usb\usbmmap.c
                    ep2Bo   0x000410       data     extern C:\PICs\caracol\Master\system\usb\usbmmap.c
                    ep3Bi   0x00041c       data     extern C:\PICs\caracol\Master\system\usb\usbmmap.c
                    ep3Bo   0x000418       data     extern C:\PICs\caracol\Master\system\usb\usbmmap.c
                  erroI2C   0x0000aa       data     extern C:\PICs\caracol\Master\I2C\i2c_master.c
       erroReadDeviceXBEE   0x0000c7       data     extern C:\PICs\caracol\Master\user\user.c
                 erroXBEE   0x0001f9       data     extern C:\PICs\caracol\Master\xbee.c
                   estado   0x0000ce       data     static C:\PICs\caracol\Master\user\user.c
     estadoReadDeviceXBEE   0x0000cb       data     static C:\PICs\caracol\Master\user\user.c
    estadoWriteDeviceXBEE   0x0000c8       data     static C:\PICs\caracol\Master\user\user.c
               estadoXBEE   0x0001dd       data     extern C:\PICs\caracol\Master\user\user.c
                    fixed   0x0000cd       data     static C:\PICs\caracol\Master\user\user.c
                      go1   0x0001d6       data     extern C:\PICs\caracol\Master\user\user.c
                      go2   0x0001d7       data     extern C:\PICs\caracol\Master\user\user.c
                   i2c_op   0x0001d5       data     static C:\PICs\caracol\Master\user\user.c
      ignoI2CenviarNotAck   0x0000a9       data     extern C:\PICs\caracol\Master\I2C\i2c_master.c
     ignoXBEEenviarNotAck   0x0001f8       data     extern C:\PICs\caracol\Master\xbee.c
                       ii   0x0001d2       data     static C:\PICs\caracol\Master\user\user.c
           ja_enviei_XBEE   0x0001c0       data     extern C:\PICs\caracol\Master\user\user.c
                       ji   0x0000d0       data     static C:\PICs\caracol\Master\user\user.c
              key_pressed   0x0001c1       data     extern C:\PICs\caracol\Master\user\user.c
                       kt   0x0000cf       data     static C:\PICs\caracol\Master\user\user.c
      lastcounUSART_recep   0x000085       data     extern C:\PICs\caracol\Master\usart_int.c
              line_coding   0x0000b3       data     extern C:\PICs\caracol\Master\system\usb\class\cdc\cdc.c
            operI2Cactual   0x000086       data     extern C:\PICs\caracol\Master\I2C\i2c_master.c
           operXBEEactual   0x0001e1       data     extern C:\PICs\caracol\Master\xbee.c
             operXBEEmodo   0x0001fd       data     extern C:\PICs\caracol\Master\xbee.c
            output_buffer   0x00013a       data     extern C:\PICs\caracol\Master\user\user.c
                  pCDCDst   0x0000af       data     extern C:\PICs\caracol\Master\system\usb\class\cdc\cdc.c
                  pCDCSrc   0x0000ad       data     extern C:\PICs\caracol\Master\system\usb\class\cdc\cdc.c
                     pDst   0x0000df       data     extern C:\PICs\caracol\Master\system\usb\usbctrltrf\usbctrltrf.c
                     pSrc   0x0000dd       data     extern C:\PICs\caracol\Master\system\usb\usbctrltrf\usbctrltrf.c
                pos_envio   0x0001de       data     static C:\PICs\caracol\Master\user\user.c
                pos_recep   0x0001df       data     static C:\PICs\caracol\Master\user\user.c
           posiUSARTenvio   0x000081       data     extern C:\PICs\caracol\Master\usart_int.c
           posiUSARTrecep   0x000083       data     extern C:\PICs\caracol\Master\usart_int.c
                     prom   0x0000d1       data     static C:\MCC18\src\traditional\startup\c018i.c
                   report   0x0000ca       data     extern C:\PICs\caracol\Master\user\user.c
                 reverse1   0x0001d8       data     extern C:\PICs\caracol\Master\user\user.c
                 reverse2   0x0001d9       data     extern C:\PICs\caracol\Master\user\user.c
                 standby1   0x0001da       data     extern C:\PICs\caracol\Master\user\user.c
                 standby2   0x0001db       data     extern C:\PICs\caracol\Master\user\user.c
                     test   0x0001ba       data     extern C:\PICs\caracol\Master\user\user.c
                       tp   0x0001e0       data     static C:\PICs\caracol\Master\user\user.c
           usart_in_count   0x0001b6       data     extern C:\PICs\caracol\Master\user\user.c
          usart_out_ready   0x0001b9       data     extern C:\PICs\caracol\Master\user\user.c
           usb_active_cfg   0x0000e5       data     extern C:\PICs\caracol\Master\system\usb\usbmmap.c
             usb_alt_intf   0x0000e6       data     extern C:\PICs\caracol\Master\system\usb\usbmmap.c
         usb_device_state   0x0000e3       data     extern C:\PICs\caracol\Master\system\usb\usbmmap.c
             usb_in_count   0x0001b7       data     extern C:\PICs\caracol\Master\user\user.c
            usb_out_ready   0x0001b8       data     extern C:\PICs\caracol\Master\user\user.c
                 usb_stat   0x0000e4       data     extern C:\PICs\caracol\Master\system\usb\usbmmap.c
                   wCount   0x0000e1       data     extern C:\PICs\caracol\Master\system\usb\usbctrltrf\usbctrltrf.c



                              Symbols - Sorted by Address
                     Name    Address   Location    Storage File                     
                ---------  ---------  ---------  --------- ---------                
                   _entry   0x000000    program     extern C:\MCC18\src\traditional\startup\c018i.c
       ___return_lbl00000   0x000004    program     static                          
      InterruptVectorHigh   0x000008    program     extern C:\PICs\caracol\Master\user\user.c
       ___return_lbl00225   0x00000c    program     static                          
                 UserInit   0x000044    program     extern C:\PICs\caracol\Master\user\user.c
             reset_screen   0x000192    program     extern C:\PICs\caracol\Master\user\user.c
              debug_valor   0x0001a8    program     extern C:\PICs\caracol\Master\user\user.c
            debug_valores   0x0002ce    program     extern C:\PICs\caracol\Master\user\user.c
          WriteDeviceXBEE   0x000434    program     extern C:\PICs\caracol\Master\user\user.c
           ReadDeviceXBEE   0x00051e    program     extern C:\PICs\caracol\Master\user\user.c
                ProcessIO   0x00064e    program     extern C:\PICs\caracol\Master\user\user.c
     InterruptHandlerHigh   0x00116e    program     extern C:\PICs\caracol\Master\user\user.c
                     isOK   0x001472    program     extern C:\PICs\caracol\Master\xbee.c
                 XBEEopen   0x001492    program     extern C:\PICs\caracol\Master\xbee.c
          XBEEaddressSelf   0x0016f4    program     extern C:\PICs\caracol\Master\xbee.c
          XBEEaddressDest   0x00187a    program     extern C:\PICs\caracol\Master\xbee.c
                XBEEdebug   0x001a00    program     extern C:\PICs\caracol\Master\xbee.c
           XBEEendCommand   0x001b2c    program     extern C:\PICs\caracol\Master\xbee.c
               XBEEisIdle   0x001c3c    program     extern C:\PICs\caracol\Master\xbee.c
                USARTopen   0x001c56    program     extern C:\PICs\caracol\Master\usart_int.c
  USARTwriteNbytesFromRAM   0x001d36    program     extern C:\PICs\caracol\Master\usart_int.c
  USARTwriteNbytesFromROM   0x001db8    program     extern C:\PICs\caracol\Master\usart_int.c
        USARTwriteFromRAM   0x001e48    program     extern C:\PICs\caracol\Master\usart_int.c
        USARTwriteFromROM   0x001eba    program     extern C:\PICs\caracol\Master\usart_int.c
           USARTreadToRAM   0x001f3a    program     extern C:\PICs\caracol\Master\usart_int.c
     USARTreadNbytesToRAM   0x001fa8    program     extern C:\PICs\caracol\Master\usart_int.c
       USBCheckCDCRequest   0x00203a    program     extern C:\PICs\caracol\Master\system\usb\class\cdc\cdc.c
                CDCInitEP   0x0020fe    program     extern C:\PICs\caracol\Master\system\usb\class\cdc\cdc.c
             getsUSBUSART   0x00214e    program     extern C:\PICs\caracol\Master\system\usb\class\cdc\cdc.c
             putsUSBUSART   0x0021ce    program     extern C:\PICs\caracol\Master\system\usb\class\cdc\cdc.c
            putrsUSBUSART   0x002248    program     extern C:\PICs\caracol\Master\system\usb\class\cdc\cdc.c
             CDCTxService   0x0022c4    program     extern C:\PICs\caracol\Master\system\usb\class\cdc\cdc.c
       USBCheckStdRequest   0x0023b4    program     extern C:\PICs\caracol\Master\system\usb\usb9\usb9.c
      USBStdGetDscHandler   0x002476    program     extern C:\PICs\caracol\Master\system\usb\usb9\usb9.c
      USBStdSetCfgHandler   0x00252e    program     extern C:\PICs\caracol\Master\system\usb\usb9\usb9.c
   USBStdGetStatusHandler   0x00257e    program     extern C:\PICs\caracol\Master\system\usb\usb9\usb9.c
  USBStdFeatureReqHandler   0x00261a    program     extern C:\PICs\caracol\Master\system\usb\usb9\usb9.c
         USBCtrlEPService   0x0026bc    program     extern C:\PICs\caracol\Master\system\usb\usbctrltrf\usbctrltrf.c
   USBCtrlTrfSetupHandler   0x0026f2    program     extern C:\PICs\caracol\Master\system\usb\usbctrltrf\usbctrltrf.c
     USBCtrlTrfOutHandler   0x00275e    program     extern C:\PICs\caracol\Master\system\usb\usbctrltrf\usbctrltrf.c
      USBCtrlTrfInHandler   0x00277e    program     extern C:\PICs\caracol\Master\system\usb\usbctrltrf\usbctrltrf.c
      USBCtrlTrfTxService   0x0027b8    program     extern C:\PICs\caracol\Master\system\usb\usbctrltrf\usbctrltrf.c
      USBCtrlTrfRxService   0x002894    program     extern C:\PICs\caracol\Master\system\usb\usbctrltrf\usbctrltrf.c
 USBCtrlEPServiceComplete   0x00290e    program     extern C:\PICs\caracol\Master\system\usb\usbctrltrf\usbctrltrf.c
USBPrepareForNextSetupTrf   0x00299a    program     extern C:\PICs\caracol\Master\system\usb\usbctrltrf\usbctrltrf.c
                   memcpy   0x0029b6    program     extern C:\MCC18\SRC\TRADIT~1\STDCLIB\memcpy.asm
                    jLoop   0x0029de    program     static C:\MCC18\SRC\TRADIT~1\STDCLIB\memcpy.asm
              _4jContinue   0x0029ea    program     static C:\MCC18\SRC\TRADIT~1\STDCLIB\memcpy.asm
                   _5jEnd   0x0029f4    program     static C:\MCC18\SRC\TRADIT~1\STDCLIB\memcpy.asm
                     jEnd   0x0029fa    program     static C:\MCC18\SRC\TRADIT~1\STDCLIB\memcpy.asm
            memcpypgm2ram   0x002a0c    program     extern C:\MCC18\SRC\TRADIT~1\STDCLIB\mcpyp2r.asm
                    jLoop   0x002a32    program     static C:\MCC18\SRC\TRADIT~1\STDCLIB\mcpyp2r.asm
              _3jContinue   0x002a3e    program     static C:\MCC18\SRC\TRADIT~1\STDCLIB\mcpyp2r.asm
                   _4jEnd   0x002a48    program     static C:\MCC18\SRC\TRADIT~1\STDCLIB\mcpyp2r.asm
                     jEnd   0x002a50    program     static C:\MCC18\SRC\TRADIT~1\STDCLIB\mcpyp2r.asm
                   memset   0x002a52    program     extern C:\MCC18\SRC\TRADIT~1\STDCLIB\memset.asm
                    jLoop   0x002a66    program     static C:\MCC18\SRC\TRADIT~1\STDCLIB\memset.asm
              _2jContinue   0x002a72    program     static C:\MCC18\SRC\TRADIT~1\STDCLIB\memset.asm
                   _3jEnd   0x002a7c    program     static C:\MCC18\SRC\TRADIT~1\STDCLIB\memset.asm
                     jEnd   0x002a84    program     static C:\MCC18\SRC\TRADIT~1\STDCLIB\memset.asm
                   strcat   0x002a86    program     extern C:\MCC18\SRC\TRADIT~1\STDCLIB\strcat.asm
                jNullLoop   0x002aae    program     static C:\MCC18\SRC\TRADIT~1\STDCLIB\strcat.asm
                    jLoop   0x002ab4    program     static C:\MCC18\SRC\TRADIT~1\STDCLIB\strcat.asm
            strcatpgm2ram   0x002ace    program     extern C:\MCC18\SRC\TRADIT~1\STDCLIB\scatp2r.asm
                jNullLoop   0x002af4    program     static C:\MCC18\SRC\TRADIT~1\STDCLIB\scatp2r.asm
                    jLoop   0x002afa    program     static C:\MCC18\SRC\TRADIT~1\STDCLIB\scatp2r.asm
                     jEnd   0x002b04    program     static C:\MCC18\SRC\TRADIT~1\STDCLIB\scatp2r.asm
                   strcpy   0x002b06    program     extern C:\MCC18\SRC\TRADIT~1\STDCLIB\strcpy.asm
                    jLoop   0x002b2e    program     static C:\MCC18\SRC\TRADIT~1\STDCLIB\strcpy.asm
            strcpypgm2ram   0x002b48    program     extern C:\MCC18\SRC\TRADIT~1\STDCLIB\scpyp2r.asm
                    jLoop   0x002b6e    program     static C:\MCC18\SRC\TRADIT~1\STDCLIB\scpyp2r.asm
                     jEnd   0x002b78    program     static C:\MCC18\SRC\TRADIT~1\STDCLIB\scpyp2r.asm
                   strlen   0x002b7a    program     extern C:\MCC18\SRC\TRADIT~1\STDCLIB\strlen.asm
                    jLoop   0x002b8a    program     static C:\MCC18\SRC\TRADIT~1\STDCLIB\strlen.asm
                     jEnd   0x002b94    program     static C:\MCC18\SRC\TRADIT~1\STDCLIB\strlen.asm
        USBCheckBusStatus   0x002b96    program     extern C:\PICs\caracol\Master\system\usb\usbdrv\usbdrv.c
          USBModuleEnable   0x002bb8    program     extern C:\PICs\caracol\Master\system\usb\usbdrv\usbdrv.c
         USBModuleDisable   0x002bc6    program     extern C:\PICs\caracol\Master\system\usb\usbdrv\usbdrv.c
            USBSoftDetach   0x002bd0    program     extern C:\PICs\caracol\Master\system\usb\usbdrv\usbdrv.c
         USBDriverService   0x002bd4    program     extern C:\PICs\caracol\Master\system\usb\usbdrv\usbdrv.c
               USBSuspend   0x002c44    program     extern C:\PICs\caracol\Master\system\usb\usbdrv\usbdrv.c
       ___return_lbl00026   0x002c52    program     static                          
       USBWakeFromSuspend   0x002c54    program     extern C:\PICs\caracol\Master\system\usb\usbdrv\usbdrv.c
          USBRemoteWakeup   0x002c5c    program     extern C:\PICs\caracol\Master\system\usb\usbdrv\usbdrv.c
          USB_SOF_Handler   0x002c80    program     extern C:\PICs\caracol\Master\system\usb\usbdrv\usbdrv.c
          USBStallHandler   0x002c84    program     extern C:\PICs\caracol\Master\system\usb\usbdrv\usbdrv.c
          USBErrorHandler   0x002c92    program     extern C:\PICs\caracol\Master\system\usb\usbdrv\usbdrv.c
  USBProtocolResetHandler   0x002c96    program     extern C:\PICs\caracol\Master\system\usb\usbdrv\usbdrv.c
               ClearArray   0x002cda    program     extern C:\PICs\caracol\Master\system\usb\usbdrv\usbdrv.c
        ___while_lbl00041   0x002cee    program     static                          
       ___return_lbl00040   0x002cfc    program     static                          
        ___while_lbl00042   0x002cfc    program     static                          
               device_dsc   0x002d04    program     extern C:\PICs\caracol\Master\autofiles\usbdsc.c
                    cfg01   0x002d16    program     extern C:\PICs\caracol\Master\autofiles\usbdsc.c
                    sd000   0x002d59    program     extern C:\PICs\caracol\Master\autofiles\usbdsc.c
                    sd001   0x002d5d    program     extern C:\PICs\caracol\Master\autofiles\usbdsc.c
                    sd002   0x002d91    program     extern C:\PICs\caracol\Master\autofiles\usbdsc.c
               USB_CD_Ptr   0x002dc5    program     extern C:\PICs\caracol\Master\autofiles\usbdsc.c
               USB_SD_Ptr   0x002dc9    program     extern C:\PICs\caracol\Master\autofiles\usbdsc.c
          ClassReqHandler   0x002dcf    program     extern C:\PICs\caracol\Master\autofiles\usbdsc.c
                  I2Copen   0x002dd2    program     extern C:\PICs\caracol\Master\I2C\i2c_master.c
              setI2Cwrite   0x002e34    program     extern C:\PICs\caracol\Master\I2C\i2c_master.c
               setI2Cread   0x002e5a    program     extern C:\PICs\caracol\Master\I2C\i2c_master.c
                 I2Cstart   0x002e80    program     extern C:\PICs\caracol\Master\I2C\i2c_master.c
                _do_cinit   0x002e9a    program     extern C:\MCC18\src\traditional\startup\c018i.c
                     test   0x002eb4    program     static                          
                copy_loop   0x002f0c    program     static                          
            copy_one_byte   0x002f12    program     static                          
             done_copying   0x002f20    program     static                          
                     done   0x002f36    program     static                          
       ___return_lbl00002   0x002f36    program     static                          
               __string_6   0x002f38    program     static C:\PICs\caracol\Master\user\user.c
               __string_5   0x002f47    program     static C:\PICs\caracol\Master\user\user.c
               __string_4   0x002f57    program     static C:\PICs\caracol\Master\user\user.c
               __string_3   0x002f66    program     static C:\PICs\caracol\Master\user\user.c
               __string_2   0x002f75    program     static C:\PICs\caracol\Master\user\user.c
               __string_1   0x002f78    program     static C:\PICs\caracol\Master\user\user.c
               __string_0   0x002f7e    program     static C:\PICs\caracol\Master\user\user.c
               __string_7   0x002f81    program     static C:\PICs\caracol\Master\xbee.c
               __string_6   0x002f87    program     static C:\PICs\caracol\Master\xbee.c
               __string_5   0x002f8e    program     static C:\PICs\caracol\Master\xbee.c
               __string_4   0x002f99    program     static C:\PICs\caracol\Master\xbee.c
               __string_3   0x002fa4    program     static C:\PICs\caracol\Master\xbee.c
               __string_2   0x002faf    program     static C:\PICs\caracol\Master\xbee.c
               __string_1   0x002fba    program     static C:\PICs\caracol\Master\xbee.c
               __string_0   0x002fc5    program     static C:\PICs\caracol\Master\xbee.c
             espera_x10ms   0x002fca    program     extern C:\PICs\caracol\Master\timerzero.c
                OpenUSART   0x003050    program     extern C:\MCC18\src\TRADIT~1\pmc\USART\uopen.c
                 FXM1616S   0x0030ca    program     extern C:\MCC18\SRC\TRADIT~1\MATH\fxm1616s.asm
               TSIGN1616A   0x003116    program     static C:\MCC18\SRC\TRADIT~1\MATH\fxm1616s.asm
                  OpenI2C   0x003124    program     extern C:\MCC18\src\TRADIT~1\pmc\i2c\i2c_open.c
                     main   0x00315a    program     extern C:\PICs\caracol\Master\main.c
         InitializeSystem   0x003166    program     static C:\PICs\caracol\Master\main.c
                 USBTasks   0x00317c    program     extern C:\PICs\caracol\Master\main.c
                baudUSART   0x00318c    program     extern C:\MCC18\src\TRADIT~1\pmc\USART\ubaud.c
                 _startup   0x0031ae    program     extern C:\MCC18\src\traditional\startup\c018i.c
                     loop   0x0031be    program     static                          
       ___return_lbl00001   0x0031c4    program     static                          
                     SIGN   0x000000       data     extern C:\MCC18\SRC\TRADIT~1\MATH\cmath18.asm
            __FPFLAGSbits   0x000001       data     extern C:\MCC18\SRC\TRADIT~1\MATH\cmath18.asm
                __FPFLAGS   0x000001       data     extern C:\MCC18\SRC\TRADIT~1\MATH\cmath18.asm
                  __REMB3   0x000002       data     extern C:\MCC18\SRC\TRADIT~1\MATH\aarg.asm
                 __AARGB7   0x000002       data     extern C:\MCC18\SRC\TRADIT~1\MATH\aarg.asm
                 __AARGB6   0x000003       data     extern C:\MCC18\SRC\TRADIT~1\MATH\aarg.asm
                  __REMB2   0x000003       data     extern C:\MCC18\SRC\TRADIT~1\MATH\aarg.asm
                 __AARGB5   0x000004       data     extern C:\MCC18\SRC\TRADIT~1\MATH\aarg.asm
                  __REMB1   0x000004       data     extern C:\MCC18\SRC\TRADIT~1\MATH\aarg.asm
                 __AARGB4   0x000005       data     extern C:\MCC18\SRC\TRADIT~1\MATH\aarg.asm
                  __REMB0   0x000005       data     extern C:\MCC18\SRC\TRADIT~1\MATH\aarg.asm
                 __AARGB3   0x000006       data     extern C:\MCC18\SRC\TRADIT~1\MATH\aarg.asm
                 __AARGB2   0x000007       data     extern C:\MCC18\SRC\TRADIT~1\MATH\aarg.asm
                 __AARGB1   0x000008       data     extern C:\MCC18\SRC\TRADIT~1\MATH\aarg.asm
                 __AARGB0   0x000009       data     extern C:\MCC18\SRC\TRADIT~1\MATH\aarg.asm
                   __AEXP   0x00000a       data     extern C:\MCC18\SRC\TRADIT~1\MATH\aarg.asm
                 __BARGB3   0x00000b       data     extern C:\MCC18\SRC\TRADIT~1\MATH\barg.asm
                 __BARGB2   0x00000c       data     extern C:\MCC18\SRC\TRADIT~1\MATH\barg.asm
                 __BARGB1   0x00000d       data     extern C:\MCC18\SRC\TRADIT~1\MATH\barg.asm
                 __BARGB0   0x00000e       data     extern C:\MCC18\SRC\TRADIT~1\MATH\barg.asm
                   __BEXP   0x00000f       data     extern C:\MCC18\SRC\TRADIT~1\MATH\barg.asm
                 __TEMPB3   0x000010       data     extern C:\MCC18\SRC\TRADIT~1\MATH\temparg.asm
                 __TEMPB2   0x000011       data     extern C:\MCC18\SRC\TRADIT~1\MATH\temparg.asm
                 __TEMPB1   0x000012       data     extern C:\MCC18\SRC\TRADIT~1\MATH\temparg.asm
                   __TEMP   0x000013       data     extern C:\MCC18\SRC\TRADIT~1\MATH\temparg.asm
                 __TEMPB0   0x000013       data     extern C:\MCC18\SRC\TRADIT~1\MATH\temparg.asm
                  __tmp_0   0x000014       data     static C:\PICs\caracol\Master\user\user.c
                  __tmp_0   0x000014       data     static C:\PICs\caracol\Master\xbee.c
                  __tmp_0   0x000014       data     static C:\PICs\caracol\Master\timerzero.c
                  __tmp_0   0x000014       data     static C:\PICs\caracol\Master\system\usb\usbctrltrf\usbctrltrf.c
                  __tmp_0   0x000014       data     static C:\PICs\caracol\Master\system\usb\class\cdc\cdc.c
                  __tmp_0   0x000014       data     static C:\MCC18\src\TRADIT~1\pmc\USART\uopen.c
                  __tmp_0   0x000014       data     static C:\PICs\caracol\Master\system\usb\usb9\usb9.c
                  __tmp_0   0x000014       data     static C:\PICs\caracol\Master\usart_int.c
           buffUSARTenvio   0x000060       data     extern C:\PICs\caracol\Master\usart_int.c
           buffUSARTrecep   0x000070       data     extern C:\PICs\caracol\Master\usart_int.c
           counUSARTenvio   0x000080       data     extern C:\PICs\caracol\Master\usart_int.c
           posiUSARTenvio   0x000081       data     extern C:\PICs\caracol\Master\usart_int.c
           counUSARTrecep   0x000082       data     extern C:\PICs\caracol\Master\usart_int.c
           posiUSARTrecep   0x000083       data     extern C:\PICs\caracol\Master\usart_int.c
            baudrateUSART   0x000084       data     extern C:\PICs\caracol\Master\usart_int.c
      lastcounUSART_recep   0x000085       data     extern C:\PICs\caracol\Master\usart_int.c
            operI2Cactual   0x000086       data     extern C:\PICs\caracol\Master\I2C\i2c_master.c
             buffI2Cenvio   0x000087       data     extern C:\PICs\caracol\Master\I2C\i2c_master.c
             buffI2Crecep   0x000097       data     extern C:\PICs\caracol\Master\I2C\i2c_master.c
             counI2Cenvio   0x0000a7       data     extern C:\PICs\caracol\Master\I2C\i2c_master.c
             counI2Crecep   0x0000a8       data     extern C:\PICs\caracol\Master\I2C\i2c_master.c
      ignoI2CenviarNotAck   0x0000a9       data     extern C:\PICs\caracol\Master\I2C\i2c_master.c
                  erroI2C   0x0000aa       data     extern C:\PICs\caracol\Master\I2C\i2c_master.c
               cdc_rx_len   0x0000ab       data     extern C:\PICs\caracol\Master\system\usb\class\cdc\cdc.c
            cdc_trf_state   0x0000ac       data     extern C:\PICs\caracol\Master\system\usb\class\cdc\cdc.c
                  pCDCSrc   0x0000ad       data     extern C:\PICs\caracol\Master\system\usb\class\cdc\cdc.c
                  pCDCDst   0x0000af       data     extern C:\PICs\caracol\Master\system\usb\class\cdc\cdc.c
               cdc_tx_len   0x0000b1       data     extern C:\PICs\caracol\Master\system\usb\class\cdc\cdc.c
             cdc_mem_type   0x0000b2       data     extern C:\PICs\caracol\Master\system\usb\class\cdc\cdc.c
              line_coding   0x0000b3       data     extern C:\PICs\caracol\Master\system\usb\class\cdc\cdc.c
    control_signal_bitmap   0x0000ba       data     extern C:\PICs\caracol\Master\system\usb\class\cdc\cdc.c
dummy_encapsulated_cmd_response   0x0000be       data     extern C:\PICs\caracol\Master\system\usb\class\cdc\cdc.c
                   device   0x0000c6       data     extern C:\PICs\caracol\Master\user\user.c
       erroReadDeviceXBEE   0x0000c7       data     extern C:\PICs\caracol\Master\user\user.c
    estadoWriteDeviceXBEE   0x0000c8       data     static C:\PICs\caracol\Master\user\user.c
   XBEEdevice_error_count   0x0000c9       data     extern C:\PICs\caracol\Master\user\user.c
                   report   0x0000ca       data     extern C:\PICs\caracol\Master\user\user.c
     estadoReadDeviceXBEE   0x0000cb       data     static C:\PICs\caracol\Master\user\user.c
                    count   0x0000cc       data     static C:\PICs\caracol\Master\user\user.c
                    fixed   0x0000cd       data     static C:\PICs\caracol\Master\user\user.c
                   estado   0x0000ce       data     static C:\PICs\caracol\Master\user\user.c
                       kt   0x0000cf       data     static C:\PICs\caracol\Master\user\user.c
                       ji   0x0000d0       data     static C:\PICs\caracol\Master\user\user.c
                     prom   0x0000d1       data     static C:\MCC18\src\traditional\startup\c018i.c
                curr_byte   0x0000d4       data     static C:\MCC18\src\traditional\startup\c018i.c
               curr_entry   0x0000d6       data     static C:\MCC18\src\traditional\startup\c018i.c
                 data_ptr   0x0000d8       data     static C:\MCC18\src\traditional\startup\c018i.c
           ctrl_trf_state   0x0000db       data     extern C:\PICs\caracol\Master\system\usb\usbctrltrf\usbctrltrf.c
   ctrl_trf_session_owner   0x0000dc       data     extern C:\PICs\caracol\Master\system\usb\usbctrltrf\usbctrltrf.c
                     pSrc   0x0000dd       data     extern C:\PICs\caracol\Master\system\usb\usbctrltrf\usbctrltrf.c
                     pDst   0x0000df       data     extern C:\PICs\caracol\Master\system\usb\usbctrltrf\usbctrltrf.c
                   wCount   0x0000e1       data     extern C:\PICs\caracol\Master\system\usb\usbctrltrf\usbctrltrf.c
         usb_device_state   0x0000e3       data     extern C:\PICs\caracol\Master\system\usb\usbmmap.c
                 usb_stat   0x0000e4       data     extern C:\PICs\caracol\Master\system\usb\usbmmap.c
           usb_active_cfg   0x0000e5       data     extern C:\PICs\caracol\Master\system\usb\usbmmap.c
             usb_alt_intf   0x0000e6       data     extern C:\PICs\caracol\Master\system\usb\usbmmap.c
              delay_count   0x0000e7       data     static C:\PICs\caracol\Master\system\usb\usbdrv\usbdrv.c
[...]
                     UEP1   0x000f71       data     extern C:\MCC18\SRC\TRADIT~1\PROC\p18f2550.asm
                 UEP2bits   0x000f72       data     extern C:\MCC18\SRC\TRADIT~1\PROC\p18f2550.asm
                     UEP2   0x000f72       data     extern C:\MCC18\SRC\TRADIT~1\PROC\p18f2550.asm
                     UEP3   0x000f73       data     extern C:\MCC18\SRC\TRADIT~1\PROC\p18f2550.asm
                 UEP3bits   0x000f73       data     extern C:\MCC18\SRC\TRADIT~1\PROC\p18f2550.asm
                     UEP4   0x000f74       data     extern C:\MCC18\SRC\TRADIT~1\PROC\p18f2550.asm
                 UEP4bits   0x000f74       data     extern C:\MCC18\SRC\TRADIT~1\PROC\p18f2550.asm
                     UEP5   0x000f75       data     extern C:\MCC18\SRC\TRADIT~1\PROC\p18f2550.asm
                 UEP5bits   0x000f75       data     extern C:\MCC18\SRC\TRADIT~1\PROC\p18f2550.asm
                     UEP6   0x000f76       data     extern C:\MCC18\SRC\TRADIT~1\PROC\p18f2550.asm
                 UEP6bits   0x000f76       data     extern C:\MCC18\SRC\TRADIT~1\PROC\p18f2550.asm
                     UEP7   0x000f77       data     extern C:\MCC18\SRC\TRADIT~1\PROC\p18f2550.asm
                 UEP7bits   0x000f77       data     extern C:\MCC18\SRC\TRADIT~1\PROC\p18f2550.asm
                     UEP8   0x000f78       data     extern C:\MCC18\SRC\TRADIT~1\PROC\p18f2550.asm
                 UEP8bits   0x000f78       data     extern C:\MCC18\SRC\TRADIT~1\PROC\p18f2550.asm
                     UEP9   0x000f79       data     extern C:\MCC18\SRC\TRADIT~1\PROC\p18f2550.asm
                 UEP9bits   0x000f79       data     extern C:\MCC18\SRC\TRADIT~1\PROC\p18f2550.asm
                    UEP10   0x000f7a       data     extern C:\MCC18\SRC\TRADIT~1\PROC\p18f2550.asm
                UEP10bits   0x000f7a       data     extern C:\MCC18\SRC\TRADIT~1\PROC\p18f2550.asm
                    UEP11   0x000f7b       data     extern C:\MCC18\SRC\TRADIT~1\PROC\p18f2550.asm
                UEP11bits   0x000f7b       data     extern C:\MCC18\SRC\TRADIT~1\PROC\p18f2550.asm
                    UEP12   0x000f7c       data     extern C:\MCC18\SRC\TRADIT~1\PROC\p18f2550.asm
                UEP12bits   0x000f7c       data     extern C:\MCC18\SRC\TRADIT~1\PROC\p18f2550.asm
                UEP13bits   0x000f7d       data     extern C:\MCC18\SRC\TRADIT~1\PROC\p18f2550.asm
                    UEP13   0x000f7d       data     extern C:\MCC18\SRC\TRADIT~1\PROC\p18f2550.asm
                UEP14bits   0x000f7e       data     extern C:\MCC18\SRC\TRADIT~1\PROC\p18f2550.asm
                    UEP14   0x000f7e       data     extern C:\MCC18\SRC\TRADIT~1\PROC\p18f2550.asm
                    UEP15   0x000f7f       data     extern C:\MCC18\SRC\TRADIT~1\PROC\p18f2550.asm
                UEP15bits   0x000f7f       data     extern C:\MCC18\SRC\TRADIT~1\PROC\p18f2550.asm
                PORTAbits   0x000f80       data     extern C:\MCC18\SRC\TRADIT~1\PROC\p18f2550.asm
                    PORTA   0x000f80       data     extern C:\MCC18\SRC\TRADIT~1\PROC\p18f2550.asm
                PORTBbits   0x000f81       data     extern C:\MCC18\SRC\TRADIT~1\PROC\p18f2550.asm
                    PORTB   0x000f81       data     extern C:\MCC18\SRC\TRADIT~1\PROC\p18f2550.asm
                PORTCbits   0x000f82       data     extern C:\MCC18\SRC\TRADIT~1\PROC\p18f2550.asm
                    PORTC   0x000f82       data     extern C:\MCC18\SRC\TRADIT~1\PROC\p18f2550.asm
                PORTEbits   0x000f84       data     extern C:\MCC18\SRC\TRADIT~1\PROC\p18f2550.asm
                    PORTE   0x000f84       data     extern C:\MCC18\SRC\TRADIT~1\PROC\p18f2550.asm
                     LATA   0x000f89       data     extern C:\MCC18\SRC\TRADIT~1\PROC\p18f2550.asm
                 LATAbits   0x000f89       data     extern C:\MCC18\SRC\TRADIT~1\PROC\p18f2550.asm
                 LATBbits   0x000f8a       data     extern C:\MCC18\SRC\TRADIT~1\PROC\p18f2550.asm
                     LATB   0x000f8a       data     extern C:\MCC18\SRC\TRADIT~1\PROC\p18f2550.asm
                 LATCbits   0x000f8b       data     extern C:\MCC18\SRC\TRADIT~1\PROC\p18f2550.asm
                     LATC   0x000f8b       data     extern C:\MCC18\SRC\TRADIT~1\PROC\p18f2550.asm
                     DDRA   0x000f92       data     extern C:\MCC18\SRC\TRADIT~1\PROC\p18f2550.asm
                 DDRAbits   0x000f92       data     extern C:\MCC18\SRC\TRADIT~1\PROC\p18f2550.asm
                TRISAbits   0x000f92       data     extern C:\MCC18\SRC\TRADIT~1\PROC\p18f2550.asm
                    TRISA   0x000f92       data     extern C:\MCC18\SRC\TRADIT~1\PROC\p18f2550.asm
                 DDRBbits   0x000f93       data     extern C:\MCC18\SRC\TRADIT~1\PROC\p18f2550.asm
                     DDRB   0x000f93       data     extern C:\MCC18\SRC\TRADIT~1\PROC\p18f2550.asm
                TRISBbits   0x000f93       data     extern C:\MCC18\SRC\TRADIT~1\PROC\p18f2550.asm
                    TRISB   0x000f93       data     extern C:\MCC18\SRC\TRADIT~1\PROC\p18f2550.asm
                 DDRCbits   0x000f94       data     extern C:\MCC18\SRC\TRADIT~1\PROC\p18f2550.asm
                TRISCbits   0x000f94       data     extern C:\MCC18\SRC\TRADIT~1\PROC\p18f2550.asm
                    TRISC   0x000f94       data     extern C:\MCC18\SRC\TRADIT~1\PROC\p18f2550.asm
                     DDRC   0x000f94       data     extern C:\MCC18\SRC\TRADIT~1\PROC\p18f2550.asm
                  OSCTUNE   0x000f9b       data     extern C:\MCC18\SRC\TRADIT~1\PROC\p18f2550.asm
              OSCTUNEbits   0x000f9b       data     extern C:\MCC18\SRC\TRADIT~1\PROC\p18f2550.asm
                     PIE1   0x000f9d       data     extern C:\MCC18\SRC\TRADIT~1\PROC\p18f2550.asm
                 PIE1bits   0x000f9d       data     extern C:\MCC18\SRC\TRADIT~1\PROC\p18f2550.asm
                 PIR1bits   0x000f9e       data     extern C:\MCC18\SRC\TRADIT~1\PROC\p18f2550.asm
                     PIR1   0x000f9e       data     extern C:\MCC18\SRC\TRADIT~1\PROC\p18f2550.asm
                     IPR1   0x000f9f       data     extern C:\MCC18\SRC\TRADIT~1\PROC\p18f2550.asm
                 IPR1bits   0x000f9f       data     extern C:\MCC18\SRC\TRADIT~1\PROC\p18f2550.asm
                 PIE2bits   0x000fa0       data     extern C:\MCC18\SRC\TRADIT~1\PROC\p18f2550.asm
                     PIE2   0x000fa0       data     extern C:\MCC18\SRC\TRADIT~1\PROC\p18f2550.asm
                 PIR2bits   0x000fa1       data     extern C:\MCC18\SRC\TRADIT~1\PROC\p18f2550.asm
                     PIR2   0x000fa1       data     extern C:\MCC18\SRC\TRADIT~1\PROC\p18f2550.asm
                 IPR2bits   0x000fa2       data     extern C:\MCC18\SRC\TRADIT~1\PROC\p18f2550.asm
                     IPR2   0x000fa2       data     extern C:\MCC18\SRC\TRADIT~1\PROC\p18f2550.asm
               EECON1bits   0x000fa6       data     extern C:\MCC18\SRC\TRADIT~1\PROC\p18f2550.asm
                   EECON1   0x000fa6       data     extern C:\MCC18\SRC\TRADIT~1\PROC\p18f2550.asm
                   EECON2   0x000fa7       data     extern C:\MCC18\SRC\TRADIT~1\PROC\p18f2550.asm
                   EEDATA   0x000fa8       data     extern C:\MCC18\SRC\TRADIT~1\PROC\p18f2550.asm
                    EEADR   0x000fa9       data     extern C:\MCC18\SRC\TRADIT~1\PROC\p18f2550.asm
                RCSTAbits   0x000fab       data     extern C:\MCC18\SRC\TRADIT~1\PROC\p18f2550.asm
                    RCSTA   0x000fab       data     extern C:\MCC18\SRC\TRADIT~1\PROC\p18f2550.asm
                    TXSTA   0x000fac       data     extern C:\MCC18\SRC\TRADIT~1\PROC\p18f2550.asm
                TXSTAbits   0x000fac       data     extern C:\MCC18\SRC\TRADIT~1\PROC\p18f2550.asm
                    TXREG   0x000fad       data     extern C:\MCC18\SRC\TRADIT~1\PROC\p18f2550.asm
                    RCREG   0x000fae       data     extern C:\MCC18\SRC\TRADIT~1\PROC\p18f2550.asm
                    SPBRG   0x000faf       data     extern C:\MCC18\SRC\TRADIT~1\PROC\p18f2550.asm
                   SPBRGH   0x000fb0       data     extern C:\MCC18\SRC\TRADIT~1\PROC\p18f2550.asm
                T3CONbits   0x000fb1       data     extern C:\MCC18\SRC\TRADIT~1\PROC\p18f2550.asm
                    T3CON   0x000fb1       data     extern C:\MCC18\SRC\TRADIT~1\PROC\p18f2550.asm
                    TMR3L   0x000fb2       data     extern C:\MCC18\SRC\TRADIT~1\PROC\p18f2550.asm
                    TMR3H   0x000fb3       data     extern C:\MCC18\SRC\TRADIT~1\PROC\p18f2550.asm
                CMCONbits   0x000fb4       data     extern C:\MCC18\SRC\TRADIT~1\PROC\p18f2550.asm
                    CMCON   0x000fb4       data     extern C:\MCC18\SRC\TRADIT~1\PROC\p18f2550.asm
                   CVRCON   0x000fb5       data     extern C:\MCC18\SRC\TRADIT~1\PROC\p18f2550.asm
               CVRCONbits   0x000fb5       data     extern C:\MCC18\SRC\TRADIT~1\PROC\p18f2550.asm
                  ECCP1AS   0x000fb6       data     extern C:\MCC18\SRC\TRADIT~1\PROC\p18f2550.asm
              ECCP1ASbits   0x000fb6       data     extern C:\MCC18\SRC\TRADIT~1\PROC\p18f2550.asm
               CCP1ASbits   0x000fb6       data     extern C:\MCC18\SRC\TRADIT~1\PROC\p18f2550.asm
                   CCP1AS   0x000fb6       data     extern C:\MCC18\SRC\TRADIT~1\PROC\p18f2550.asm
                 ECCP1DEL   0x000fb7       data     extern C:\MCC18\SRC\TRADIT~1\PROC\p18f2550.asm
             ECCP1DELbits   0x000fb7       data     extern C:\MCC18\SRC\TRADIT~1\PROC\p18f2550.asm
              CCP1DELbits   0x000fb7       data     extern C:\MCC18\SRC\TRADIT~1\PROC\p18f2550.asm
                  CCP1DEL   0x000fb7       data     extern C:\MCC18\SRC\TRADIT~1\PROC\p18f2550.asm
              BAUDCONbits   0x000fb8       data     extern C:\MCC18\SRC\TRADIT~1\PROC\p18f2550.asm
                  BAUDCON   0x000fb8       data     extern C:\MCC18\SRC\TRADIT~1\PROC\p18f2550.asm
              CCP2CONbits   0x000fba       data     extern C:\MCC18\SRC\TRADIT~1\PROC\p18f2550.asm
                  CCP2CON   0x000fba       data     extern C:\MCC18\SRC\TRADIT~1\PROC\p18f2550.asm
                   CCPR2L   0x000fbb       data     extern C:\MCC18\SRC\TRADIT~1\PROC\p18f2550.asm
                    CCPR2   0x000fbb       data     extern C:\MCC18\SRC\TRADIT~1\PROC\p18f2550.asm
                   CCPR2H   0x000fbc       data     extern C:\MCC18\SRC\TRADIT~1\PROC\p18f2550.asm
              CCP1CONbits   0x000fbd       data     extern C:\MCC18\SRC\TRADIT~1\PROC\p18f2550.asm
                  CCP1CON   0x000fbd       data     extern C:\MCC18\SRC\TRADIT~1\PROC\p18f2550.asm
                   CCPR1L   0x000fbe       data     extern C:\MCC18\SRC\TRADIT~1\PROC\p18f2550.asm
                    CCPR1   0x000fbe       data     extern C:\MCC18\SRC\TRADIT~1\PROC\p18f2550.asm
                   CCPR1H   0x000fbf       data     extern C:\MCC18\SRC\TRADIT~1\PROC\p18f2550.asm
               ADCON2bits   0x000fc0       data     extern C:\MCC18\SRC\TRADIT~1\PROC\p18f2550.asm
                   ADCON2   0x000fc0       data     extern C:\MCC18\SRC\TRADIT~1\PROC\p18f2550.asm
               ADCON1bits   0x000fc1       data     extern C:\MCC18\SRC\TRADIT~1\PROC\p18f2550.asm
                   ADCON1   0x000fc1       data     extern C:\MCC18\SRC\TRADIT~1\PROC\p18f2550.asm
               ADCON0bits   0x000fc2       data     extern C:\MCC18\SRC\TRADIT~1\PROC\p18f2550.asm
                   ADCON0   0x000fc2       data     extern C:\MCC18\SRC\TRADIT~1\PROC\p18f2550.asm
                   ADRESL   0x000fc3       data     extern C:\MCC18\SRC\TRADIT~1\PROC\p18f2550.asm
                    ADRES   0x000fc3       data     extern C:\MCC18\SRC\TRADIT~1\PROC\p18f2550.asm
                   ADRESH   0x000fc4       data     extern C:\MCC18\SRC\TRADIT~1\PROC\p18f2550.asm
              SSPCON2bits   0x000fc5       data     extern C:\MCC18\SRC\TRADIT~1\PROC\p18f2550.asm
                  SSPCON2   0x000fc5       data     extern C:\MCC18\SRC\TRADIT~1\PROC\p18f2550.asm
              SSPCON1bits   0x000fc6       data     extern C:\MCC18\SRC\TRADIT~1\PROC\p18f2550.asm
                  SSPCON1   0x000fc6       data     extern C:\MCC18\SRC\TRADIT~1\PROC\p18f2550.asm
              SSPSTATbits   0x000fc7       data     extern C:\MCC18\SRC\TRADIT~1\PROC\p18f2550.asm
                  SSPSTAT   0x000fc7       data     extern C:\MCC18\SRC\TRADIT~1\PROC\p18f2550.asm
                   SSPADD   0x000fc8       data     extern C:\MCC18\SRC\TRADIT~1\PROC\p18f2550.asm
                   SSPBUF   0x000fc9       data     extern C:\MCC18\SRC\TRADIT~1\PROC\p18f2550.asm
                    T2CON   0x000fca       data     extern C:\MCC18\SRC\TRADIT~1\PROC\p18f2550.asm
                T2CONbits   0x000fca       data     extern C:\MCC18\SRC\TRADIT~1\PROC\p18f2550.asm
                      PR2   0x000fcb       data     extern C:\MCC18\SRC\TRADIT~1\PROC\p18f2550.asm
                     TMR2   0x000fcc       data     extern C:\MCC18\SRC\TRADIT~1\PROC\p18f2550.asm
                    T1CON   0x000fcd       data     extern C:\MCC18\SRC\TRADIT~1\PROC\p18f2550.asm
                T1CONbits   0x000fcd       data     extern C:\MCC18\SRC\TRADIT~1\PROC\p18f2550.asm
                    TMR1L   0x000fce       data     extern C:\MCC18\SRC\TRADIT~1\PROC\p18f2550.asm
                    TMR1H   0x000fcf       data     extern C:\MCC18\SRC\TRADIT~1\PROC\p18f2550.asm
                 RCONbits   0x000fd0       data     extern C:\MCC18\SRC\TRADIT~1\PROC\p18f2550.asm
                     RCON   0x000fd0       data     extern C:\MCC18\SRC\TRADIT~1\PROC\p18f2550.asm
               WDTCONbits   0x000fd1       data     extern C:\MCC18\SRC\TRADIT~1\PROC\p18f2550.asm
                   WDTCON   0x000fd1       data     extern C:\MCC18\SRC\TRADIT~1\PROC\p18f2550.asm
                  HLVDCON   0x000fd2       data     extern C:\MCC18\SRC\TRADIT~1\PROC\p18f2550.asm
              HLVDCONbits   0x000fd2       data     extern C:\MCC18\SRC\TRADIT~1\PROC\p18f2550.asm
                   LVDCON   0x000fd2       data     extern C:\MCC18\SRC\TRADIT~1\PROC\p18f2550.asm
               LVDCONbits   0x000fd2       data     extern C:\MCC18\SRC\TRADIT~1\PROC\p18f2550.asm
               OSCCONbits   0x000fd3       data     extern C:\MCC18\SRC\TRADIT~1\PROC\p18f2550.asm
                   OSCCON   0x000fd3       data     extern C:\MCC18\SRC\TRADIT~1\PROC\p18f2550.asm
                T0CONbits   0x000fd5       data     extern C:\MCC18\SRC\TRADIT~1\PROC\p18f2550.asm
                    T0CON   0x000fd5       data     extern C:\MCC18\SRC\TRADIT~1\PROC\p18f2550.asm
                    TMR0L   0x000fd6       data     extern C:\MCC18\SRC\TRADIT~1\PROC\p18f2550.asm
                    TMR0H   0x000fd7       data     extern C:\MCC18\SRC\TRADIT~1\PROC\p18f2550.asm
                   STATUS   0x000fd8       data     extern C:\MCC18\SRC\TRADIT~1\PROC\p18f2550.asm
               STATUSbits   0x000fd8       data     extern C:\MCC18\SRC\TRADIT~1\PROC\p18f2550.asm
                    FSR2L   0x000fd9       data     extern C:\MCC18\SRC\TRADIT~1\PROC\p18f2550.asm
                     FSR2   0x000fd9       data     extern C:\MCC18\SRC\TRADIT~1\PROC\p18f2550.asm
                    FSR2H   0x000fda       data     extern C:\MCC18\SRC\TRADIT~1\PROC\p18f2550.asm
                   PLUSW2   0x000fdb       data     extern C:\MCC18\SRC\TRADIT~1\PROC\p18f2550.asm
                  PREINC2   0x000fdc       data     extern C:\MCC18\SRC\TRADIT~1\PROC\p18f2550.asm
                 POSTDEC2   0x000fdd       data     extern C:\MCC18\SRC\TRADIT~1\PROC\p18f2550.asm
                 POSTINC2   0x000fde       data     extern C:\MCC18\SRC\TRADIT~1\PROC\p18f2550.asm
                    INDF2   0x000fdf       data     extern C:\MCC18\SRC\TRADIT~1\PROC\p18f2550.asm
                      BSR   0x000fe0       data     extern C:\MCC18\SRC\TRADIT~1\PROC\p18f2550.asm
                     FSR1   0x000fe1       data     extern C:\MCC18\SRC\TRADIT~1\PROC\p18f2550.asm
                    FSR1L   0x000fe1       data     extern C:\MCC18\SRC\TRADIT~1\PROC\p18f2550.asm
                    FSR1H   0x000fe2       data     extern C:\MCC18\SRC\TRADIT~1\PROC\p18f2550.asm
                   PLUSW1   0x000fe3       data     extern C:\MCC18\SRC\TRADIT~1\PROC\p18f2550.asm
                  PREINC1   0x000fe4       data     extern C:\MCC18\SRC\TRADIT~1\PROC\p18f2550.asm
                 POSTDEC1   0x000fe5       data     extern C:\MCC18\SRC\TRADIT~1\PROC\p18f2550.asm
                 POSTINC1   0x000fe6       data     extern C:\MCC18\SRC\TRADIT~1\PROC\p18f2550.asm
                    INDF1   0x000fe7       data     extern C:\MCC18\SRC\TRADIT~1\PROC\p18f2550.asm
                     WREG   0x000fe8       data     extern C:\MCC18\SRC\TRADIT~1\PROC\p18f2550.asm
                    FSR0L   0x000fe9       data     extern C:\MCC18\SRC\TRADIT~1\PROC\p18f2550.asm
                     FSR0   0x000fe9       data     extern C:\MCC18\SRC\TRADIT~1\PROC\p18f2550.asm
                    FSR0H   0x000fea       data     extern C:\MCC18\SRC\TRADIT~1\PROC\p18f2550.asm
                   PLUSW0   0x000feb       data     extern C:\MCC18\SRC\TRADIT~1\PROC\p18f2550.asm
                  PREINC0   0x000fec       data     extern C:\MCC18\SRC\TRADIT~1\PROC\p18f2550.asm
                 POSTDEC0   0x000fed       data     extern C:\MCC18\SRC\TRADIT~1\PROC\p18f2550.asm
                 POSTINC0   0x000fee       data     extern C:\MCC18\SRC\TRADIT~1\PROC\p18f2550.asm
                    INDF0   0x000fef       data     extern C:\MCC18\SRC\TRADIT~1\PROC\p18f2550.asm
              INTCON3bits   0x000ff0       data     extern C:\MCC18\SRC\TRADIT~1\PROC\p18f2550.asm
                  INTCON3   0x000ff0       data     extern C:\MCC18\SRC\TRADIT~1\PROC\p18f2550.asm
              INTCON2bits   0x000ff1       data     extern C:\MCC18\SRC\TRADIT~1\PROC\p18f2550.asm
                  INTCON2   0x000ff1       data     extern C:\MCC18\SRC\TRADIT~1\PROC\p18f2550.asm
                   INTCON   0x000ff2       data     extern C:\MCC18\SRC\TRADIT~1\PROC\p18f2550.asm
               INTCONbits   0x000ff2       data     extern C:\MCC18\SRC\TRADIT~1\PROC\p18f2550.asm
                     PROD   0x000ff3       data     extern C:\MCC18\SRC\TRADIT~1\PROC\p18f2550.asm
                    PRODL   0x000ff3       data     extern C:\MCC18\SRC\TRADIT~1\PROC\p18f2550.asm
                    PRODH   0x000ff4       data     extern C:\MCC18\SRC\TRADIT~1\PROC\p18f2550.asm
                   TABLAT   0x000ff5       data     extern C:\MCC18\SRC\TRADIT~1\PROC\p18f2550.asm
                   TBLPTR   0x000ff6       data     extern C:\MCC18\SRC\TRADIT~1\PROC\p18f2550.asm
                  TBLPTRL   0x000ff6       data     extern C:\MCC18\SRC\TRADIT~1\PROC\p18f2550.asm
                  TBLPTRH   0x000ff7       data     extern C:\MCC18\SRC\TRADIT~1\PROC\p18f2550.asm
                  TBLPTRU   0x000ff8       data     extern C:\MCC18\SRC\TRADIT~1\PROC\p18f2550.asm
                      PCL   0x000ff9       data     extern C:\MCC18\SRC\TRADIT~1\PROC\p18f2550.asm
                       PC   0x000ff9       data     extern C:\MCC18\SRC\TRADIT~1\PROC\p18f2550.asm
                   PCLATH   0x000ffa       data     extern C:\MCC18\SRC\TRADIT~1\PROC\p18f2550.asm
                   PCLATU   0x000ffb       data     extern C:\MCC18\SRC\TRADIT~1\PROC\p18f2550.asm
               STKPTRbits   0x000ffc       data     extern C:\MCC18\SRC\TRADIT~1\PROC\p18f2550.asm
                   STKPTR   0x000ffc       data     extern C:\MCC18\SRC\TRADIT~1\PROC\p18f2550.asm
                      TOS   0x000ffd       data     extern C:\MCC18\SRC\TRADIT~1\PROC\p18f2550.asm
                     TOSL   0x000ffd       data     extern C:\MCC18\SRC\TRADIT~1\PROC\p18f2550.asm
                     TOSH   0x000ffe       data     extern C:\MCC18\SRC\TRADIT~1\PROC\p18f2550.asm
                     TOSU   0x000fff       data     extern C:\MCC18\SRC\TRADIT~1\PROC\p18f2550.asm


