MPLINK 3.90.01, Linker
Linker Map File - Created Wed Jan 16 16:06:39 2008

                                 Section Info
                  Section       Type    Address   Location Size(Bytes)
                ---------  ---------  ---------  ---------  ---------
               _entry_scn       code   0x000000    program   0x000006
      InterruptVectorHigh       code   0x000008    program   0x000006
                   .cinit    romdata   0x00002a    program   0x00000e
             .code_user.o       code   0x000038    program   0x0006d6
        .code_usart_int.o       code   0x00070e    program   0x0003dc
              .code_cdc.o       code   0x000aea    program   0x00037a
             .code_usb9.o       code   0x000e64    program   0x000308
       .code_usbctrltrf.o       code   0x00116c    program   0x0002ea
                     PROG       code   0x001456    program   0x0002b0
           .code_usbdrv.o       code   0x001706    program   0x00016e
                   STRING       code   0x001874    program   0x000160
        .romdata_usbdsc.o    romdata   0x0019d4    program   0x0000cd
         .idata_ubaud.o_i    romdata   0x001aa1    program   0x000000
         .romdata_uopen.o    romdata   0x001aa1    program   0x000000
         .idata_uopen.o_i    romdata   0x001aa1    program   0x000000
     .romdata_timerzero.o    romdata   0x001aa1    program   0x000000
     .idata_timerzero.o_i    romdata   0x001aa1    program   0x000000
         .romdata_c018i.o    romdata   0x001aa1    program   0x000000
     .romdata_usart_int.o    romdata   0x001aa1    program   0x000000
     .idata_usart_int.o_i    romdata   0x001aa1    program   0x000000
           .romdata_cdc.o    romdata   0x001aa1    program   0x000000
           .idata_cdc.o_i    romdata   0x001aa1    program   0x000000
         .romdata_ubaud.o    romdata   0x001aa1    program   0x000000
          .romdata_user.o    romdata   0x001aa1    program   0x000000
         .idata_c018i.o_i    romdata   0x001aa1    program   0x000000
       .idata_usbmmap.o_i    romdata   0x001aa1    program   0x000000
       .romdata_usbmmap.o    romdata   0x001aa1    program   0x000000
        .idata_usbdrv.o_i    romdata   0x001aa1    program   0x000000
        .romdata_usbdrv.o    romdata   0x001aa1    program   0x000000
          .idata_usb9.o_i    romdata   0x001aa1    program   0x000000
          .romdata_usb9.o    romdata   0x001aa1    program   0x000000
          .romdata_main.o    romdata   0x001aa1    program   0x000000
        .idata_usbdsc.o_i    romdata   0x001aa1    program   0x000000
    .idata_usbctrltrf.o_i    romdata   0x001aa1    program   0x000000
    .romdata_usbctrltrf.o    romdata   0x001aa1    program   0x000000
          .idata_main.o_i    romdata   0x001aa1    program   0x000000
            .code_c018i.o       code   0x001aa2    program   0x000000
           .code_usbdsc.o       code   0x001aa2    program   0x000000
          .code_usbmmap.o       code   0x001aa2    program   0x000000
               _cinit_scn       code   0x001aa2    program   0x00009e
        .code_timerzero.o       code   0x001b40    program   0x00007e
            .code_uopen.o       code   0x001bbe    program   0x000068
             .code_main.o       code   0x001c26    program   0x000032
            .code_ubaud.o       code   0x001c58    program   0x000022
             _startup_scn       code   0x001c7a    program   0x000018
          .idata_user.o_i    romdata   0x001c92    program   0x000002
                MATH_DATA      udata   0x000000       data   0x000014
                 .tmpdata      udata   0x000014       data   0x00000b
 InterruptHandlerHigh_tmp      udata   0x00001f       data   0x000008
            .udata_user.o      udata   0x000060       data   0x00004e
       .udata_usart_int.o      udata   0x0000ae       data   0x000026
             .udata_cdc.o      udata   0x0000d4       data   0x00001b
           .udata_c018i.o      udata   0x0000ef       data   0x00000a
         .udata_usbmmap.o      udata   0x0000f9       data   0x000004
          .udata_usbdrv.o      udata   0x0000fd       data   0x000002
       .udata_timerzero.o      udata   0x0000ff       data   0x000001
      .udata_usbctrltrf.o      udata   0x000100       data   0x000008
            .idata_user.o      idata   0x000108       data   0x000002
       .idata_usart_int.o      idata   0x00010a       data   0x000000
       .idata_timerzero.o      idata   0x00010a       data   0x000000
           .udata_uopen.o      udata   0x00010a       data   0x000000
             .idata_cdc.o      idata   0x00010a       data   0x000000
           .idata_uopen.o      idata   0x00010a       data   0x000000
           .udata_ubaud.o      udata   0x00010a       data   0x000000
           .idata_ubaud.o      idata   0x00010a       data   0x000000
      .idata_usbctrltrf.o      idata   0x00010a       data   0x000000
          .idata_usbdsc.o      idata   0x00010a       data   0x000000
          .udata_usbdsc.o      udata   0x00010a       data   0x000000
            .idata_usb9.o      idata   0x00010a       data   0x000000
            .udata_usb9.o      udata   0x00010a       data   0x000000
          .idata_usbdrv.o      idata   0x00010a       data   0x000000
         .idata_usbmmap.o      idata   0x00010a       data   0x000000
            .idata_main.o      idata   0x00010a       data   0x000000
            .udata_main.o      udata   0x00010a       data   0x000000
           .idata_c018i.o      idata   0x00010a       data   0x000000
                   .stack      udata   0x000300       data   0x000100
                  usbram4      udata   0x000400       data   0x000030
                 usbram5a      udata   0x000500       data   0x000088
            SFR_UNBANKED0      udata   0x000f66       data   0x00009a



                              Program Memory Usage 
                               Start         End      
                           ---------   ---------      
                            0x000000    0x000005      
                            0x000008    0x00000d      
                            0x00002a    0x001aa0      
                            0x001aa2    0x001c93      
            7285 out of 33048 program addresses used, program memory utilization is 22%



                              Symbols - Sorted by Name
                     Name    Address   Location    Storage File                     
                ---------  ---------  ---------  --------- ---------                
                  Actuate   0x0003b8    program     extern D:\PICs\ControlBoard\user\user.c
                CDCInitEP   0x000bae    program     extern D:\PICs\ControlBoard\system\usb\class\cdc\cdc.c
             CDCTxService   0x000d74    program     extern D:\PICs\ControlBoard\system\usb\class\cdc\cdc.c
          ClassReqHandler   0x001a9f    program     extern D:\PICs\ControlBoard\autofiles\usbdsc.c
               ClearArray   0x00184a    program     extern D:\PICs\ControlBoard\system\usb\usbdrv\usbdrv.c
              EEPROM_READ   0x0006ba    program     extern D:\PICs\ControlBoard\user\user.c
             EEPROM_WRITE   0x0006da    program     extern D:\PICs\ControlBoard\user\user.c
                 FLO0832S   0x00145a    program     extern C:\MCC18\SRC\TRADIT~1\MATH\cast08FP.asm
                 FLO0832U   0x001456    program     extern C:\MCC18\SRC\TRADIT~1\MATH\cast08FP.asm
                    FPM32   0x001478    program     extern C:\MCC18\SRC\TRADIT~1\MATH\mulFP.asm
                 FXM1616S   0x001552    program     extern C:\MCC18\SRC\TRADIT~1\MATH\fxm1616s.asm
              FirstLetter   0x000232    program     extern D:\PICs\ControlBoard\user\user.c
                  INT3208   0x0015ac    program     extern C:\MCC18\SRC\TRADIT~1\MATH\castFP08.asm
         InitializeSystem   0x001c32    program     static D:\PICs\ControlBoard\main.c
     InterruptHandlerHigh   0x000600    program     extern D:\PICs\ControlBoard\user\user.c
      InterruptVectorHigh   0x000008    program     extern D:\PICs\ControlBoard\user\user.c
                OpenUSART   0x001bbe    program     extern C:\mcc18\src\TRADIT~1\pmc\USART\uopen.c
                ProcessIO   0x0000e2    program     extern D:\PICs\ControlBoard\user\user.c
             SecondLetter   0x00031c    program     extern D:\PICs\ControlBoard\user\user.c
               TSIGN1616A   0x00159e    program     static C:\MCC18\SRC\TRADIT~1\MATH\fxm1616s.asm
              ThirdLetter   0x00036e    program     extern D:\PICs\ControlBoard\user\user.c
                USARTopen   0x00070e    program     extern D:\PICs\ControlBoard\usart_int.c
     USARTreadNbytesToRAM   0x000a58    program     extern D:\PICs\ControlBoard\usart_int.c
           USARTreadToRAM   0x0009ea    program     extern D:\PICs\ControlBoard\usart_int.c
        USARTwriteFromRAM   0x0008f8    program     extern D:\PICs\ControlBoard\usart_int.c
        USARTwriteFromROM   0x00096a    program     extern D:\PICs\ControlBoard\usart_int.c
  USARTwriteNbytesFromRAM   0x0007e6    program     extern D:\PICs\ControlBoard\usart_int.c
  USARTwriteNbytesFromROM   0x000868    program     extern D:\PICs\ControlBoard\usart_int.c
        USBCheckBusStatus   0x001706    program     extern D:\PICs\ControlBoard\system\usb\usbdrv\usbdrv.c
       USBCheckCDCRequest   0x000aea    program     extern D:\PICs\ControlBoard\system\usb\class\cdc\cdc.c
       USBCheckStdRequest   0x000e64    program     extern D:\PICs\ControlBoard\system\usb\usb9\usb9.c
         USBCtrlEPService   0x00116c    program     extern D:\PICs\ControlBoard\system\usb\usbctrltrf\usbctrltrf.c
 USBCtrlEPServiceComplete   0x0013ae    program     extern D:\PICs\ControlBoard\system\usb\usbctrltrf\usbctrltrf.c
      USBCtrlTrfInHandler   0x00122e    program     extern D:\PICs\ControlBoard\system\usb\usbctrltrf\usbctrltrf.c
     USBCtrlTrfOutHandler   0x00120e    program     extern D:\PICs\ControlBoard\system\usb\usbctrltrf\usbctrltrf.c
      USBCtrlTrfRxService   0x00133c    program     extern D:\PICs\ControlBoard\system\usb\usbctrltrf\usbctrltrf.c
   USBCtrlTrfSetupHandler   0x0011a2    program     extern D:\PICs\ControlBoard\system\usb\usbctrltrf\usbctrltrf.c
      USBCtrlTrfTxService   0x001268    program     extern D:\PICs\ControlBoard\system\usb\usbctrltrf\usbctrltrf.c
         USBDriverService   0x001744    program     extern D:\PICs\ControlBoard\system\usb\usbdrv\usbdrv.c
          USBErrorHandler   0x001802    program     extern D:\PICs\ControlBoard\system\usb\usbdrv\usbdrv.c
         USBModuleDisable   0x001736    program     extern D:\PICs\ControlBoard\system\usb\usbdrv\usbdrv.c
          USBModuleEnable   0x001728    program     extern D:\PICs\ControlBoard\system\usb\usbdrv\usbdrv.c
USBPrepareForNextSetupTrf   0x00143a    program     extern D:\PICs\ControlBoard\system\usb\usbctrltrf\usbctrltrf.c
  USBProtocolResetHandler   0x001806    program     extern D:\PICs\ControlBoard\system\usb\usbdrv\usbdrv.c
          USBRemoteWakeup   0x0017cc    program     extern D:\PICs\ControlBoard\system\usb\usbdrv\usbdrv.c
            USBSoftDetach   0x001740    program     extern D:\PICs\ControlBoard\system\usb\usbdrv\usbdrv.c
          USBStallHandler   0x0017f4    program     extern D:\PICs\ControlBoard\system\usb\usbdrv\usbdrv.c
  USBStdFeatureReqHandler   0x0010ca    program     extern D:\PICs\ControlBoard\system\usb\usb9\usb9.c
      USBStdGetDscHandler   0x000f26    program     extern D:\PICs\ControlBoard\system\usb\usb9\usb9.c
   USBStdGetStatusHandler   0x00102e    program     extern D:\PICs\ControlBoard\system\usb\usb9\usb9.c
      USBStdSetCfgHandler   0x000fde    program     extern D:\PICs\ControlBoard\system\usb\usb9\usb9.c
               USBSuspend   0x0017b4    program     extern D:\PICs\ControlBoard\system\usb\usbdrv\usbdrv.c
                 USBTasks   0x001c48    program     extern D:\PICs\ControlBoard\main.c
       USBWakeFromSuspend   0x0017c4    program     extern D:\PICs\ControlBoard\system\usb\usbdrv\usbdrv.c
               USB_CD_Ptr   0x001a95    program     extern D:\PICs\ControlBoard\autofiles\usbdsc.c
               USB_SD_Ptr   0x001a99    program     extern D:\PICs\ControlBoard\autofiles\usbdsc.c
          USB_SOF_Handler   0x0017f0    program     extern D:\PICs\ControlBoard\system\usb\usbdrv\usbdrv.c
                 UserInit   0x000038    program     extern D:\PICs\ControlBoard\user\user.c
              _2jContinue   0x001930    program     static C:\MCC18\SRC\TRADIT~1\STDCLIB\memset.asm
              _3jContinue   0x0018fc    program     static C:\MCC18\SRC\TRADIT~1\STDCLIB\mcpyp2r.asm
                   _3jEnd   0x00193a    program     static C:\MCC18\SRC\TRADIT~1\STDCLIB\memset.asm
              _4jContinue   0x0018a8    program     static C:\MCC18\SRC\TRADIT~1\STDCLIB\memcpy.asm
                   _4jEnd   0x001906    program     static C:\MCC18\SRC\TRADIT~1\STDCLIB\mcpyp2r.asm
                   _5jEnd   0x0018b2    program     static C:\MCC18\SRC\TRADIT~1\STDCLIB\memcpy.asm
                 __FpExit   0x001606    program     extern C:\MCC18\SRC\TRADIT~1\MATH\packFP.asm
                 __FpPack   0x001632    program     extern C:\MCC18\SRC\TRADIT~1\MATH\packFP.asm
            __FpReturnNaN   0x0015fa    program     extern C:\MCC18\SRC\TRADIT~1\MATH\packFP.asm
         __FpReturnNegInf   0x00160c    program     extern C:\MCC18\SRC\TRADIT~1\MATH\packFP.asm
        __FpReturnNegZero   0x001624    program     extern C:\MCC18\SRC\TRADIT~1\MATH\packFP.asm
         __FpReturnPosInf   0x001612    program     extern C:\MCC18\SRC\TRADIT~1\MATH\packFP.asm
        __FpReturnPosZero   0x00162c    program     extern C:\MCC18\SRC\TRADIT~1\MATH\packFP.asm
        __FpReturnSignInf   0x001608    program     extern C:\MCC18\SRC\TRADIT~1\MATH\packFP.asm
       __FpReturnSignZero   0x001620    program     extern C:\MCC18\SRC\TRADIT~1\MATH\packFP.asm
              __FpReturnW   0x00168a    program     extern C:\MCC18\SRC\TRADIT~1\MATH\packFP.asm
              __FpUnPackA   0x0016aa    program     extern C:\MCC18\SRC\TRADIT~1\MATH\UnpackFP.asm
              __FpUnPackB   0x0016da    program     extern C:\MCC18\SRC\TRADIT~1\MATH\UnpackFP.asm
       ___return_lbl00000   0x000004    program     static                          
       ___return_lbl00001   0x001c90    program     static                          
       ___return_lbl00002   0x001b3e    program     static                          
       ___return_lbl00026   0x0017c2    program     static                          
       ___return_lbl00040   0x00186c    program     static                          
       ___return_lbl00073   0x00000c    program     static                          
        ___while_lbl00041   0x00185e    program     static                          
        ___while_lbl00042   0x00186c    program     static                          
                _do_cinit   0x001aa2    program     extern C:\mcc18\src\traditional\startup\c018i.c
                   _entry   0x000000    program     extern C:\mcc18\src\traditional\startup\c018i.c
                 _startup   0x001c7a    program     extern C:\mcc18\src\traditional\startup\c018i.c
                baudUSART   0x001c58    program     extern C:\mcc18\src\TRADIT~1\pmc\USART\ubaud.c
                    cfg01   0x0019e6    program     extern D:\PICs\ControlBoard\autofiles\usbdsc.c
                copy_loop   0x001b14    program     static                          
            copy_one_byte   0x001b1a    program     static                          
               device_dsc   0x0019d4    program     extern D:\PICs\ControlBoard\autofiles\usbdsc.c
                     done   0x001b3e    program     static                          
             done_copying   0x001b28    program     static                          
             espera_x10ms   0x001b40    program     extern D:\PICs\ControlBoard\timerzero.c
             getsUSBUSART   0x000bfe    program     extern D:\PICs\ControlBoard\system\usb\class\cdc\cdc.c
                 jANotInf   0x001496    program     static C:\MCC18\SRC\TRADIT~1\MATH\mulFP.asm
              jBothFinite   0x0014a4    program     static C:\MCC18\SRC\TRADIT~1\MATH\mulFP.asm
             jBothNotZero   0x0014b0    program     static C:\MCC18\SRC\TRADIT~1\MATH\mulFP.asm
                     jEnd   0x0018b8    program     static C:\MCC18\SRC\TRADIT~1\STDCLIB\memcpy.asm
                     jEnd   0x00190e    program     static C:\MCC18\SRC\TRADIT~1\STDCLIB\mcpyp2r.asm
                     jEnd   0x001942    program     static C:\MCC18\SRC\TRADIT~1\STDCLIB\memset.asm
                     jEnd   0x0019b6    program     static C:\MCC18\SRC\TRADIT~1\STDCLIB\scpyp2r.asm
                     jEnd   0x0019d2    program     static C:\MCC18\SRC\TRADIT~1\STDCLIB\strlen.asm
                    jExit   0x0015f8    program     static C:\MCC18\SRC\TRADIT~1\MATH\castFP08.asm
                jHaveZero   0x0014ac    program     static C:\MCC18\SRC\TRADIT~1\MATH\mulFP.asm
                jI2F08Beg   0x001464    program     static C:\MCC18\SRC\TRADIT~1\MATH\cast08FP.asm
                    jLoop   0x0019c8    program     static C:\MCC18\SRC\TRADIT~1\STDCLIB\strlen.asm
                    jLoop   0x0019ac    program     static C:\MCC18\SRC\TRADIT~1\STDCLIB\scpyp2r.asm
                    jLoop   0x00196c    program     static C:\MCC18\SRC\TRADIT~1\STDCLIB\strcpy.asm
                    jLoop   0x001924    program     static C:\MCC18\SRC\TRADIT~1\STDCLIB\memset.asm
                    jLoop   0x0018f0    program     static C:\MCC18\SRC\TRADIT~1\STDCLIB\mcpyp2r.asm
                    jLoop   0x0015e0    program     static C:\MCC18\SRC\TRADIT~1\MATH\castFP08.asm
                    jLoop   0x00189c    program     static C:\MCC18\SRC\TRADIT~1\STDCLIB\memcpy.asm
                jLoopExit   0x0015ee    program     static C:\MCC18\SRC\TRADIT~1\MATH\castFP08.asm
                     jMax   0x0015bc    program     static C:\MCC18\SRC\TRADIT~1\MATH\castFP08.asm
                  jMaxNeg   0x0015c6    program     static C:\MCC18\SRC\TRADIT~1\MATH\castFP08.asm
                  jMaxPos   0x0015c0    program     static C:\MCC18\SRC\TRADIT~1\MATH\castFP08.asm
                  jNotInf   0x0015d0    program     static C:\MCC18\SRC\TRADIT~1\MATH\castFP08.asm
                  jPkLoop   0x001640    program     static C:\MCC18\SRC\TRADIT~1\MATH\packFP.asm
             jPkRoundDone   0x00168a    program     static C:\MCC18\SRC\TRADIT~1\MATH\packFP.asm
               jPkRoundIt   0x001672    program     static C:\MCC18\SRC\TRADIT~1\MATH\packFP.asm
             jPkShiftDone   0x00165c    program     static C:\MCC18\SRC\TRADIT~1\MATH\packFP.asm
           jReturnPosInf0   0x001616    program     static C:\MCC18\SRC\TRADIT~1\MATH\packFP.asm
                  jUnpkA1   0x0016b4    program     static C:\MCC18\SRC\TRADIT~1\MATH\UnpackFP.asm
                  jUnpkA2   0x0016cc    program     static C:\MCC18\SRC\TRADIT~1\MATH\UnpackFP.asm
                 jUnpkANZ   0x0016c2    program     static C:\MCC18\SRC\TRADIT~1\MATH\UnpackFP.asm
                  jUnpkB1   0x0016e4    program     static C:\MCC18\SRC\TRADIT~1\MATH\UnpackFP.asm
                  jUnpkB2   0x0016fc    program     static C:\MCC18\SRC\TRADIT~1\MATH\UnpackFP.asm
                 jUnpkBNZ   0x0016f2    program     static C:\MCC18\SRC\TRADIT~1\MATH\UnpackFP.asm
                 jUnpkNaN   0x0016d6    program     static C:\MCC18\SRC\TRADIT~1\MATH\UnpackFP.asm
                    jZero   0x0015cc    program     static C:\MCC18\SRC\TRADIT~1\MATH\castFP08.asm
               jZero1and2   0x00161a    program     static C:\MCC18\SRC\TRADIT~1\MATH\packFP.asm
                     loop   0x001c8a    program     static                          
                     main   0x001c26    program     extern D:\PICs\ControlBoard\main.c
                   memcpy   0x001874    program     extern C:\MCC18\SRC\TRADIT~1\STDCLIB\memcpy.asm
            memcpypgm2ram   0x0018ca    program     extern C:\MCC18\SRC\TRADIT~1\STDCLIB\mcpyp2r.asm
                   memset   0x001910    program     extern C:\MCC18\SRC\TRADIT~1\STDCLIB\memset.asm
            putrsUSBUSART   0x000cf8    program     extern D:\PICs\ControlBoard\system\usb\class\cdc\cdc.c
             putsUSBUSART   0x000c7e    program     extern D:\PICs\ControlBoard\system\usb\class\cdc\cdc.c
                    sd000   0x001a29    program     extern D:\PICs\ControlBoard\autofiles\usbdsc.c
                    sd001   0x001a2d    program     extern D:\PICs\ControlBoard\autofiles\usbdsc.c
                    sd002   0x001a61    program     extern D:\PICs\ControlBoard\autofiles\usbdsc.c
                   strcpy   0x001944    program     extern C:\MCC18\SRC\TRADIT~1\STDCLIB\strcpy.asm
            strcpypgm2ram   0x001986    program     extern C:\MCC18\SRC\TRADIT~1\STDCLIB\scpyp2r.asm
                   strlen   0x0019b8    program     extern C:\MCC18\SRC\TRADIT~1\STDCLIB\strlen.asm
                     test   0x001abc    program     static                          
                   AARGB0   0x000007       data     extern C:\MCC18\SRC\TRADIT~1\MATH\aarg.asm
                   AARGB1   0x000006       data     extern C:\MCC18\SRC\TRADIT~1\MATH\aarg.asm
                   AARGB2   0x000005       data     extern C:\MCC18\SRC\TRADIT~1\MATH\aarg.asm
                   AARGB3   0x000004       data     extern C:\MCC18\SRC\TRADIT~1\MATH\aarg.asm
                   AARGB4   0x000003       data     extern C:\MCC18\SRC\TRADIT~1\MATH\aarg.asm
                   AARGB5   0x000002       data     extern C:\MCC18\SRC\TRADIT~1\MATH\aarg.asm
                   AARGB6   0x000001       data     extern C:\MCC18\SRC\TRADIT~1\MATH\aarg.asm
                   AARGB7   0x000000       data     extern C:\MCC18\SRC\TRADIT~1\MATH\aarg.asm
                   ADCON0   0x000fc2       data     extern C:\MCC18\SRC\TRADIT~1\PROC\p18f2550.asm
               ADCON0bits   0x000fc2       data     extern C:\MCC18\SRC\TRADIT~1\PROC\p18f2550.asm
                   ADCON1   0x000fc1       data     extern C:\MCC18\SRC\TRADIT~1\PROC\p18f2550.asm
               ADCON1bits   0x000fc1       data     extern C:\MCC18\SRC\TRADIT~1\PROC\p18f2550.asm
                   ADCON2   0x000fc0       data     extern C:\MCC18\SRC\TRADIT~1\PROC\p18f2550.asm
               ADCON2bits   0x000fc0       data     extern C:\MCC18\SRC\TRADIT~1\PROC\p18f2550.asm
                    ADRES   0x000fc3       data     extern C:\MCC18\SRC\TRADIT~1\PROC\p18f2550.asm
                   ADRESH   0x000fc4       data     extern C:\MCC18\SRC\TRADIT~1\PROC\p18f2550.asm
                   ADRESL   0x000fc3       data     extern C:\MCC18\SRC\TRADIT~1\PROC\p18f2550.asm
                     AEXP   0x000008       data     extern C:\MCC18\SRC\TRADIT~1\MATH\aarg.asm
                   BARGB0   0x00000c       data     extern C:\MCC18\SRC\TRADIT~1\MATH\barg.asm
                   BARGB1   0x00000b       data     extern C:\MCC18\SRC\TRADIT~1\MATH\barg.asm
                   BARGB2   0x00000a       data     extern C:\MCC18\SRC\TRADIT~1\MATH\barg.asm
                   BARGB3   0x000009       data     extern C:\MCC18\SRC\TRADIT~1\MATH\barg.asm
                  BAUDCON   0x000fb8       data     extern C:\MCC18\SRC\TRADIT~1\PROC\p18f2550.asm
              BAUDCONbits   0x000fb8       data     extern C:\MCC18\SRC\TRADIT~1\PROC\p18f2550.asm
                     BEXP   0x00000d       data     extern C:\MCC18\SRC\TRADIT~1\MATH\barg.asm
                      BSR   0x000fe0       data     extern C:\MCC18\SRC\TRADIT~1\PROC\p18f2550.asm
                   CCP1AS   0x000fb6       data     extern C:\MCC18\SRC\TRADIT~1\PROC\p18f2550.asm
               CCP1ASbits   0x000fb6       data     extern C:\MCC18\SRC\TRADIT~1\PROC\p18f2550.asm
                  CCP1CON   0x000fbd       data     extern C:\MCC18\SRC\TRADIT~1\PROC\p18f2550.asm
              CCP1CONbits   0x000fbd       data     extern C:\MCC18\SRC\TRADIT~1\PROC\p18f2550.asm
                  CCP1DEL   0x000fb7       data     extern C:\MCC18\SRC\TRADIT~1\PROC\p18f2550.asm
              CCP1DELbits   0x000fb7       data     extern C:\MCC18\SRC\TRADIT~1\PROC\p18f2550.asm
                  CCP2CON   0x000fba       data     extern C:\MCC18\SRC\TRADIT~1\PROC\p18f2550.asm
              CCP2CONbits   0x000fba       data     extern C:\MCC18\SRC\TRADIT~1\PROC\p18f2550.asm
                    CCPR1   0x000fbe       data     extern C:\MCC18\SRC\TRADIT~1\PROC\p18f2550.asm
                   CCPR1H   0x000fbf       data     extern C:\MCC18\SRC\TRADIT~1\PROC\p18f2550.asm
                   CCPR1L   0x000fbe       data     extern C:\MCC18\SRC\TRADIT~1\PROC\p18f2550.asm
                    CCPR2   0x000fbb       data     extern C:\MCC18\SRC\TRADIT~1\PROC\p18f2550.asm
                   CCPR2H   0x000fbc       data     extern C:\MCC18\SRC\TRADIT~1\PROC\p18f2550.asm
                   CCPR2L   0x000fbb       data     extern C:\MCC18\SRC\TRADIT~1\PROC\p18f2550.asm
                    CMCON   0x000fb4       data     extern C:\MCC18\SRC\TRADIT~1\PROC\p18f2550.asm
                CMCONbits   0x000fb4       data     extern C:\MCC18\SRC\TRADIT~1\PROC\p18f2550.asm
                   CVRCON   0x000fb5       data     extern C:\MCC18\SRC\TRADIT~1\PROC\p18f2550.asm
               CVRCONbits   0x000fb5       data     extern C:\MCC18\SRC\TRADIT~1\PROC\p18f2550.asm
              CtrlTrfData   0x000428       data     extern D:\PICs\ControlBoard\system\usb\usbmmap.c
                     DDRA   0x000f92       data     extern C:\MCC18\SRC\TRADIT~1\PROC\p18f2550.asm
                 DDRAbits   0x000f92       data     extern C:\MCC18\SRC\TRADIT~1\PROC\p18f2550.asm
                     DDRB   0x000f93       data     extern C:\MCC18\SRC\TRADIT~1\PROC\p18f2550.asm
                 DDRBbits   0x000f93       data     extern C:\MCC18\SRC\TRADIT~1\PROC\p18f2550.asm
                     DDRC   0x000f94       data     extern C:\MCC18\SRC\TRADIT~1\PROC\p18f2550.asm
                 DDRCbits   0x000f94       data     extern C:\MCC18\SRC\TRADIT~1\PROC\p18f2550.asm
                    EEADR   0x000fa9       data     extern C:\MCC18\SRC\TRADIT~1\PROC\p18f2550.asm
                   EECON1   0x000fa6       data     extern C:\MCC18\SRC\TRADIT~1\PROC\p18f2550.asm
               EECON1bits   0x000fa6       data     extern C:\MCC18\SRC\TRADIT~1\PROC\p18f2550.asm
                   EECON2   0x000fa7       data     extern C:\MCC18\SRC\TRADIT~1\PROC\p18f2550.asm
                   EEDATA   0x000fa8       data     extern C:\MCC18\SRC\TRADIT~1\PROC\p18f2550.asm
                  FPFLAGS   0x00000f       data     extern C:\MCC18\SRC\TRADIT~1\MATH\cmath18.asm
              FPFLAGSbits   0x00000f       data     extern C:\MCC18\SRC\TRADIT~1\MATH\cmath18.asm
                     FSR0   0x000fe9       data     extern C:\MCC18\SRC\TRADIT~1\PROC\p18f2550.asm
                    FSR0H   0x000fea       data     extern C:\MCC18\SRC\TRADIT~1\PROC\p18f2550.asm
                    FSR0L   0x000fe9       data     extern C:\MCC18\SRC\TRADIT~1\PROC\p18f2550.asm
                     FSR1   0x000fe1       data     extern C:\MCC18\SRC\TRADIT~1\PROC\p18f2550.asm
                    FSR1H   0x000fe2       data     extern C:\MCC18\SRC\TRADIT~1\PROC\p18f2550.asm
                    FSR1L   0x000fe1       data     extern C:\MCC18\SRC\TRADIT~1\PROC\p18f2550.asm
                     FSR2   0x000fd9       data     extern C:\MCC18\SRC\TRADIT~1\PROC\p18f2550.asm
                    FSR2H   0x000fda       data     extern C:\MCC18\SRC\TRADIT~1\PROC\p18f2550.asm
                    FSR2L   0x000fd9       data     extern C:\MCC18\SRC\TRADIT~1\PROC\p18f2550.asm
                  HLVDCON   0x000fd2       data     extern C:\MCC18\SRC\TRADIT~1\PROC\p18f2550.asm
              HLVDCONbits   0x000fd2       data     extern C:\MCC18\SRC\TRADIT~1\PROC\p18f2550.asm
                    INDF0   0x000fef       data     extern C:\MCC18\SRC\TRADIT~1\PROC\p18f2550.asm
                    INDF1   0x000fe7       data     extern C:\MCC18\SRC\TRADIT~1\PROC\p18f2550.asm
                    INDF2   0x000fdf       data     extern C:\MCC18\SRC\TRADIT~1\PROC\p18f2550.asm
                   INTCON   0x000ff2       data     extern C:\MCC18\SRC\TRADIT~1\PROC\p18f2550.asm
                  INTCON2   0x000ff1       data     extern C:\MCC18\SRC\TRADIT~1\PROC\p18f2550.asm
              INTCON2bits   0x000ff1       data     extern C:\MCC18\SRC\TRADIT~1\PROC\p18f2550.asm
                  INTCON3   0x000ff0       data     extern C:\MCC18\SRC\TRADIT~1\PROC\p18f2550.asm
              INTCON3bits   0x000ff0       data     extern C:\MCC18\SRC\TRADIT~1\PROC\p18f2550.asm
               INTCONbits   0x000ff2       data     extern C:\MCC18\SRC\TRADIT~1\PROC\p18f2550.asm
                     IPR1   0x000f9f       data     extern C:\MCC18\SRC\TRADIT~1\PROC\p18f2550.asm
                 IPR1bits   0x000f9f       data     extern C:\MCC18\SRC\TRADIT~1\PROC\p18f2550.asm
                     IPR2   0x000fa2       data     extern C:\MCC18\SRC\TRADIT~1\PROC\p18f2550.asm
                 IPR2bits   0x000fa2       data     extern C:\MCC18\SRC\TRADIT~1\PROC\p18f2550.asm
                     LATA   0x000f89       data     extern C:\MCC18\SRC\TRADIT~1\PROC\p18f2550.asm
                 LATAbits   0x000f89       data     extern C:\MCC18\SRC\TRADIT~1\PROC\p18f2550.asm
                     LATB   0x000f8a       data     extern C:\MCC18\SRC\TRADIT~1\PROC\p18f2550.asm
                 LATBbits   0x000f8a       data     extern C:\MCC18\SRC\TRADIT~1\PROC\p18f2550.asm
                     LATC   0x000f8b       data     extern C:\MCC18\SRC\TRADIT~1\PROC\p18f2550.asm
                 LATCbits   0x000f8b       data     extern C:\MCC18\SRC\TRADIT~1\PROC\p18f2550.asm
                   LVDCON   0x000fd2       data     extern C:\MCC18\SRC\TRADIT~1\PROC\p18f2550.asm
               LVDCONbits   0x000fd2       data     extern C:\MCC18\SRC\TRADIT~1\PROC\p18f2550.asm
                   Left_Y   0x000092       data     static D:\PICs\ControlBoard\user\user.c
                   MaxPWM   0x0000ac       data     extern D:\PICs\ControlBoard\user\user.c
                   MinPWM   0x0000ad       data     extern D:\PICs\ControlBoard\user\user.c
                   MouthH   0x000090       data     static D:\PICs\ControlBoard\user\user.c
                   MouthL   0x000091       data     static D:\PICs\ControlBoard\user\user.c
                   N1Char   0x00008d       data     static D:\PICs\ControlBoard\user\user.c
                   N2Char   0x00008e       data     static D:\PICs\ControlBoard\user\user.c
                   N3Char   0x00008f       data     static D:\PICs\ControlBoard\user\user.c
                    NChar   0x00008c       data     static D:\PICs\ControlBoard\user\user.c
                     Ncar   0x00008b       data     static D:\PICs\ControlBoard\user\user.c
                   OSCCON   0x000fd3       data     extern C:\MCC18\SRC\TRADIT~1\PROC\p18f2550.asm
               OSCCONbits   0x000fd3       data     extern C:\MCC18\SRC\TRADIT~1\PROC\p18f2550.asm
                  OSCTUNE   0x000f9b       data     extern C:\MCC18\SRC\TRADIT~1\PROC\p18f2550.asm
              OSCTUNEbits   0x000f9b       data     extern C:\MCC18\SRC\TRADIT~1\PROC\p18f2550.asm
                       PC   0x000ff9       data     extern C:\MCC18\SRC\TRADIT~1\PROC\p18f2550.asm
                      PCL   0x000ff9       data     extern C:\MCC18\SRC\TRADIT~1\PROC\p18f2550.asm
                   PCLATH   0x000ffa       data     extern C:\MCC18\SRC\TRADIT~1\PROC\p18f2550.asm
                   PCLATU   0x000ffb       data     extern C:\MCC18\SRC\TRADIT~1\PROC\p18f2550.asm
                     PIE1   0x000f9d       data     extern C:\MCC18\SRC\TRADIT~1\PROC\p18f2550.asm
                 PIE1bits   0x000f9d       data     extern C:\MCC18\SRC\TRADIT~1\PROC\p18f2550.asm
                     PIE2   0x000fa0       data     extern C:\MCC18\SRC\TRADIT~1\PROC\p18f2550.asm
                 PIE2bits   0x000fa0       data     extern C:\MCC18\SRC\TRADIT~1\PROC\p18f2550.asm
                     PIR1   0x000f9e       data     extern C:\MCC18\SRC\TRADIT~1\PROC\p18f2550.asm
                 PIR1bits   0x000f9e       data     extern C:\MCC18\SRC\TRADIT~1\PROC\p18f2550.asm
                     PIR2   0x000fa1       data     extern C:\MCC18\SRC\TRADIT~1\PROC\p18f2550.asm
                 PIR2bits   0x000fa1       data     extern C:\MCC18\SRC\TRADIT~1\PROC\p18f2550.asm
                   PLUSW0   0x000feb       data     extern C:\MCC18\SRC\TRADIT~1\PROC\p18f2550.asm
                   PLUSW1   0x000fe3       data     extern C:\MCC18\SRC\TRADIT~1\PROC\p18f2550.asm
                   PLUSW2   0x000fdb       data     extern C:\MCC18\SRC\TRADIT~1\PROC\p18f2550.asm
                    PORTA   0x000f80       data     extern C:\MCC18\SRC\TRADIT~1\PROC\p18f2550.asm
                PORTAbits   0x000f80       data     extern C:\MCC18\SRC\TRADIT~1\PROC\p18f2550.asm
                    PORTB   0x000f81       data     extern C:\MCC18\SRC\TRADIT~1\PROC\p18f2550.asm
                PORTBbits   0x000f81       data     extern C:\MCC18\SRC\TRADIT~1\PROC\p18f2550.asm
                    PORTC   0x000f82       data     extern C:\MCC18\SRC\TRADIT~1\PROC\p18f2550.asm
                PORTCbits   0x000f82       data     extern C:\MCC18\SRC\TRADIT~1\PROC\p18f2550.asm
                    PORTE   0x000f84       data     extern C:\MCC18\SRC\TRADIT~1\PROC\p18f2550.asm
                PORTEbits   0x000f84       data     extern C:\MCC18\SRC\TRADIT~1\PROC\p18f2550.asm
                 POSTDEC0   0x000fed       data     extern C:\MCC18\SRC\TRADIT~1\PROC\p18f2550.asm
                 POSTDEC1   0x000fe5       data     extern C:\MCC18\SRC\TRADIT~1\PROC\p18f2550.asm
                 POSTDEC2   0x000fdd       data     extern C:\MCC18\SRC\TRADIT~1\PROC\p18f2550.asm
                 POSTINC0   0x000fee       data     extern C:\MCC18\SRC\TRADIT~1\PROC\p18f2550.asm
                 POSTINC1   0x000fe6       data     extern C:\MCC18\SRC\TRADIT~1\PROC\p18f2550.asm
                 POSTINC2   0x000fde       data     extern C:\MCC18\SRC\TRADIT~1\PROC\p18f2550.asm
                      PR2   0x000fcb       data     extern C:\MCC18\SRC\TRADIT~1\PROC\p18f2550.asm
                  PREINC0   0x000fec       data     extern C:\MCC18\SRC\TRADIT~1\PROC\p18f2550.asm
                  PREINC1   0x000fe4       data     extern C:\MCC18\SRC\TRADIT~1\PROC\p18f2550.asm
                  PREINC2   0x000fdc       data     extern C:\MCC18\SRC\TRADIT~1\PROC\p18f2550.asm
                     PROD   0x000ff3       data     extern C:\MCC18\SRC\TRADIT~1\PROC\p18f2550.asm
                    PRODH   0x000ff4       data     extern C:\MCC18\SRC\TRADIT~1\PROC\p18f2550.asm
                    PRODL   0x000ff3       data     extern C:\MCC18\SRC\TRADIT~1\PROC\p18f2550.asm
                Pwm_count   0x0000a8       data     static D:\PICs\ControlBoard\user\user.c
                     RCON   0x000fd0       data     extern C:\MCC18\SRC\TRADIT~1\PROC\p18f2550.asm
                 RCONbits   0x000fd0       data     extern C:\MCC18\SRC\TRADIT~1\PROC\p18f2550.asm
                    RCREG   0x000fae       data     extern C:\MCC18\SRC\TRADIT~1\PROC\p18f2550.asm
                    RCSTA   0x000fab       data     extern C:\MCC18\SRC\TRADIT~1\PROC\p18f2550.asm
                RCSTAbits   0x000fab       data     extern C:\MCC18\SRC\TRADIT~1\PROC\p18f2550.asm
                    REMB0   0x000003       data     extern C:\MCC18\SRC\TRADIT~1\MATH\aarg.asm
                    REMB1   0x000002       data     extern C:\MCC18\SRC\TRADIT~1\MATH\aarg.asm
                    REMB2   0x000001       data     extern C:\MCC18\SRC\TRADIT~1\MATH\aarg.asm
                    REMB3   0x000000       data     extern C:\MCC18\SRC\TRADIT~1\MATH\aarg.asm
                  Right_Y   0x000093       data     static D:\PICs\ControlBoard\user\user.c
                     SIGN   0x00000e       data     extern C:\MCC18\SRC\TRADIT~1\MATH\cmath18.asm
                  SLetter   0x000098       data     static D:\PICs\ControlBoard\user\user.c
                    SPBRG   0x000faf       data     extern C:\MCC18\SRC\TRADIT~1\PROC\p18f2550.asm
                   SPBRGH   0x000fb0       data     extern C:\MCC18\SRC\TRADIT~1\PROC\p18f2550.asm
                   SSPADD   0x000fc8       data     extern C:\MCC18\SRC\TRADIT~1\PROC\p18f2550.asm
                   SSPBUF   0x000fc9       data     extern C:\MCC18\SRC\TRADIT~1\PROC\p18f2550.asm
                  SSPCON1   0x000fc6       data     extern C:\MCC18\SRC\TRADIT~1\PROC\p18f2550.asm
              SSPCON1bits   0x000fc6       data     extern C:\MCC18\SRC\TRADIT~1\PROC\p18f2550.asm
                  SSPCON2   0x000fc5       data     extern C:\MCC18\SRC\TRADIT~1\PROC\p18f2550.asm
              SSPCON2bits   0x000fc5       data     extern C:\MCC18\SRC\TRADIT~1\PROC\p18f2550.asm
                  SSPSTAT   0x000fc7       data     extern C:\MCC18\SRC\TRADIT~1\PROC\p18f2550.asm
              SSPSTATbits   0x000fc7       data     extern C:\MCC18\SRC\TRADIT~1\PROC\p18f2550.asm
                   STATUS   0x000fd8       data     extern C:\MCC18\SRC\TRADIT~1\PROC\p18f2550.asm
               STATUSbits   0x000fd8       data     extern C:\MCC18\SRC\TRADIT~1\PROC\p18f2550.asm
                   STKPTR   0x000ffc       data     extern C:\MCC18\SRC\TRADIT~1\PROC\p18f2550.asm
               STKPTRbits   0x000ffc       data     extern C:\MCC18\SRC\TRADIT~1\PROC\p18f2550.asm
                   ServoH   0x000094       data     static D:\PICs\ControlBoard\user\user.c
                   ServoL   0x000095       data     static D:\PICs\ControlBoard\user\user.c
                Servo_PWM   0x0000a9       data     static D:\PICs\ControlBoard\user\user.c
                 SetupPkt   0x000420       data     extern D:\PICs\ControlBoard\system\usb\usbmmap.c
                    State   0x000108       data     static D:\PICs\ControlBoard\user\user.c
                    T0CON   0x000fd5       data     extern C:\MCC18\SRC\TRADIT~1\PROC\p18f2550.asm
                T0CONbits   0x000fd5       data     extern C:\MCC18\SRC\TRADIT~1\PROC\p18f2550.asm
                    T1CON   0x000fcd       data     extern C:\MCC18\SRC\TRADIT~1\PROC\p18f2550.asm
                T1CONbits   0x000fcd       data     extern C:\MCC18\SRC\TRADIT~1\PROC\p18f2550.asm
                    T2CON   0x000fca       data     extern C:\MCC18\SRC\TRADIT~1\PROC\p18f2550.asm
                T2CONbits   0x000fca       data     extern C:\MCC18\SRC\TRADIT~1\PROC\p18f2550.asm
                    T3CON   0x000fb1       data     extern C:\MCC18\SRC\TRADIT~1\PROC\p18f2550.asm
                T3CONbits   0x000fb1       data     extern C:\MCC18\SRC\TRADIT~1\PROC\p18f2550.asm
                   TABLAT   0x000ff5       data     extern C:\MCC18\SRC\TRADIT~1\PROC\p18f2550.asm
                   TBLPTR   0x000ff6       data     extern C:\MCC18\SRC\TRADIT~1\PROC\p18f2550.asm
                  TBLPTRH   0x000ff7       data     extern C:\MCC18\SRC\TRADIT~1\PROC\p18f2550.asm
                  TBLPTRL   0x000ff6       data     extern C:\MCC18\SRC\TRADIT~1\PROC\p18f2550.asm
                  TBLPTRU   0x000ff8       data     extern C:\MCC18\SRC\TRADIT~1\PROC\p18f2550.asm
                     TEMP   0x000013       data     extern C:\MCC18\SRC\TRADIT~1\MATH\temparg.asm
                   TEMPB0   0x000013       data     extern C:\MCC18\SRC\TRADIT~1\MATH\temparg.asm
                   TEMPB1   0x000012       data     extern C:\MCC18\SRC\TRADIT~1\MATH\temparg.asm
                   TEMPB2   0x000011       data     extern C:\MCC18\SRC\TRADIT~1\MATH\temparg.asm
                   TEMPB3   0x000010       data     extern C:\MCC18\SRC\TRADIT~1\MATH\temparg.asm
                    TMR0H   0x000fd7       data     extern C:\MCC18\SRC\TRADIT~1\PROC\p18f2550.asm
                    TMR0L   0x000fd6       data     extern C:\MCC18\SRC\TRADIT~1\PROC\p18f2550.asm
                  TMR0fim   0x0000ff       data     extern D:\PICs\ControlBoard\timerzero.c
                    TMR1H   0x000fcf       data     extern C:\MCC18\SRC\TRADIT~1\PROC\p18f2550.asm
                    TMR1L   0x000fce       data     extern C:\MCC18\SRC\TRADIT~1\PROC\p18f2550.asm
                     TMR2   0x000fcc       data     extern C:\MCC18\SRC\TRADIT~1\PROC\p18f2550.asm
                    TMR3H   0x000fb3       data     extern C:\MCC18\SRC\TRADIT~1\PROC\p18f2550.asm
                    TMR3L   0x000fb2       data     extern C:\MCC18\SRC\TRADIT~1\PROC\p18f2550.asm
                      TOS   0x000ffd       data     extern C:\MCC18\SRC\TRADIT~1\PROC\p18f2550.asm
                     TOSH   0x000ffe       data     extern C:\MCC18\SRC\TRADIT~1\PROC\p18f2550.asm
                     TOSL   0x000ffd       data     extern C:\MCC18\SRC\TRADIT~1\PROC\p18f2550.asm
                     TOSU   0x000fff       data     extern C:\MCC18\SRC\TRADIT~1\PROC\p18f2550.asm
                    TRISA   0x000f92       data     extern C:\MCC18\SRC\TRADIT~1\PROC\p18f2550.asm
                TRISAbits   0x000f92       data     extern C:\MCC18\SRC\TRADIT~1\PROC\p18f2550.asm
                    TRISB   0x000f93       data     extern C:\MCC18\SRC\TRADIT~1\PROC\p18f2550.asm
                TRISBbits   0x000f93       data     extern C:\MCC18\SRC\TRADIT~1\PROC\p18f2550.asm
                    TRISC   0x000f94       data     extern C:\MCC18\SRC\TRADIT~1\PROC\p18f2550.asm
                TRISCbits   0x000f94       data     extern C:\MCC18\SRC\TRADIT~1\PROC\p18f2550.asm
                    TXREG   0x000fad       data     extern C:\MCC18\SRC\TRADIT~1\PROC\p18f2550.asm
                    TXSTA   0x000fac       data     extern C:\MCC18\SRC\TRADIT~1\PROC\p18f2550.asm
                TXSTAbits   0x000fac       data     extern C:\MCC18\SRC\TRADIT~1\PROC\p18f2550.asm
                    UADDR   0x000f6e       data     extern C:\MCC18\SRC\TRADIT~1\PROC\p18f2550.asm
                UADDRbits   0x000f6e       data     extern C:\MCC18\SRC\TRADIT~1\PROC\p18f2550.asm
                     UCFG   0x000f6f       data     extern C:\MCC18\SRC\TRADIT~1\PROC\p18f2550.asm
                 UCFGbits   0x000f6f       data     extern C:\MCC18\SRC\TRADIT~1\PROC\p18f2550.asm
                     UCON   0x000f6d       data     extern C:\MCC18\SRC\TRADIT~1\PROC\p18f2550.asm
                 UCONbits   0x000f6d       data     extern C:\MCC18\SRC\TRADIT~1\PROC\p18f2550.asm
                     UEIE   0x000f6b       data     extern C:\MCC18\SRC\TRADIT~1\PROC\p18f2550.asm
                 UEIEbits   0x000f6b       data     extern C:\MCC18\SRC\TRADIT~1\PROC\p18f2550.asm
                     UEIR   0x000f6a       data     extern C:\MCC18\SRC\TRADIT~1\PROC\p18f2550.asm
                 UEIRbits   0x000f6a       data     extern C:\MCC18\SRC\TRADIT~1\PROC\p18f2550.asm
                     UEP0   0x000f70       data     extern C:\MCC18\SRC\TRADIT~1\PROC\p18f2550.asm
                 UEP0bits   0x000f70       data     extern C:\MCC18\SRC\TRADIT~1\PROC\p18f2550.asm
                     UEP1   0x000f71       data     extern C:\MCC18\SRC\TRADIT~1\PROC\p18f2550.asm
                    UEP10   0x000f7a       data     extern C:\MCC18\SRC\TRADIT~1\PROC\p18f2550.asm
                UEP10bits   0x000f7a       data     extern C:\MCC18\SRC\TRADIT~1\PROC\p18f2550.asm
                    UEP11   0x000f7b       data     extern C:\MCC18\SRC\TRADIT~1\PROC\p18f2550.asm
                UEP11bits   0x000f7b       data     extern C:\MCC18\SRC\TRADIT~1\PROC\p18f2550.asm
                    UEP12   0x000f7c       data     extern C:\MCC18\SRC\TRADIT~1\PROC\p18f2550.asm
                UEP12bits   0x000f7c       data     extern C:\MCC18\SRC\TRADIT~1\PROC\p18f2550.asm
                    UEP13   0x000f7d       data     extern C:\MCC18\SRC\TRADIT~1\PROC\p18f2550.asm
                UEP13bits   0x000f7d       data     extern C:\MCC18\SRC\TRADIT~1\PROC\p18f2550.asm
                    UEP14   0x000f7e       data     extern C:\MCC18\SRC\TRADIT~1\PROC\p18f2550.asm
                UEP14bits   0x000f7e       data     extern C:\MCC18\SRC\TRADIT~1\PROC\p18f2550.asm
                    UEP15   0x000f7f       data     extern C:\MCC18\SRC\TRADIT~1\PROC\p18f2550.asm
                UEP15bits   0x000f7f       data     extern C:\MCC18\SRC\TRADIT~1\PROC\p18f2550.asm
                 UEP1bits   0x000f71       data     extern C:\MCC18\SRC\TRADIT~1\PROC\p18f2550.asm
                     UEP2   0x000f72       data     extern C:\MCC18\SRC\TRADIT~1\PROC\p18f2550.asm
                 UEP2bits   0x000f72       data     extern C:\MCC18\SRC\TRADIT~1\PROC\p18f2550.asm
                     UEP3   0x000f73       data     extern C:\MCC18\SRC\TRADIT~1\PROC\p18f2550.asm
                 UEP3bits   0x000f73       data     extern C:\MCC18\SRC\TRADIT~1\PROC\p18f2550.asm
                     UEP4   0x000f74       data     extern C:\MCC18\SRC\TRADIT~1\PROC\p18f2550.asm
                 UEP4bits   0x000f74       data     extern C:\MCC18\SRC\TRADIT~1\PROC\p18f2550.asm
                     UEP5   0x000f75       data     extern C:\MCC18\SRC\TRADIT~1\PROC\p18f2550.asm
                 UEP5bits   0x000f75       data     extern C:\MCC18\SRC\TRADIT~1\PROC\p18f2550.asm
                     UEP6   0x000f76       data     extern C:\MCC18\SRC\TRADIT~1\PROC\p18f2550.asm
                 UEP6bits   0x000f76       data     extern C:\MCC18\SRC\TRADIT~1\PROC\p18f2550.asm
                     UEP7   0x000f77       data     extern C:\MCC18\SRC\TRADIT~1\PROC\p18f2550.asm
                 UEP7bits   0x000f77       data     extern C:\MCC18\SRC\TRADIT~1\PROC\p18f2550.asm
                     UEP8   0x000f78       data     extern C:\MCC18\SRC\TRADIT~1\PROC\p18f2550.asm
                 UEP8bits   0x000f78       data     extern C:\MCC18\SRC\TRADIT~1\PROC\p18f2550.asm
                     UEP9   0x000f79       data     extern C:\MCC18\SRC\TRADIT~1\PROC\p18f2550.asm
                 UEP9bits   0x000f79       data     extern C:\MCC18\SRC\TRADIT~1\PROC\p18f2550.asm
                     UFRM   0x000f66       data     extern C:\MCC18\SRC\TRADIT~1\PROC\p18f2550.asm
                    UFRMH   0x000f67       data     extern C:\MCC18\SRC\TRADIT~1\PROC\p18f2550.asm
                    UFRML   0x000f66       data     extern C:\MCC18\SRC\TRADIT~1\PROC\p18f2550.asm
                      UIE   0x000f69       data     extern C:\MCC18\SRC\TRADIT~1\PROC\p18f2550.asm
                  UIEbits   0x000f69       data     extern C:\MCC18\SRC\TRADIT~1\PROC\p18f2550.asm
                      UIR   0x000f68       data     extern C:\MCC18\SRC\TRADIT~1\PROC\p18f2550.asm
                  UIRbits   0x000f68       data     extern C:\MCC18\SRC\TRADIT~1\PROC\p18f2550.asm
                    USTAT   0x000f6c       data     extern C:\MCC18\SRC\TRADIT~1\PROC\p18f2550.asm
                USTATbits   0x000f6c       data     extern C:\MCC18\SRC\TRADIT~1\PROC\p18f2550.asm
                   WDTCON   0x000fd1       data     extern C:\MCC18\SRC\TRADIT~1\PROC\p18f2550.asm
               WDTCONbits   0x000fd1       data     extern C:\MCC18\SRC\TRADIT~1\PROC\p18f2550.asm
                     WREG   0x000fe8       data     extern C:\MCC18\SRC\TRADIT~1\PROC\p18f2550.asm
                  __tmp_0   0x000014       data     static D:\PICs\ControlBoard\system\usb\usb9\usb9.c
                  __tmp_0   0x000014       data     static D:\PICs\ControlBoard\system\usb\usbctrltrf\usbctrltrf.c
                  __tmp_0   0x000014       data     static D:\PICs\ControlBoard\user\user.c
                  __tmp_0   0x000014       data     static D:\PICs\ControlBoard\timerzero.c
                  __tmp_0   0x000014       data     static D:\PICs\ControlBoard\usart_int.c
                  __tmp_0   0x000014       data     static D:\PICs\ControlBoard\system\usb\class\cdc\cdc.c
                  __tmp_1   0x00001f       data     static D:\PICs\ControlBoard\user\user.c
            baudrateUSART   0x0000d2       data     extern D:\PICs\ControlBoard\usart_int.c
           buffUSARTenvio   0x0000ae       data     extern D:\PICs\ControlBoard\usart_int.c
           buffUSARTrecep   0x0000be       data     extern D:\PICs\ControlBoard\usart_int.c
             buffUSBinput   0x000060       data     extern D:\PICs\ControlBoard\user\user.c
               byte_count   0x00008a       data     extern D:\PICs\ControlBoard\user\user.c
              cdc_data_rx   0x000508       data     extern D:\PICs\ControlBoard\system\usb\usbmmap.c
              cdc_data_tx   0x000548       data     extern D:\PICs\ControlBoard\system\usb\usbmmap.c
             cdc_mem_type   0x0000db       data     extern D:\PICs\ControlBoard\system\usb\class\cdc\cdc.c
               cdc_notice   0x000500       data     extern D:\PICs\ControlBoard\system\usb\usbmmap.c
               cdc_rx_len   0x0000d4       data     extern D:\PICs\ControlBoard\system\usb\class\cdc\cdc.c
            cdc_trf_state   0x0000d5       data     extern D:\PICs\ControlBoard\system\usb\class\cdc\cdc.c
               cdc_tx_len   0x0000da       data     extern D:\PICs\ControlBoard\system\usb\class\cdc\cdc.c
                   char_H   0x000096       data     static D:\PICs\ControlBoard\user\user.c
                   char_L   0x000097       data     static D:\PICs\ControlBoard\user\user.c
    control_signal_bitmap   0x0000e3       data     extern D:\PICs\ControlBoard\system\usb\class\cdc\cdc.c
           counUSARTenvio   0x0000ce       data     extern D:\PICs\ControlBoard\usart_int.c
           counUSARTrecep   0x0000d0       data     extern D:\PICs\ControlBoard\usart_int.c
             counUSBinput   0x000070       data     extern D:\PICs\ControlBoard\user\user.c
   ctrl_trf_session_owner   0x000101       data     extern D:\PICs\ControlBoard\system\usb\usbctrltrf\usbctrltrf.c
           ctrl_trf_state   0x000100       data     extern D:\PICs\ControlBoard\system\usb\usbctrltrf\usbctrltrf.c
                curr_byte   0x0000f2       data     static C:\mcc18\src\traditional\startup\c018i.c
               curr_entry   0x0000f4       data     static C:\mcc18\src\traditional\startup\c018i.c
                     data   0x000071       data     static D:\PICs\ControlBoard\user\user.c
                 data_ptr   0x0000f6       data     static C:\mcc18\src\traditional\startup\c018i.c
                    debug   0x000089       data     extern D:\PICs\ControlBoard\user\user.c
              delay_count   0x0000fd       data     static D:\PICs\ControlBoard\system\usb\usbdrv\usbdrv.c
dummy_encapsulated_cmd_response   0x0000e7       data     extern D:\PICs\ControlBoard\system\usb\class\cdc\cdc.c
                    ep0Bi   0x000404       data     extern D:\PICs\ControlBoard\system\usb\usbmmap.c
                    ep0Bo   0x000400       data     extern D:\PICs\ControlBoard\system\usb\usbmmap.c
                    ep1Bi   0x00040c       data     extern D:\PICs\ControlBoard\system\usb\usbmmap.c
                    ep1Bo   0x000408       data     extern D:\PICs\ControlBoard\system\usb\usbmmap.c
                    ep2Bi   0x000414       data     extern D:\PICs\ControlBoard\system\usb\usbmmap.c
                    ep2Bo   0x000410       data     extern D:\PICs\ControlBoard\system\usb\usbmmap.c
                    ep3Bi   0x00041c       data     extern D:\PICs\ControlBoard\system\usb\usbmmap.c
                    ep3Bo   0x000418       data     extern D:\PICs\ControlBoard\system\usb\usbmmap.c
                       kt   0x000109       data     static D:\PICs\ControlBoard\user\user.c
      lastcounUSART_recep   0x0000d3       data     extern D:\PICs\ControlBoard\usart_int.c
              line_coding   0x0000dc       data     extern D:\PICs\ControlBoard\system\usb\class\cdc\cdc.c
            output_buffer   0x00007b       data     extern D:\PICs\ControlBoard\user\user.c
                  pCDCDst   0x0000d8       data     extern D:\PICs\ControlBoard\system\usb\class\cdc\cdc.c
                  pCDCSrc   0x0000d6       data     extern D:\PICs\ControlBoard\system\usb\class\cdc\cdc.c
                     pDst   0x000104       data     extern D:\PICs\ControlBoard\system\usb\usbctrltrf\usbctrltrf.c
                     pSrc   0x000102       data     extern D:\PICs\ControlBoard\system\usb\usbctrltrf\usbctrltrf.c
           posiUSARTenvio   0x0000cf       data     extern D:\PICs\ControlBoard\usart_int.c
           posiUSARTrecep   0x0000d1       data     extern D:\PICs\ControlBoard\usart_int.c
                     prom   0x0000ef       data     static C:\mcc18\src\traditional\startup\c018i.c
               time_count   0x0000aa       data     static D:\PICs\ControlBoard\user\user.c
           usb_active_cfg   0x0000fb       data     extern D:\PICs\ControlBoard\system\usb\usbmmap.c
             usb_alt_intf   0x0000fc       data     extern D:\PICs\ControlBoard\system\usb\usbmmap.c
         usb_device_state   0x0000f9       data     extern D:\PICs\ControlBoard\system\usb\usbmmap.c
             usb_in_count   0x000087       data     extern D:\PICs\ControlBoard\user\user.c
            usb_out_ready   0x000088       data     extern D:\PICs\ControlBoard\user\user.c
                 usb_stat   0x0000fa       data     extern D:\PICs\ControlBoard\system\usb\usbmmap.c
                   wCount   0x000106       data     extern D:\PICs\ControlBoard\system\usb\usbctrltrf\usbctrltrf.c



                              Symbols - Sorted by Address
                     Name    Address   Location    Storage File                     
                ---------  ---------  ---------  --------- ---------                
                   _entry   0x000000    program     extern C:\mcc18\src\traditional\startup\c018i.c
       ___return_lbl00000   0x000004    program     static                          
      InterruptVectorHigh   0x000008    program     extern D:\PICs\ControlBoard\user\user.c
       ___return_lbl00073   0x00000c    program     static                          
                 UserInit   0x000038    program     extern D:\PICs\ControlBoard\user\user.c
                ProcessIO   0x0000e2    program     extern D:\PICs\ControlBoard\user\user.c
              FirstLetter   0x000232    program     extern D:\PICs\ControlBoard\user\user.c
             SecondLetter   0x00031c    program     extern D:\PICs\ControlBoard\user\user.c
              ThirdLetter   0x00036e    program     extern D:\PICs\ControlBoard\user\user.c
                  Actuate   0x0003b8    program     extern D:\PICs\ControlBoard\user\user.c
     InterruptHandlerHigh   0x000600    program     extern D:\PICs\ControlBoard\user\user.c
              EEPROM_READ   0x0006ba    program     extern D:\PICs\ControlBoard\user\user.c
             EEPROM_WRITE   0x0006da    program     extern D:\PICs\ControlBoard\user\user.c
                USARTopen   0x00070e    program     extern D:\PICs\ControlBoard\usart_int.c
  USARTwriteNbytesFromRAM   0x0007e6    program     extern D:\PICs\ControlBoard\usart_int.c
  USARTwriteNbytesFromROM   0x000868    program     extern D:\PICs\ControlBoard\usart_int.c
        USARTwriteFromRAM   0x0008f8    program     extern D:\PICs\ControlBoard\usart_int.c
        USARTwriteFromROM   0x00096a    program     extern D:\PICs\ControlBoard\usart_int.c
           USARTreadToRAM   0x0009ea    program     extern D:\PICs\ControlBoard\usart_int.c
     USARTreadNbytesToRAM   0x000a58    program     extern D:\PICs\ControlBoard\usart_int.c
       USBCheckCDCRequest   0x000aea    program     extern D:\PICs\ControlBoard\system\usb\class\cdc\cdc.c
                CDCInitEP   0x000bae    program     extern D:\PICs\ControlBoard\system\usb\class\cdc\cdc.c
             getsUSBUSART   0x000bfe    program     extern D:\PICs\ControlBoard\system\usb\class\cdc\cdc.c
             putsUSBUSART   0x000c7e    program     extern D:\PICs\ControlBoard\system\usb\class\cdc\cdc.c
            putrsUSBUSART   0x000cf8    program     extern D:\PICs\ControlBoard\system\usb\class\cdc\cdc.c
             CDCTxService   0x000d74    program     extern D:\PICs\ControlBoard\system\usb\class\cdc\cdc.c
       USBCheckStdRequest   0x000e64    program     extern D:\PICs\ControlBoard\system\usb\usb9\usb9.c
      USBStdGetDscHandler   0x000f26    program     extern D:\PICs\ControlBoard\system\usb\usb9\usb9.c
      USBStdSetCfgHandler   0x000fde    program     extern D:\PICs\ControlBoard\system\usb\usb9\usb9.c
   USBStdGetStatusHandler   0x00102e    program     extern D:\PICs\ControlBoard\system\usb\usb9\usb9.c
  USBStdFeatureReqHandler   0x0010ca    program     extern D:\PICs\ControlBoard\system\usb\usb9\usb9.c
         USBCtrlEPService   0x00116c    program     extern D:\PICs\ControlBoard\system\usb\usbctrltrf\usbctrltrf.c
   USBCtrlTrfSetupHandler   0x0011a2    program     extern D:\PICs\ControlBoard\system\usb\usbctrltrf\usbctrltrf.c
     USBCtrlTrfOutHandler   0x00120e    program     extern D:\PICs\ControlBoard\system\usb\usbctrltrf\usbctrltrf.c
      USBCtrlTrfInHandler   0x00122e    program     extern D:\PICs\ControlBoard\system\usb\usbctrltrf\usbctrltrf.c
      USBCtrlTrfTxService   0x001268    program     extern D:\PICs\ControlBoard\system\usb\usbctrltrf\usbctrltrf.c
      USBCtrlTrfRxService   0x00133c    program     extern D:\PICs\ControlBoard\system\usb\usbctrltrf\usbctrltrf.c
 USBCtrlEPServiceComplete   0x0013ae    program     extern D:\PICs\ControlBoard\system\usb\usbctrltrf\usbctrltrf.c
USBPrepareForNextSetupTrf   0x00143a    program     extern D:\PICs\ControlBoard\system\usb\usbctrltrf\usbctrltrf.c
                 FLO0832U   0x001456    program     extern C:\MCC18\SRC\TRADIT~1\MATH\cast08FP.asm
                 FLO0832S   0x00145a    program     extern C:\MCC18\SRC\TRADIT~1\MATH\cast08FP.asm
                jI2F08Beg   0x001464    program     static C:\MCC18\SRC\TRADIT~1\MATH\cast08FP.asm
                    FPM32   0x001478    program     extern C:\MCC18\SRC\TRADIT~1\MATH\mulFP.asm
                 jANotInf   0x001496    program     static C:\MCC18\SRC\TRADIT~1\MATH\mulFP.asm
              jBothFinite   0x0014a4    program     static C:\MCC18\SRC\TRADIT~1\MATH\mulFP.asm
                jHaveZero   0x0014ac    program     static C:\MCC18\SRC\TRADIT~1\MATH\mulFP.asm
             jBothNotZero   0x0014b0    program     static C:\MCC18\SRC\TRADIT~1\MATH\mulFP.asm
                 FXM1616S   0x001552    program     extern C:\MCC18\SRC\TRADIT~1\MATH\fxm1616s.asm
               TSIGN1616A   0x00159e    program     static C:\MCC18\SRC\TRADIT~1\MATH\fxm1616s.asm
                  INT3208   0x0015ac    program     extern C:\MCC18\SRC\TRADIT~1\MATH\castFP08.asm
                     jMax   0x0015bc    program     static C:\MCC18\SRC\TRADIT~1\MATH\castFP08.asm
                  jMaxPos   0x0015c0    program     static C:\MCC18\SRC\TRADIT~1\MATH\castFP08.asm
                  jMaxNeg   0x0015c6    program     static C:\MCC18\SRC\TRADIT~1\MATH\castFP08.asm
                    jZero   0x0015cc    program     static C:\MCC18\SRC\TRADIT~1\MATH\castFP08.asm
                  jNotInf   0x0015d0    program     static C:\MCC18\SRC\TRADIT~1\MATH\castFP08.asm
                    jLoop   0x0015e0    program     static C:\MCC18\SRC\TRADIT~1\MATH\castFP08.asm
                jLoopExit   0x0015ee    program     static C:\MCC18\SRC\TRADIT~1\MATH\castFP08.asm
                    jExit   0x0015f8    program     static C:\MCC18\SRC\TRADIT~1\MATH\castFP08.asm
            __FpReturnNaN   0x0015fa    program     extern C:\MCC18\SRC\TRADIT~1\MATH\packFP.asm
                 __FpExit   0x001606    program     extern C:\MCC18\SRC\TRADIT~1\MATH\packFP.asm
        __FpReturnSignInf   0x001608    program     extern C:\MCC18\SRC\TRADIT~1\MATH\packFP.asm
         __FpReturnNegInf   0x00160c    program     extern C:\MCC18\SRC\TRADIT~1\MATH\packFP.asm
         __FpReturnPosInf   0x001612    program     extern C:\MCC18\SRC\TRADIT~1\MATH\packFP.asm
           jReturnPosInf0   0x001616    program     static C:\MCC18\SRC\TRADIT~1\MATH\packFP.asm
               jZero1and2   0x00161a    program     static C:\MCC18\SRC\TRADIT~1\MATH\packFP.asm
       __FpReturnSignZero   0x001620    program     extern C:\MCC18\SRC\TRADIT~1\MATH\packFP.asm
        __FpReturnNegZero   0x001624    program     extern C:\MCC18\SRC\TRADIT~1\MATH\packFP.asm
        __FpReturnPosZero   0x00162c    program     extern C:\MCC18\SRC\TRADIT~1\MATH\packFP.asm
                 __FpPack   0x001632    program     extern C:\MCC18\SRC\TRADIT~1\MATH\packFP.asm
                  jPkLoop   0x001640    program     static C:\MCC18\SRC\TRADIT~1\MATH\packFP.asm
             jPkShiftDone   0x00165c    program     static C:\MCC18\SRC\TRADIT~1\MATH\packFP.asm
               jPkRoundIt   0x001672    program     static C:\MCC18\SRC\TRADIT~1\MATH\packFP.asm
             jPkRoundDone   0x00168a    program     static C:\MCC18\SRC\TRADIT~1\MATH\packFP.asm
              __FpReturnW   0x00168a    program     extern C:\MCC18\SRC\TRADIT~1\MATH\packFP.asm
              __FpUnPackA   0x0016aa    program     extern C:\MCC18\SRC\TRADIT~1\MATH\UnpackFP.asm
                  jUnpkA1   0x0016b4    program     static C:\MCC18\SRC\TRADIT~1\MATH\UnpackFP.asm
                 jUnpkANZ   0x0016c2    program     static C:\MCC18\SRC\TRADIT~1\MATH\UnpackFP.asm
                  jUnpkA2   0x0016cc    program     static C:\MCC18\SRC\TRADIT~1\MATH\UnpackFP.asm
                 jUnpkNaN   0x0016d6    program     static C:\MCC18\SRC\TRADIT~1\MATH\UnpackFP.asm
              __FpUnPackB   0x0016da    program     extern C:\MCC18\SRC\TRADIT~1\MATH\UnpackFP.asm
                  jUnpkB1   0x0016e4    program     static C:\MCC18\SRC\TRADIT~1\MATH\UnpackFP.asm
                 jUnpkBNZ   0x0016f2    program     static C:\MCC18\SRC\TRADIT~1\MATH\UnpackFP.asm
                  jUnpkB2   0x0016fc    program     static C:\MCC18\SRC\TRADIT~1\MATH\UnpackFP.asm
        USBCheckBusStatus   0x001706    program     extern D:\PICs\ControlBoard\system\usb\usbdrv\usbdrv.c
          USBModuleEnable   0x001728    program     extern D:\PICs\ControlBoard\system\usb\usbdrv\usbdrv.c
         USBModuleDisable   0x001736    program     extern D:\PICs\ControlBoard\system\usb\usbdrv\usbdrv.c
            USBSoftDetach   0x001740    program     extern D:\PICs\ControlBoard\system\usb\usbdrv\usbdrv.c
         USBDriverService   0x001744    program     extern D:\PICs\ControlBoard\system\usb\usbdrv\usbdrv.c
               USBSuspend   0x0017b4    program     extern D:\PICs\ControlBoard\system\usb\usbdrv\usbdrv.c
       ___return_lbl00026   0x0017c2    program     static                          
       USBWakeFromSuspend   0x0017c4    program     extern D:\PICs\ControlBoard\system\usb\usbdrv\usbdrv.c
          USBRemoteWakeup   0x0017cc    program     extern D:\PICs\ControlBoard\system\usb\usbdrv\usbdrv.c
          USB_SOF_Handler   0x0017f0    program     extern D:\PICs\ControlBoard\system\usb\usbdrv\usbdrv.c
          USBStallHandler   0x0017f4    program     extern D:\PICs\ControlBoard\system\usb\usbdrv\usbdrv.c
          USBErrorHandler   0x001802    program     extern D:\PICs\ControlBoard\system\usb\usbdrv\usbdrv.c
  USBProtocolResetHandler   0x001806    program     extern D:\PICs\ControlBoard\system\usb\usbdrv\usbdrv.c
               ClearArray   0x00184a    program     extern D:\PICs\ControlBoard\system\usb\usbdrv\usbdrv.c
        ___while_lbl00041   0x00185e    program     static                          
       ___return_lbl00040   0x00186c    program     static                          
        ___while_lbl00042   0x00186c    program     static                          
                   memcpy   0x001874    program     extern C:\MCC18\SRC\TRADIT~1\STDCLIB\memcpy.asm
                    jLoop   0x00189c    program     static C:\MCC18\SRC\TRADIT~1\STDCLIB\memcpy.asm
              _4jContinue   0x0018a8    program     static C:\MCC18\SRC\TRADIT~1\STDCLIB\memcpy.asm
                   _5jEnd   0x0018b2    program     static C:\MCC18\SRC\TRADIT~1\STDCLIB\memcpy.asm
                     jEnd   0x0018b8    program     static C:\MCC18\SRC\TRADIT~1\STDCLIB\memcpy.asm
            memcpypgm2ram   0x0018ca    program     extern C:\MCC18\SRC\TRADIT~1\STDCLIB\mcpyp2r.asm
                    jLoop   0x0018f0    program     static C:\MCC18\SRC\TRADIT~1\STDCLIB\mcpyp2r.asm
              _3jContinue   0x0018fc    program     static C:\MCC18\SRC\TRADIT~1\STDCLIB\mcpyp2r.asm
                   _4jEnd   0x001906    program     static C:\MCC18\SRC\TRADIT~1\STDCLIB\mcpyp2r.asm
                     jEnd   0x00190e    program     static C:\MCC18\SRC\TRADIT~1\STDCLIB\mcpyp2r.asm
                   memset   0x001910    program     extern C:\MCC18\SRC\TRADIT~1\STDCLIB\memset.asm
                    jLoop   0x001924    program     static C:\MCC18\SRC\TRADIT~1\STDCLIB\memset.asm
              _2jContinue   0x001930    program     static C:\MCC18\SRC\TRADIT~1\STDCLIB\memset.asm
                   _3jEnd   0x00193a    program     static C:\MCC18\SRC\TRADIT~1\STDCLIB\memset.asm
                     jEnd   0x001942    program     static C:\MCC18\SRC\TRADIT~1\STDCLIB\memset.asm
                   strcpy   0x001944    program     extern C:\MCC18\SRC\TRADIT~1\STDCLIB\strcpy.asm
                    jLoop   0x00196c    program     static C:\MCC18\SRC\TRADIT~1\STDCLIB\strcpy.asm
            strcpypgm2ram   0x001986    program     extern C:\MCC18\SRC\TRADIT~1\STDCLIB\scpyp2r.asm
                    jLoop   0x0019ac    program     static C:\MCC18\SRC\TRADIT~1\STDCLIB\scpyp2r.asm
                     jEnd   0x0019b6    program     static C:\MCC18\SRC\TRADIT~1\STDCLIB\scpyp2r.asm
                   strlen   0x0019b8    program     extern C:\MCC18\SRC\TRADIT~1\STDCLIB\strlen.asm
                    jLoop   0x0019c8    program     static C:\MCC18\SRC\TRADIT~1\STDCLIB\strlen.asm
                     jEnd   0x0019d2    program     static C:\MCC18\SRC\TRADIT~1\STDCLIB\strlen.asm
               device_dsc   0x0019d4    program     extern D:\PICs\ControlBoard\autofiles\usbdsc.c
                    cfg01   0x0019e6    program     extern D:\PICs\ControlBoard\autofiles\usbdsc.c
                    sd000   0x001a29    program     extern D:\PICs\ControlBoard\autofiles\usbdsc.c
                    sd001   0x001a2d    program     extern D:\PICs\ControlBoard\autofiles\usbdsc.c
                    sd002   0x001a61    program     extern D:\PICs\ControlBoard\autofiles\usbdsc.c
               USB_CD_Ptr   0x001a95    program     extern D:\PICs\ControlBoard\autofiles\usbdsc.c
               USB_SD_Ptr   0x001a99    program     extern D:\PICs\ControlBoard\autofiles\usbdsc.c
          ClassReqHandler   0x001a9f    program     extern D:\PICs\ControlBoard\autofiles\usbdsc.c
                _do_cinit   0x001aa2    program     extern C:\mcc18\src\traditional\startup\c018i.c
                     test   0x001abc    program     static                          
                copy_loop   0x001b14    program     static                          
            copy_one_byte   0x001b1a    program     static                          
             done_copying   0x001b28    program     static                          
       ___return_lbl00002   0x001b3e    program     static                          
                     done   0x001b3e    program     static                          
             espera_x10ms   0x001b40    program     extern D:\PICs\ControlBoard\timerzero.c
                OpenUSART   0x001bbe    program     extern C:\mcc18\src\TRADIT~1\pmc\USART\uopen.c
                     main   0x001c26    program     extern D:\PICs\ControlBoard\main.c
         InitializeSystem   0x001c32    program     static D:\PICs\ControlBoard\main.c
                 USBTasks   0x001c48    program     extern D:\PICs\ControlBoard\main.c
                baudUSART   0x001c58    program     extern C:\mcc18\src\TRADIT~1\pmc\USART\ubaud.c
                 _startup   0x001c7a    program     extern C:\mcc18\src\traditional\startup\c018i.c
                     loop   0x001c8a    program     static                          
       ___return_lbl00001   0x001c90    program     static                          
                    REMB3   0x000000       data     extern C:\MCC18\SRC\TRADIT~1\MATH\aarg.asm
                   AARGB7   0x000000       data     extern C:\MCC18\SRC\TRADIT~1\MATH\aarg.asm
                   AARGB6   0x000001       data     extern C:\MCC18\SRC\TRADIT~1\MATH\aarg.asm
                    REMB2   0x000001       data     extern C:\MCC18\SRC\TRADIT~1\MATH\aarg.asm
                   AARGB5   0x000002       data     extern C:\MCC18\SRC\TRADIT~1\MATH\aarg.asm
                    REMB1   0x000002       data     extern C:\MCC18\SRC\TRADIT~1\MATH\aarg.asm
                   AARGB4   0x000003       data     extern C:\MCC18\SRC\TRADIT~1\MATH\aarg.asm
                    REMB0   0x000003       data     extern C:\MCC18\SRC\TRADIT~1\MATH\aarg.asm
                   AARGB3   0x000004       data     extern C:\MCC18\SRC\TRADIT~1\MATH\aarg.asm
                   AARGB2   0x000005       data     extern C:\MCC18\SRC\TRADIT~1\MATH\aarg.asm
                   AARGB1   0x000006       data     extern C:\MCC18\SRC\TRADIT~1\MATH\aarg.asm
                   AARGB0   0x000007       data     extern C:\MCC18\SRC\TRADIT~1\MATH\aarg.asm
                     AEXP   0x000008       data     extern C:\MCC18\SRC\TRADIT~1\MATH\aarg.asm
                   BARGB3   0x000009       data     extern C:\MCC18\SRC\TRADIT~1\MATH\barg.asm
                   BARGB2   0x00000a       data     extern C:\MCC18\SRC\TRADIT~1\MATH\barg.asm
                   BARGB1   0x00000b       data     extern C:\MCC18\SRC\TRADIT~1\MATH\barg.asm
                   BARGB0   0x00000c       data     extern C:\MCC18\SRC\TRADIT~1\MATH\barg.asm
                     BEXP   0x00000d       data     extern C:\MCC18\SRC\TRADIT~1\MATH\barg.asm
                     SIGN   0x00000e       data     extern C:\MCC18\SRC\TRADIT~1\MATH\cmath18.asm
              FPFLAGSbits   0x00000f       data     extern C:\MCC18\SRC\TRADIT~1\MATH\cmath18.asm
                  FPFLAGS   0x00000f       data     extern C:\MCC18\SRC\TRADIT~1\MATH\cmath18.asm
                   TEMPB3   0x000010       data     extern C:\MCC18\SRC\TRADIT~1\MATH\temparg.asm
                   TEMPB2   0x000011       data     extern C:\MCC18\SRC\TRADIT~1\MATH\temparg.asm
                   TEMPB1   0x000012       data     extern C:\MCC18\SRC\TRADIT~1\MATH\temparg.asm
                   TEMPB0   0x000013       data     extern C:\MCC18\SRC\TRADIT~1\MATH\temparg.asm
                     TEMP   0x000013       data     extern C:\MCC18\SRC\TRADIT~1\MATH\temparg.asm
                  __tmp_0   0x000014       data     static D:\PICs\ControlBoard\system\usb\usbctrltrf\usbctrltrf.c
                  __tmp_0   0x000014       data     static D:\PICs\ControlBoard\system\usb\usb9\usb9.c
                  __tmp_0   0x000014       data     static D:\PICs\ControlBoard\user\user.c
                  __tmp_0   0x000014       data     static D:\PICs\ControlBoard\timerzero.c
                  __tmp_0   0x000014       data     static D:\PICs\ControlBoard\usart_int.c
                  __tmp_0   0x000014       data     static D:\PICs\ControlBoard\system\usb\class\cdc\cdc.c
                  __tmp_1   0x00001f       data     static D:\PICs\ControlBoard\user\user.c
             buffUSBinput   0x000060       data     extern D:\PICs\ControlBoard\user\user.c
             counUSBinput   0x000070       data     extern D:\PICs\ControlBoard\user\user.c
                     data   0x000071       data     static D:\PICs\ControlBoard\user\user.c
            output_buffer   0x00007b       data     extern D:\PICs\ControlBoard\user\user.c
             usb_in_count   0x000087       data     extern D:\PICs\ControlBoard\user\user.c
            usb_out_ready   0x000088       data     extern D:\PICs\ControlBoard\user\user.c
                    debug   0x000089       data     extern D:\PICs\ControlBoard\user\user.c
               byte_count   0x00008a       data     extern D:\PICs\ControlBoard\user\user.c
                     Ncar   0x00008b       data     static D:\PICs\ControlBoard\user\user.c
                    NChar   0x00008c       data     static D:\PICs\ControlBoard\user\user.c
                   N1Char   0x00008d       data     static D:\PICs\ControlBoard\user\user.c
                   N2Char   0x00008e       data     static D:\PICs\ControlBoard\user\user.c
                   N3Char   0x00008f       data     static D:\PICs\ControlBoard\user\user.c
                   MouthH   0x000090       data     static D:\PICs\ControlBoard\user\user.c
                   MouthL   0x000091       data     static D:\PICs\ControlBoard\user\user.c
                   Left_Y   0x000092       data     static D:\PICs\ControlBoard\user\user.c
                  Right_Y   0x000093       data     static D:\PICs\ControlBoard\user\user.c
                   ServoH   0x000094       data     static D:\PICs\ControlBoard\user\user.c
                   ServoL   0x000095       data     static D:\PICs\ControlBoard\user\user.c
                   char_H   0x000096       data     static D:\PICs\ControlBoard\user\user.c
                   char_L   0x000097       data     static D:\PICs\ControlBoard\user\user.c
                  SLetter   0x000098       data     static D:\PICs\ControlBoard\user\user.c
                Pwm_count   0x0000a8       data     static D:\PICs\ControlBoard\user\user.c
                Servo_PWM   0x0000a9       data     static D:\PICs\ControlBoard\user\user.c
               time_count   0x0000aa       data     static D:\PICs\ControlBoard\user\user.c
                   MaxPWM   0x0000ac       data     extern D:\PICs\ControlBoard\user\user.c
                   MinPWM   0x0000ad       data     extern D:\PICs\ControlBoard\user\user.c
           buffUSARTenvio   0x0000ae       data     extern D:\PICs\ControlBoard\usart_int.c
           buffUSARTrecep   0x0000be       data     extern D:\PICs\ControlBoard\usart_int.c
           counUSARTenvio   0x0000ce       data     extern D:\PICs\ControlBoard\usart_int.c
           posiUSARTenvio   0x0000cf       data     extern D:\PICs\ControlBoard\usart_int.c
           counUSARTrecep   0x0000d0       data     extern D:\PICs\ControlBoard\usart_int.c
           posiUSARTrecep   0x0000d1       data     extern D:\PICs\ControlBoard\usart_int.c
            baudrateUSART   0x0000d2       data     extern D:\PICs\ControlBoard\usart_int.c
      lastcounUSART_recep   0x0000d3       data     extern D:\PICs\ControlBoard\usart_int.c
               cdc_rx_len   0x0000d4       data     extern D:\PICs\ControlBoard\system\usb\class\cdc\cdc.c
            cdc_trf_state   0x0000d5       data     extern D:\PICs\ControlBoard\system\usb\class\cdc\cdc.c
                  pCDCSrc   0x0000d6       data     extern D:\PICs\ControlBoard\system\usb\class\cdc\cdc.c
                  pCDCDst   0x0000d8       data     extern D:\PICs\ControlBoard\system\usb\class\cdc\cdc.c
               cdc_tx_len   0x0000da       data     extern D:\PICs\ControlBoard\system\usb\class\cdc\cdc.c
             cdc_mem_type   0x0000db       data     extern D:\PICs\ControlBoard\system\usb\class\cdc\cdc.c
              line_coding   0x0000dc       data     extern D:\PICs\ControlBoard\system\usb\class\cdc\cdc.c
    control_signal_bitmap   0x0000e3       data     extern D:\PICs\ControlBoard\system\usb\class\cdc\cdc.c
dummy_encapsulated_cmd_response   0x0000e7       data     extern D:\PICs\ControlBoard\system\usb\class\cdc\cdc.c
                     prom   0x0000ef       data     static C:\mcc18\src\traditional\startup\c018i.c
                curr_byte   0x0000f2       data     static C:\mcc18\src\traditional\startup\c018i.c
               curr_entry   0x0000f4       data     static C:\mcc18\src\traditional\startup\c018i.c
                 data_ptr   0x0000f6       data     static C:\mcc18\src\traditional\startup\c018i.c
         usb_device_state   0x0000f9       data     extern D:\PICs\ControlBoard\system\usb\usbmmap.c
                 usb_stat   0x0000fa       data     extern D:\PICs\ControlBoard\system\usb\usbmmap.c
           usb_active_cfg   0x0000fb       data     extern D:\PICs\ControlBoard\system\usb\usbmmap.c
             usb_alt_intf   0x0000fc       data     extern D:\PICs\ControlBoard\system\usb\usbmmap.c
              delay_count   0x0000fd       data     static D:\PICs\ControlBoard\system\usb\usbdrv\usbdrv.c
                  TMR0fim   0x0000ff       data     extern D:\PICs\ControlBoard\timerzero.c
           ctrl_trf_state   0x000100       data     extern D:\PICs\ControlBoard\system\usb\usbctrltrf\usbctrltrf.c
   ctrl_trf_session_owner   0x000101       data     extern D:\PICs\ControlBoard\system\usb\usbctrltrf\usbctrltrf.c
                     pSrc   0x000102       data     extern D:\PICs\ControlBoard\system\usb\usbctrltrf\usbctrltrf.c
                     pDst   0x000104       data     extern D:\PICs\ControlBoard\system\usb\usbctrltrf\usbctrltrf.c
                   wCount   0x000106       data     extern D:\PICs\ControlBoard\system\usb\usbctrltrf\usbctrltrf.c
                    State   0x000108       data     static D:\PICs\ControlBoard\user\user.c
                       kt   0x000109       data     static D:\PICs\ControlBoard\user\user.c
                    ep0Bo   0x000400       data     extern D:\PICs\ControlBoard\system\usb\usbmmap.c
                    ep0Bi   0x000404       data     extern D:\PICs\ControlBoard\system\usb\usbmmap.c
                    ep1Bo   0x000408       data     extern D:\PICs\ControlBoard\system\usb\usbmmap.c
                    ep1Bi   0x00040c       data     extern D:\PICs\ControlBoard\system\usb\usbmmap.c
                    ep2Bo   0x000410       data     extern D:\PICs\ControlBoard\system\usb\usbmmap.c
                    ep2Bi   0x000414       data     extern D:\PICs\ControlBoard\system\usb\usbmmap.c
                    ep3Bo   0x000418       data     extern D:\PICs\ControlBoard\system\usb\usbmmap.c
                    ep3Bi   0x00041c       data     extern D:\PICs\ControlBoard\system\usb\usbmmap.c
                 SetupPkt   0x000420       data     extern D:\PICs\ControlBoard\system\usb\usbmmap.c
              CtrlTrfData   0x000428       data     extern D:\PICs\ControlBoard\system\usb\usbmmap.c
               cdc_notice   0x000500       data     extern D:\PICs\ControlBoard\system\usb\usbmmap.c
              cdc_data_rx   0x000508       data     extern D:\PICs\ControlBoard\system\usb\usbmmap.c
              cdc_data_tx   0x000548       data     extern D:\PICs\ControlBoard\system\usb\usbmmap.c
                     UFRM   0x000f66       data     extern C:\MCC18\SRC\TRADIT~1\PROC\p18f2550.asm
                    UFRML   0x000f66       data     extern C:\MCC18\SRC\TRADIT~1\PROC\p18f2550.asm
                    UFRMH   0x000f67       data     extern C:\MCC18\SRC\TRADIT~1\PROC\p18f2550.asm
                  UIRbits   0x000f68       data     extern C:\MCC18\SRC\TRADIT~1\PROC\p18f2550.asm
                      UIR   0x000f68       data     extern C:\MCC18\SRC\TRADIT~1\PROC\p18f2550.asm
                  UIEbits   0x000f69       data     extern C:\MCC18\SRC\TRADIT~1\PROC\p18f2550.asm
                      UIE   0x000f69       data     extern C:\MCC18\SRC\TRADIT~1\PROC\p18f2550.asm
                 UEIRbits   0x000f6a       data     extern C:\MCC18\SRC\TRADIT~1\PROC\p18f2550.asm
                     UEIR   0x000f6a       data     extern C:\MCC18\SRC\TRADIT~1\PROC\p18f2550.asm
                 UEIEbits   0x000f6b       data     extern C:\MCC18\SRC\TRADIT~1\PROC\p18f2550.asm
                     UEIE   0x000f6b       data     extern C:\MCC18\SRC\TRADIT~1\PROC\p18f2550.asm
                USTATbits   0x000f6c       data     extern C:\MCC18\SRC\TRADIT~1\PROC\p18f2550.asm
                    USTAT   0x000f6c       data     extern C:\MCC18\SRC\TRADIT~1\PROC\p18f2550.asm
                     UCON   0x000f6d       data     extern C:\MCC18\SRC\TRADIT~1\PROC\p18f2550.asm
                 UCONbits   0x000f6d       data     extern C:\MCC18\SRC\TRADIT~1\PROC\p18f2550.asm
                UADDRbits   0x000f6e       data     extern C:\MCC18\SRC\TRADIT~1\PROC\p18f2550.asm
                    UADDR   0x000f6e       data     extern C:\MCC18\SRC\TRADIT~1\PROC\p18f2550.asm
                 UCFGbits   0x000f6f       data     extern C:\MCC18\SRC\TRADIT~1\PROC\p18f2550.asm
                     UCFG   0x000f6f       data     extern C:\MCC18\SRC\TRADIT~1\PROC\p18f2550.asm
                     UEP0   0x000f70       data     extern C:\MCC18\SRC\TRADIT~1\PROC\p18f2550.asm
                 UEP0bits   0x000f70       data     extern C:\MCC18\SRC\TRADIT~1\PROC\p18f2550.asm
                     UEP1   0x000f71       data     extern C:\MCC18\SRC\TRADIT~1\PROC\p18f2550.asm
                 UEP1bits   0x000f71       data     extern C:\MCC18\SRC\TRADIT~1\PROC\p18f2550.asm
                     UEP2   0x000f72       data     extern C:\MCC18\SRC\TRADIT~1\PROC\p18f2550.asm
                 UEP2bits   0x000f72       data     extern C:\MCC18\SRC\TRADIT~1\PROC\p18f2550.asm
                     UEP3   0x000f73       data     extern C:\MCC18\SRC\TRADIT~1\PROC\p18f2550.asm
                 UEP3bits   0x000f73       data     extern C:\MCC18\SRC\TRADIT~1\PROC\p18f2550.asm
                     UEP4   0x000f74       data     extern C:\MCC18\SRC\TRADIT~1\PROC\p18f2550.asm
                 UEP4bits   0x000f74       data     extern C:\MCC18\SRC\TRADIT~1\PROC\p18f2550.asm
                 UEP5bits   0x000f75       data     extern C:\MCC18\SRC\TRADIT~1\PROC\p18f2550.asm
                     UEP5   0x000f75       data     extern C:\MCC18\SRC\TRADIT~1\PROC\p18f2550.asm
                 UEP6bits   0x000f76       data     extern C:\MCC18\SRC\TRADIT~1\PROC\p18f2550.asm
                     UEP6   0x000f76       data     extern C:\MCC18\SRC\TRADIT~1\PROC\p18f2550.asm
                 UEP7bits   0x000f77       data     extern C:\MCC18\SRC\TRADIT~1\PROC\p18f2550.asm
                     UEP7   0x000f77       data     extern C:\MCC18\SRC\TRADIT~1\PROC\p18f2550.asm
                 UEP8bits   0x000f78       data     extern C:\MCC18\SRC\TRADIT~1\PROC\p18f2550.asm
                     UEP8   0x000f78       data     extern C:\MCC18\SRC\TRADIT~1\PROC\p18f2550.asm
                 UEP9bits   0x000f79       data     extern C:\MCC18\SRC\TRADIT~1\PROC\p18f2550.asm
                     UEP9   0x000f79       data     extern C:\MCC18\SRC\TRADIT~1\PROC\p18f2550.asm
                UEP10bits   0x000f7a       data     extern C:\MCC18\SRC\TRADIT~1\PROC\p18f2550.asm
                    UEP10   0x000f7a       data     extern C:\MCC18\SRC\TRADIT~1\PROC\p18f2550.asm
                    UEP11   0x000f7b       data     extern C:\MCC18\SRC\TRADIT~1\PROC\p18f2550.asm
                UEP11bits   0x000f7b       data     extern C:\MCC18\SRC\TRADIT~1\PROC\p18f2550.asm
                UEP12bits   0x000f7c       data     extern C:\MCC18\SRC\TRADIT~1\PROC\p18f2550.asm
                    UEP12   0x000f7c       data     extern C:\MCC18\SRC\TRADIT~1\PROC\p18f2550.asm
                UEP13bits   0x000f7d       data     extern C:\MCC18\SRC\TRADIT~1\PROC\p18f2550.asm
                    UEP13   0x000f7d       data     extern C:\MCC18\SRC\TRADIT~1\PROC\p18f2550.asm
                UEP14bits   0x000f7e       data     extern C:\MCC18\SRC\TRADIT~1\PROC\p18f2550.asm
                    UEP14   0x000f7e       data     extern C:\MCC18\SRC\TRADIT~1\PROC\p18f2550.asm
                    UEP15   0x000f7f       data     extern C:\MCC18\SRC\TRADIT~1\PROC\p18f2550.asm
                UEP15bits   0x000f7f       data     extern C:\MCC18\SRC\TRADIT~1\PROC\p18f2550.asm
                    PORTA   0x000f80       data     extern C:\MCC18\SRC\TRADIT~1\PROC\p18f2550.asm
                PORTAbits   0x000f80       data     extern C:\MCC18\SRC\TRADIT~1\PROC\p18f2550.asm
                    PORTB   0x000f81       data     extern C:\MCC18\SRC\TRADIT~1\PROC\p18f2550.asm
                PORTBbits   0x000f81       data     extern C:\MCC18\SRC\TRADIT~1\PROC\p18f2550.asm
                PORTCbits   0x000f82       data     extern C:\MCC18\SRC\TRADIT~1\PROC\p18f2550.asm
                    PORTC   0x000f82       data     extern C:\MCC18\SRC\TRADIT~1\PROC\p18f2550.asm
                    PORTE   0x000f84       data     extern C:\MCC18\SRC\TRADIT~1\PROC\p18f2550.asm
                PORTEbits   0x000f84       data     extern C:\MCC18\SRC\TRADIT~1\PROC\p18f2550.asm
                 LATAbits   0x000f89       data     extern C:\MCC18\SRC\TRADIT~1\PROC\p18f2550.asm
                     LATA   0x000f89       data     extern C:\MCC18\SRC\TRADIT~1\PROC\p18f2550.asm
                     LATB   0x000f8a       data     extern C:\MCC18\SRC\TRADIT~1\PROC\p18f2550.asm
                 LATBbits   0x000f8a       data     extern C:\MCC18\SRC\TRADIT~1\PROC\p18f2550.asm
                 LATCbits   0x000f8b       data     extern C:\MCC18\SRC\TRADIT~1\PROC\p18f2550.asm
                     LATC   0x000f8b       data     extern C:\MCC18\SRC\TRADIT~1\PROC\p18f2550.asm
                 DDRAbits   0x000f92       data     extern C:\MCC18\SRC\TRADIT~1\PROC\p18f2550.asm
                TRISAbits   0x000f92       data     extern C:\MCC18\SRC\TRADIT~1\PROC\p18f2550.asm
                    TRISA   0x000f92       data     extern C:\MCC18\SRC\TRADIT~1\PROC\p18f2550.asm
                     DDRA   0x000f92       data     extern C:\MCC18\SRC\TRADIT~1\PROC\p18f2550.asm
                 DDRBbits   0x000f93       data     extern C:\MCC18\SRC\TRADIT~1\PROC\p18f2550.asm
                     DDRB   0x000f93       data     extern C:\MCC18\SRC\TRADIT~1\PROC\p18f2550.asm
                TRISBbits   0x000f93       data     extern C:\MCC18\SRC\TRADIT~1\PROC\p18f2550.asm
                    TRISB   0x000f93       data     extern C:\MCC18\SRC\TRADIT~1\PROC\p18f2550.asm
                TRISCbits   0x000f94       data     extern C:\MCC18\SRC\TRADIT~1\PROC\p18f2550.asm
                    TRISC   0x000f94       data     extern C:\MCC18\SRC\TRADIT~1\PROC\p18f2550.asm
                 DDRCbits   0x000f94       data     extern C:\MCC18\SRC\TRADIT~1\PROC\p18f2550.asm
                     DDRC   0x000f94       data     extern C:\MCC18\SRC\TRADIT~1\PROC\p18f2550.asm
                  OSCTUNE   0x000f9b       data     extern C:\MCC18\SRC\TRADIT~1\PROC\p18f2550.asm
              OSCTUNEbits   0x000f9b       data     extern C:\MCC18\SRC\TRADIT~1\PROC\p18f2550.asm
                     PIE1   0x000f9d       data     extern C:\MCC18\SRC\TRADIT~1\PROC\p18f2550.asm
                 PIE1bits   0x000f9d       data     extern C:\MCC18\SRC\TRADIT~1\PROC\p18f2550.asm
                 PIR1bits   0x000f9e       data     extern C:\MCC18\SRC\TRADIT~1\PROC\p18f2550.asm
                     PIR1   0x000f9e       data     extern C:\MCC18\SRC\TRADIT~1\PROC\p18f2550.asm
                 IPR1bits   0x000f9f       data     extern C:\MCC18\SRC\TRADIT~1\PROC\p18f2550.asm
                     IPR1   0x000f9f       data     extern C:\MCC18\SRC\TRADIT~1\PROC\p18f2550.asm
                 PIE2bits   0x000fa0       data     extern C:\MCC18\SRC\TRADIT~1\PROC\p18f2550.asm
                     PIE2   0x000fa0       data     extern C:\MCC18\SRC\TRADIT~1\PROC\p18f2550.asm
                 PIR2bits   0x000fa1       data     extern C:\MCC18\SRC\TRADIT~1\PROC\p18f2550.asm
                     PIR2   0x000fa1       data     extern C:\MCC18\SRC\TRADIT~1\PROC\p18f2550.asm
                 IPR2bits   0x000fa2       data     extern C:\MCC18\SRC\TRADIT~1\PROC\p18f2550.asm
                     IPR2   0x000fa2       data     extern C:\MCC18\SRC\TRADIT~1\PROC\p18f2550.asm
                   EECON1   0x000fa6       data     extern C:\MCC18\SRC\TRADIT~1\PROC\p18f2550.asm
               EECON1bits   0x000fa6       data     extern C:\MCC18\SRC\TRADIT~1\PROC\p18f2550.asm
                   EECON2   0x000fa7       data     extern C:\MCC18\SRC\TRADIT~1\PROC\p18f2550.asm
                   EEDATA   0x000fa8       data     extern C:\MCC18\SRC\TRADIT~1\PROC\p18f2550.asm
                    EEADR   0x000fa9       data     extern C:\MCC18\SRC\TRADIT~1\PROC\p18f2550.asm
                RCSTAbits   0x000fab       data     extern C:\MCC18\SRC\TRADIT~1\PROC\p18f2550.asm
                    RCSTA   0x000fab       data     extern C:\MCC18\SRC\TRADIT~1\PROC\p18f2550.asm
                TXSTAbits   0x000fac       data     extern C:\MCC18\SRC\TRADIT~1\PROC\p18f2550.asm
                    TXSTA   0x000fac       data     extern C:\MCC18\SRC\TRADIT~1\PROC\p18f2550.asm
                    TXREG   0x000fad       data     extern C:\MCC18\SRC\TRADIT~1\PROC\p18f2550.asm
                    RCREG   0x000fae       data     extern C:\MCC18\SRC\TRADIT~1\PROC\p18f2550.asm
                    SPBRG   0x000faf       data     extern C:\MCC18\SRC\TRADIT~1\PROC\p18f2550.asm
                   SPBRGH   0x000fb0       data     extern C:\MCC18\SRC\TRADIT~1\PROC\p18f2550.asm
                    T3CON   0x000fb1       data     extern C:\MCC18\SRC\TRADIT~1\PROC\p18f2550.asm
                T3CONbits   0x000fb1       data     extern C:\MCC18\SRC\TRADIT~1\PROC\p18f2550.asm
                    TMR3L   0x000fb2       data     extern C:\MCC18\SRC\TRADIT~1\PROC\p18f2550.asm
                    TMR3H   0x000fb3       data     extern C:\MCC18\SRC\TRADIT~1\PROC\p18f2550.asm
                    CMCON   0x000fb4       data     extern C:\MCC18\SRC\TRADIT~1\PROC\p18f2550.asm
                CMCONbits   0x000fb4       data     extern C:\MCC18\SRC\TRADIT~1\PROC\p18f2550.asm
                   CVRCON   0x000fb5       data     extern C:\MCC18\SRC\TRADIT~1\PROC\p18f2550.asm
               CVRCONbits   0x000fb5       data     extern C:\MCC18\SRC\TRADIT~1\PROC\p18f2550.asm
               CCP1ASbits   0x000fb6       data     extern C:\MCC18\SRC\TRADIT~1\PROC\p18f2550.asm
                   CCP1AS   0x000fb6       data     extern C:\MCC18\SRC\TRADIT~1\PROC\p18f2550.asm
              CCP1DELbits   0x000fb7       data     extern C:\MCC18\SRC\TRADIT~1\PROC\p18f2550.asm
                  CCP1DEL   0x000fb7       data     extern C:\MCC18\SRC\TRADIT~1\PROC\p18f2550.asm
                  BAUDCON   0x000fb8       data     extern C:\MCC18\SRC\TRADIT~1\PROC\p18f2550.asm
              BAUDCONbits   0x000fb8       data     extern C:\MCC18\SRC\TRADIT~1\PROC\p18f2550.asm
              CCP2CONbits   0x000fba       data     extern C:\MCC18\SRC\TRADIT~1\PROC\p18f2550.asm
                  CCP2CON   0x000fba       data     extern C:\MCC18\SRC\TRADIT~1\PROC\p18f2550.asm
                   CCPR2L   0x000fbb       data     extern C:\MCC18\SRC\TRADIT~1\PROC\p18f2550.asm
                    CCPR2   0x000fbb       data     extern C:\MCC18\SRC\TRADIT~1\PROC\p18f2550.asm
                   CCPR2H   0x000fbc       data     extern C:\MCC18\SRC\TRADIT~1\PROC\p18f2550.asm
                  CCP1CON   0x000fbd       data     extern C:\MCC18\SRC\TRADIT~1\PROC\p18f2550.asm
              CCP1CONbits   0x000fbd       data     extern C:\MCC18\SRC\TRADIT~1\PROC\p18f2550.asm
                   CCPR1L   0x000fbe       data     extern C:\MCC18\SRC\TRADIT~1\PROC\p18f2550.asm
                    CCPR1   0x000fbe       data     extern C:\MCC18\SRC\TRADIT~1\PROC\p18f2550.asm
                   CCPR1H   0x000fbf       data     extern C:\MCC18\SRC\TRADIT~1\PROC\p18f2550.asm
                   ADCON2   0x000fc0       data     extern C:\MCC18\SRC\TRADIT~1\PROC\p18f2550.asm
               ADCON2bits   0x000fc0       data     extern C:\MCC18\SRC\TRADIT~1\PROC\p18f2550.asm
               ADCON1bits   0x000fc1       data     extern C:\MCC18\SRC\TRADIT~1\PROC\p18f2550.asm
                   ADCON1   0x000fc1       data     extern C:\MCC18\SRC\TRADIT~1\PROC\p18f2550.asm
               ADCON0bits   0x000fc2       data     extern C:\MCC18\SRC\TRADIT~1\PROC\p18f2550.asm
                   ADCON0   0x000fc2       data     extern C:\MCC18\SRC\TRADIT~1\PROC\p18f2550.asm
                    ADRES   0x000fc3       data     extern C:\MCC18\SRC\TRADIT~1\PROC\p18f2550.asm
                   ADRESL   0x000fc3       data     extern C:\MCC18\SRC\TRADIT~1\PROC\p18f2550.asm
                   ADRESH   0x000fc4       data     extern C:\MCC18\SRC\TRADIT~1\PROC\p18f2550.asm
              SSPCON2bits   0x000fc5       data     extern C:\MCC18\SRC\TRADIT~1\PROC\p18f2550.asm
                  SSPCON2   0x000fc5       data     extern C:\MCC18\SRC\TRADIT~1\PROC\p18f2550.asm
                  SSPCON1   0x000fc6       data     extern C:\MCC18\SRC\TRADIT~1\PROC\p18f2550.asm
              SSPCON1bits   0x000fc6       data     extern C:\MCC18\SRC\TRADIT~1\PROC\p18f2550.asm
              SSPSTATbits   0x000fc7       data     extern C:\MCC18\SRC\TRADIT~1\PROC\p18f2550.asm
                  SSPSTAT   0x000fc7       data     extern C:\MCC18\SRC\TRADIT~1\PROC\p18f2550.asm
                   SSPADD   0x000fc8       data     extern C:\MCC18\SRC\TRADIT~1\PROC\p18f2550.asm
                   SSPBUF   0x000fc9       data     extern C:\MCC18\SRC\TRADIT~1\PROC\p18f2550.asm
                T2CONbits   0x000fca       data     extern C:\MCC18\SRC\TRADIT~1\PROC\p18f2550.asm
                    T2CON   0x000fca       data     extern C:\MCC18\SRC\TRADIT~1\PROC\p18f2550.asm
                      PR2   0x000fcb       data     extern C:\MCC18\SRC\TRADIT~1\PROC\p18f2550.asm
                     TMR2   0x000fcc       data     extern C:\MCC18\SRC\TRADIT~1\PROC\p18f2550.asm
                T1CONbits   0x000fcd       data     extern C:\MCC18\SRC\TRADIT~1\PROC\p18f2550.asm
                    T1CON   0x000fcd       data     extern C:\MCC18\SRC\TRADIT~1\PROC\p18f2550.asm
                    TMR1L   0x000fce       data     extern C:\MCC18\SRC\TRADIT~1\PROC\p18f2550.asm
                    TMR1H   0x000fcf       data     extern C:\MCC18\SRC\TRADIT~1\PROC\p18f2550.asm
                     RCON   0x000fd0       data     extern C:\MCC18\SRC\TRADIT~1\PROC\p18f2550.asm
                 RCONbits   0x000fd0       data     extern C:\MCC18\SRC\TRADIT~1\PROC\p18f2550.asm
                   WDTCON   0x000fd1       data     extern C:\MCC18\SRC\TRADIT~1\PROC\p18f2550.asm
               WDTCONbits   0x000fd1       data     extern C:\MCC18\SRC\TRADIT~1\PROC\p18f2550.asm
              HLVDCONbits   0x000fd2       data     extern C:\MCC18\SRC\TRADIT~1\PROC\p18f2550.asm
                  HLVDCON   0x000fd2       data     extern C:\MCC18\SRC\TRADIT~1\PROC\p18f2550.asm
                   LVDCON   0x000fd2       data     extern C:\MCC18\SRC\TRADIT~1\PROC\p18f2550.asm
               LVDCONbits   0x000fd2       data     extern C:\MCC18\SRC\TRADIT~1\PROC\p18f2550.asm
               OSCCONbits   0x000fd3       data     extern C:\MCC18\SRC\TRADIT~1\PROC\p18f2550.asm
                   OSCCON   0x000fd3       data     extern C:\MCC18\SRC\TRADIT~1\PROC\p18f2550.asm
                    T0CON   0x000fd5       data     extern C:\MCC18\SRC\TRADIT~1\PROC\p18f2550.asm
                T0CONbits   0x000fd5       data     extern C:\MCC18\SRC\TRADIT~1\PROC\p18f2550.asm
                    TMR0L   0x000fd6       data     extern C:\MCC18\SRC\TRADIT~1\PROC\p18f2550.asm
                    TMR0H   0x000fd7       data     extern C:\MCC18\SRC\TRADIT~1\PROC\p18f2550.asm
                   STATUS   0x000fd8       data     extern C:\MCC18\SRC\TRADIT~1\PROC\p18f2550.asm
               STATUSbits   0x000fd8       data     extern C:\MCC18\SRC\TRADIT~1\PROC\p18f2550.asm
                    FSR2L   0x000fd9       data     extern C:\MCC18\SRC\TRADIT~1\PROC\p18f2550.asm
                     FSR2   0x000fd9       data     extern C:\MCC18\SRC\TRADIT~1\PROC\p18f2550.asm
                    FSR2H   0x000fda       data     extern C:\MCC18\SRC\TRADIT~1\PROC\p18f2550.asm
                   PLUSW2   0x000fdb       data     extern C:\MCC18\SRC\TRADIT~1\PROC\p18f2550.asm
                  PREINC2   0x000fdc       data     extern C:\MCC18\SRC\TRADIT~1\PROC\p18f2550.asm
                 POSTDEC2   0x000fdd       data     extern C:\MCC18\SRC\TRADIT~1\PROC\p18f2550.asm
                 POSTINC2   0x000fde       data     extern C:\MCC18\SRC\TRADIT~1\PROC\p18f2550.asm
                    INDF2   0x000fdf       data     extern C:\MCC18\SRC\TRADIT~1\PROC\p18f2550.asm
                      BSR   0x000fe0       data     extern C:\MCC18\SRC\TRADIT~1\PROC\p18f2550.asm
                     FSR1   0x000fe1       data     extern C:\MCC18\SRC\TRADIT~1\PROC\p18f2550.asm
                    FSR1L   0x000fe1       data     extern C:\MCC18\SRC\TRADIT~1\PROC\p18f2550.asm
                    FSR1H   0x000fe2       data     extern C:\MCC18\SRC\TRADIT~1\PROC\p18f2550.asm
                   PLUSW1   0x000fe3       data     extern C:\MCC18\SRC\TRADIT~1\PROC\p18f2550.asm
                  PREINC1   0x000fe4       data     extern C:\MCC18\SRC\TRADIT~1\PROC\p18f2550.asm
                 POSTDEC1   0x000fe5       data     extern C:\MCC18\SRC\TRADIT~1\PROC\p18f2550.asm
                 POSTINC1   0x000fe6       data     extern C:\MCC18\SRC\TRADIT~1\PROC\p18f2550.asm
                    INDF1   0x000fe7       data     extern C:\MCC18\SRC\TRADIT~1\PROC\p18f2550.asm
                     WREG   0x000fe8       data     extern C:\MCC18\SRC\TRADIT~1\PROC\p18f2550.asm
                     FSR0   0x000fe9       data     extern C:\MCC18\SRC\TRADIT~1\PROC\p18f2550.asm
                    FSR0L   0x000fe9       data     extern C:\MCC18\SRC\TRADIT~1\PROC\p18f2550.asm
                    FSR0H   0x000fea       data     extern C:\MCC18\SRC\TRADIT~1\PROC\p18f2550.asm
                   PLUSW0   0x000feb       data     extern C:\MCC18\SRC\TRADIT~1\PROC\p18f2550.asm
                  PREINC0   0x000fec       data     extern C:\MCC18\SRC\TRADIT~1\PROC\p18f2550.asm
                 POSTDEC0   0x000fed       data     extern C:\MCC18\SRC\TRADIT~1\PROC\p18f2550.asm
                 POSTINC0   0x000fee       data     extern C:\MCC18\SRC\TRADIT~1\PROC\p18f2550.asm
                    INDF0   0x000fef       data     extern C:\MCC18\SRC\TRADIT~1\PROC\p18f2550.asm
              INTCON3bits   0x000ff0       data     extern C:\MCC18\SRC\TRADIT~1\PROC\p18f2550.asm
                  INTCON3   0x000ff0       data     extern C:\MCC18\SRC\TRADIT~1\PROC\p18f2550.asm
                  INTCON2   0x000ff1       data     extern C:\MCC18\SRC\TRADIT~1\PROC\p18f2550.asm
              INTCON2bits   0x000ff1       data     extern C:\MCC18\SRC\TRADIT~1\PROC\p18f2550.asm
               INTCONbits   0x000ff2       data     extern C:\MCC18\SRC\TRADIT~1\PROC\p18f2550.asm
                   INTCON   0x000ff2       data     extern C:\MCC18\SRC\TRADIT~1\PROC\p18f2550.asm
                     PROD   0x000ff3       data     extern C:\MCC18\SRC\TRADIT~1\PROC\p18f2550.asm
                    PRODL   0x000ff3       data     extern C:\MCC18\SRC\TRADIT~1\PROC\p18f2550.asm
                    PRODH   0x000ff4       data     extern C:\MCC18\SRC\TRADIT~1\PROC\p18f2550.asm
                   TABLAT   0x000ff5       data     extern C:\MCC18\SRC\TRADIT~1\PROC\p18f2550.asm
                   TBLPTR   0x000ff6       data     extern C:\MCC18\SRC\TRADIT~1\PROC\p18f2550.asm
                  TBLPTRL   0x000ff6       data     extern C:\MCC18\SRC\TRADIT~1\PROC\p18f2550.asm
                  TBLPTRH   0x000ff7       data     extern C:\MCC18\SRC\TRADIT~1\PROC\p18f2550.asm
                  TBLPTRU   0x000ff8       data     extern C:\MCC18\SRC\TRADIT~1\PROC\p18f2550.asm
                       PC   0x000ff9       data     extern C:\MCC18\SRC\TRADIT~1\PROC\p18f2550.asm
                      PCL   0x000ff9       data     extern C:\MCC18\SRC\TRADIT~1\PROC\p18f2550.asm
                   PCLATH   0x000ffa       data     extern C:\MCC18\SRC\TRADIT~1\PROC\p18f2550.asm
                   PCLATU   0x000ffb       data     extern C:\MCC18\SRC\TRADIT~1\PROC\p18f2550.asm
               STKPTRbits   0x000ffc       data     extern C:\MCC18\SRC\TRADIT~1\PROC\p18f2550.asm
                   STKPTR   0x000ffc       data     extern C:\MCC18\SRC\TRADIT~1\PROC\p18f2550.asm
                      TOS   0x000ffd       data     extern C:\MCC18\SRC\TRADIT~1\PROC\p18f2550.asm
                     TOSL   0x000ffd       data     extern C:\MCC18\SRC\TRADIT~1\PROC\p18f2550.asm
                     TOSH   0x000ffe       data     extern C:\MCC18\SRC\TRADIT~1\PROC\p18f2550.asm
                     TOSU   0x000fff       data     extern C:\MCC18\SRC\TRADIT~1\PROC\p18f2550.asm


